<html>
<body>
<pre>
<h1>礦ision Build Log</h1>
<h2>Tool Versions:</h2>
IDE-Version: μVision V5.24.2.0
Copyright (C) 2017 ARM Ltd and ARM Germany GmbH. All rights reserved.
License Information: A Admin, A, LIC=CZLZX-H61ZS-VEVHA-10NPW-ANN02-Q3ALA
 
Tool Versions:
Toolchain:       MDK-ARM Plus  Version: 5.24.1
Toolchain Path:  C:\Keil_v5\ARM\ARMCC\Bin
C Compiler:      Armcc.exe V5.06 update 5 (build 528)
Assembler:       Armasm.exe V5.06 update 5 (build 528)
Linker/Locator:  ArmLink.exe V5.06 update 5 (build 528)
Library Manager: ArmAr.exe V5.06 update 5 (build 528)
Hex Converter:   FromElf.exe V5.06 update 5 (build 528)
CPU DLL:         SARMCM3.DLL V5.24.1
Dialog DLL:      DARMCM1.DLL V1.18.0.0
Target DLL:      CMSIS_AGDI.dll V1.28.3.0
Dialog DLL:      TARMCM1.DLL V1.13.0.0
 
<h2>Project:</h2>
C:\Users\wangy\Desktop\TXM_PRB480\TMX-PRB480-main\TMX-PRB480-main\PRB480_PY32F002B\MDK_ARM\PY32F002B.uvprojx
Project File Date:  07/16/2026

<h2>Output:</h2>
*** Using Compiler 'V5.06 update 5 (build 528)', folder: 'C:\Keil_v5\ARM\ARMCC\Bin'
Build target 'Target 1'
compiling main.c...
compiling PRB480.c...
..\User_Drivers\PRB480\PRB480.c(1676): warning:  #550-D: variable "slotStart"  was set but never used
      u32 slotStart;
..\User_Drivers\PRB480\PRB480.c(3399): warning:  #111-D: statement is unreachable
      if (PRB480_VerifyPostCopyScratchpad(rom, addr, &postEs))
..\User_Drivers\PRB480\PRB480.c(3408): warning:  #1-D: last line of file ends without a newline
  }
..\User_Drivers\PRB480\PRB480.c(49): warning:  #550-D: variable "PRB480_ReadSampleDelayUs"  was set but never used
  static u8 PRB480_ReadSampleDelayUs = 4;                                              /* 图 12：进入 tREAD0 窗口后采样 */
..\User_Drivers\PRB480\PRB480.c(2550): warning:  #177-D: function "PRB480_Step5_SendCodeReset"  was declared but never referenced
  static void PRB480_Step5_SendCodeReset(u8 needDummy)
..\User_Drivers\PRB480\PRB480.c(2565): warning:  #177-D: function "PRB480_Step5_WriteScratchpad"  was declared but never referenced
  static u8 PRB480_Step5_WriteScratchpad(u8 *rom, u16 addr, u8 *dat, u16 *crc)
..\User_Drivers\PRB480\PRB480.c(98): warning:  #177-D: function "PRB480_DelayTlow"  was declared but never referenced
  static void PRB480_DelayTlow(void)
..\User_Drivers\PRB480\PRB480.c(1564): warning:  #177-D: function "PRB480_WaitFromStart"  was declared but never referenced
  static void PRB480_WaitFromStart(u32 startVal, u32 delayUs)
..\User_Drivers\PRB480\PRB480.c: 8 warnings, 0 errors
linking...
Program Size: Code=19004 RO-data=736 RW-data=44 ZI-data=1356  
FromELF: creating hex file...
".\Objects\PY32F002B.axf" - 0 Error(s), 8 Warning(s).

<h2>Software Packages used:</h2>

Package Vendor: Puya
                https://www.puyasemi.com/Puya.PY32F0xx_DFP.1.1.9.pack
                Puya.PY32F0xx_DFP.1.1.9
                Puya PY32F0 Series Device Support

<h2>Collection of Component include folders:</h2>
  .\RTE\_Target_1
  C:\Keil_v5\ARM\PACK\Puya\PY32F0xx_DFP\1.1.9\Device\Include

<h2>Collection of Component Files used:</h2>
Build Time Elapsed:  00:00:02
</pre>
</body>
</html>
