Component: ARM Compiler 5.06 update 5 (build 528) Tool: armlink [4d35e2]

==============================================================================

Section Cross References

    startup_py32f002bxx.o(RESET) refers to startup_py32f002bxx.o(STACK) for __initial_sp
    startup_py32f002bxx.o(RESET) refers to startup_py32f002bxx.o(.text) for Reset_Handler
    startup_py32f002bxx.o(RESET) refers to py32f002b_it.o(i.NMI_Handler) for NMI_Handler
    startup_py32f002bxx.o(RESET) refers to py32f002b_it.o(i.HardFault_Handler) for HardFault_Handler
    startup_py32f002bxx.o(RESET) refers to py32f002b_it.o(i.SVC_Handler) for SVC_Handler
    startup_py32f002bxx.o(RESET) refers to py32f002b_it.o(i.PendSV_Handler) for PendSV_Handler
    startup_py32f002bxx.o(RESET) refers to py32f002b_it.o(i.SysTick_Handler) for SysTick_Handler
    startup_py32f002bxx.o(RESET) refers to user_usart1.o(i.USART1_IRQHandler) for USART1_IRQHandler
    startup_py32f002bxx.o(.text) refers to system_py32f002b.o(i.SystemInit) for SystemInit
    startup_py32f002bxx.o(.text) refers to entry.o(.ARM.Collect$$$$00000000) for __main
    system_py32f002b.o(i.SystemCoreClockUpdate) refers to uidiv.o(.text) for __aeabi_uidivmod
    system_py32f002b.o(i.SystemCoreClockUpdate) refers to system_py32f002b.o(.data) for SystemCoreClock
    system_py32f002b.o(i.SystemCoreClockUpdate) refers to system_py32f002b.o(.constdata) for HSIFreqTable
    system_py32f002b.o(i.SystemInit) refers to system_py32f002b.o(i.DelayTime) for DelayTime
    py32f002b_hal.o(i.HAL_DeInit) refers to py32f002b_hal.o(i.HAL_MspDeInit) for HAL_MspDeInit
    py32f002b_hal.o(i.HAL_Delay) refers to py32f002b_hal.o(i.HAL_GetTick) for HAL_GetTick
    py32f002b_hal.o(i.HAL_Delay) refers to py32f002b_hal.o(.data) for uwTickFreq
    py32f002b_hal.o(i.HAL_GetTick) refers to py32f002b_hal.o(.data) for uwTick
    py32f002b_hal.o(i.HAL_GetTickFreq) refers to py32f002b_hal.o(.data) for uwTickFreq
    py32f002b_hal.o(i.HAL_GetTickPrio) refers to py32f002b_hal.o(.data) for uwTickPrio
    py32f002b_hal.o(i.HAL_IncTick) refers to py32f002b_hal.o(.data) for uwTick
    py32f002b_hal.o(i.HAL_Init) refers to py32f002b_hal.o(i.HAL_InitTick) for HAL_InitTick
    py32f002b_hal.o(i.HAL_Init) refers to py32f002b_hal.o(i.HAL_MspInit) for HAL_MspInit
    py32f002b_hal.o(i.HAL_InitTick) refers to uidiv.o(.text) for __aeabi_uidivmod
    py32f002b_hal.o(i.HAL_InitTick) refers to py32f002b_hal_cortex.o(i.HAL_SYSTICK_Config) for HAL_SYSTICK_Config
    py32f002b_hal.o(i.HAL_InitTick) refers to py32f002b_hal_cortex.o(i.HAL_NVIC_SetPriority) for HAL_NVIC_SetPriority
    py32f002b_hal.o(i.HAL_InitTick) refers to py32f002b_hal.o(.data) for uwTickFreq
    py32f002b_hal.o(i.HAL_InitTick) refers to system_py32f002b.o(.data) for SystemCoreClock
    py32f002b_hal.o(i.HAL_SetTickFreq) refers to py32f002b_hal.o(i.HAL_InitTick) for HAL_InitTick
    py32f002b_hal.o(i.HAL_SetTickFreq) refers to py32f002b_hal.o(.data) for uwTickFreq
    py32f002b_hal_adc.o(i.ADC_ConversionStop) refers to py32f002b_hal.o(i.HAL_GetTick) for HAL_GetTick
    py32f002b_hal_adc.o(i.ADC_Disable) refers to py32f002b_hal.o(i.HAL_GetTick) for HAL_GetTick
    py32f002b_hal_adc.o(i.ADC_Enable) refers to uidiv.o(.text) for __aeabi_uidivmod
    py32f002b_hal_adc.o(i.ADC_Enable) refers to system_py32f002b.o(.data) for SystemCoreClock
    py32f002b_hal_adc.o(i.HAL_ADC_Calibration_SetAndStart) refers to py32f002b_hal.o(i.HAL_GetTick) for HAL_GetTick
    py32f002b_hal_adc.o(i.HAL_ADC_Calibration_Start) refers to py32f002b_hal.o(i.HAL_GetTick) for HAL_GetTick
    py32f002b_hal_adc.o(i.HAL_ADC_ConfigChannel) refers to uidiv.o(.text) for __aeabi_uidivmod
    py32f002b_hal_adc.o(i.HAL_ADC_ConfigChannel) refers to system_py32f002b.o(.data) for SystemCoreClock
    py32f002b_hal_adc.o(i.HAL_ADC_DeInit) refers to py32f002b_hal_adc.o(i.ADC_ConversionStop) for ADC_ConversionStop
    py32f002b_hal_adc.o(i.HAL_ADC_DeInit) refers to py32f002b_hal_adc.o(i.ADC_Disable) for ADC_Disable
    py32f002b_hal_adc.o(i.HAL_ADC_DeInit) refers to py32f002b_hal_adc.o(i.HAL_ADC_MspDeInit) for HAL_ADC_MspDeInit
    py32f002b_hal_adc.o(i.HAL_ADC_IRQHandler) refers to py32f002b_hal_adc.o(i.HAL_ADC_ConvCpltCallback) for HAL_ADC_ConvCpltCallback
    py32f002b_hal_adc.o(i.HAL_ADC_IRQHandler) refers to py32f002b_hal_adc.o(i.HAL_ADC_LevelOutOfWindowCallback) for HAL_ADC_LevelOutOfWindowCallback
    py32f002b_hal_adc.o(i.HAL_ADC_IRQHandler) refers to py32f002b_hal_adc.o(i.HAL_ADC_ErrorCallback) for HAL_ADC_ErrorCallback
    py32f002b_hal_adc.o(i.HAL_ADC_Init) refers to py32f002b_hal_adc.o(i.HAL_ADC_MspInit) for HAL_ADC_MspInit
    py32f002b_hal_adc.o(i.HAL_ADC_PollForConversion) refers to py32f002b_hal.o(i.HAL_GetTick) for HAL_GetTick
    py32f002b_hal_adc.o(i.HAL_ADC_PollForEvent) refers to py32f002b_hal.o(i.HAL_GetTick) for HAL_GetTick
    py32f002b_hal_adc.o(i.HAL_ADC_Start) refers to py32f002b_hal_adc.o(i.ADC_Enable) for ADC_Enable
[...]
    printfa.o(i._sputc) refers (Special) to iusefp.o(.text) for __I$use$fp
    dmul.o(.text) refers (Special) to iusefp.o(.text) for __I$use$fp
    dmul.o(.text) refers to depilogue.o(.text) for _double_epilogue
    ddiv.o(.text) refers (Special) to iusefp.o(.text) for __I$use$fp
    ddiv.o(.text) refers to depilogue.o(.text) for _double_round
    dfltui.o(.text) refers (Special) to iusefp.o(.text) for __I$use$fp
    dfltui.o(.text) refers to depilogue.o(.text) for _double_epilogue
    entry2.o(.ARM.Collect$$$$00000001) refers to entry2.o(.ARM.Collect$$$$00002712) for __lit__00000000
    entry2.o(.ARM.Collect$$$$00002712) refers to startup_py32f002bxx.o(STACK) for __initial_sp
    entry2.o(__vectab_stack_and_reset_area) refers to startup_py32f002bxx.o(STACK) for __initial_sp
    entry2.o(__vectab_stack_and_reset_area) refers to entry.o(.ARM.Collect$$$$00000000) for __main
    entry5.o(.ARM.Collect$$$$00000004) refers to init.o(.text) for __scatterload
    entry9a.o(.ARM.Collect$$$$0000000B) refers to main.o(i.main) for main
    entry9b.o(.ARM.Collect$$$$0000000C) refers to main.o(i.main) for main
    uldiv.o(.text) refers to llushr.o(.text) for __aeabi_llsr
    uldiv.o(.text) refers to llshl.o(.text) for __aeabi_llsl
    depilogue.o(.text) refers to depilogue.o(i.__ARM_clz) for __ARM_clz
    depilogue.o(.text) refers to llshl.o(.text) for __aeabi_llsl
    depilogue.o(.text) refers to llushr.o(.text) for __aeabi_llsr
    dadd.o(.text) refers to llshl.o(.text) for __aeabi_llsl
    dadd.o(.text) refers to llsshr.o(.text) for __aeabi_lasr
    dadd.o(.text) refers to depilogue.o(.text) for _double_epilogue
    dfixul.o(.text) refers to llushr.o(.text) for __aeabi_llsr
    dfixul.o(.text) refers to llshl.o(.text) for __aeabi_llsl
    init.o(.text) refers to entry5.o(.ARM.Collect$$$$00000004) for __main_after_scatterload


==============================================================================

Removing Unused input sections from the image.

    Removing startup_py32f002bxx.o(HEAP), (0 bytes).
    Removing system_py32f002b.o(.rev16_text), (4 bytes).
    Removing system_py32f002b.o(.revsh_text), (4 bytes).
    Removing system_py32f002b.o(i.SystemCoreClockUpdate), (156 bytes).
    Removing py32f002b_hal.o(.rev16_text), (4 bytes).
    Removing py32f002b_hal.o(.revsh_text), (4 bytes).
    Removing py32f002b_hal.o(i.HAL_DBGMCU_DisableDBGMCUStopMode), (20 bytes).
    Removing py32f002b_hal.o(i.HAL_DBGMCU_EnableDBGMCUStopMode), (20 bytes).
    Removing py32f002b_hal.o(i.HAL_DeInit), (52 bytes).
    Removing py32f002b_hal.o(i.HAL_GetDEVID), (16 bytes).
    Removing py32f002b_hal.o(i.HAL_GetHalVersion), (6 bytes).
    Removing py32f002b_hal.o(i.HAL_GetREVID), (12 bytes).
    Removing py32f002b_hal.o(i.HAL_GetTickFreq), (12 bytes).
    Removing py32f002b_hal.o(i.HAL_GetTickPrio), (12 bytes).
    Removing py32f002b_hal.o(i.HAL_GetUIDw0), (12 bytes).
    Removing py32f002b_hal.o(i.HAL_GetUIDw1), (12 bytes).
    Removing py32f002b_hal.o(i.HAL_GetUIDw2), (12 bytes).
    Removing py32f002b_hal.o(i.HAL_MspDeInit), (2 bytes).
    Removing py32f002b_hal.o(i.HAL_ResumeTick), (20 bytes).
    Removing py32f002b_hal.o(i.HAL_SYSCFG_DisableGPIONoiseFilter), (72 bytes).
    Removing py32f002b_hal.o(i.HAL_SYSCFG_DisableI2CFastModePlus), (16 bytes).
    Removing py32f002b_hal.o(i.HAL_SYSCFG_EnableGPIONoiseFilter), (72 bytes).
    Removing py32f002b_hal.o(i.HAL_SYSCFG_EnableI2CFastModePlus), (16 bytes).
    Removing py32f002b_hal.o(i.HAL_SYSCFG_GetRemapMemory), (16 bytes).
    Removing py32f002b_hal.o(i.HAL_SYSCFG_GetTIM1CH1Source), (16 bytes).
    Removing py32f002b_hal.o(i.HAL_SYSCFG_SetRemapMemory), (20 bytes).
    Removing py32f002b_hal.o(i.HAL_SYSCFG_SetTIM1CH1Source), (20 bytes).
    Removing py32f002b_hal.o(i.HAL_SYSCFG_TIM1ETRSource), (24 bytes).
    Removing py32f002b_hal.o(i.HAL_SetTickFreq), (44 bytes).
    Removing py32f002b_hal.o(i.HAL_SuspendTick), (20 bytes).
    Removing py32f002b_hal_adc.o(.rev16_text), (4 bytes).
    Removing py32f002b_hal_adc.o(.revsh_text), (4 bytes).
    Removing py32f002b_hal_adc.o(i.ADC_ConversionStop), (108 bytes).
    Removing py32f002b_hal_adc.o(i.ADC_Disable), (140 bytes).
    Removing py32f002b_hal_adc.o(i.ADC_Enable), (124 bytes).
    Removing py32f002b_hal_adc.o(i.HAL_ADC_AnalogWDGConfig), (212 bytes).
    Removing py32f002b_hal_adc.o(i.HAL_ADC_Calibration_GetStatus), (132 bytes).
    Removing py32f002b_hal_adc.o(i.HAL_ADC_Calibration_SetAndStart), (196 bytes).
    Removing py32f002b_hal_adc.o(i.HAL_ADC_ConfigVrefBuf), (80 bytes).
    Removing py32f002b_hal_adc.o(i.HAL_ADC_ConvCpltCallback), (2 bytes).
    Removing py32f002b_hal_adc.o(i.HAL_ADC_ConvHalfCpltCallback), (2 bytes).
    Removing py32f002b_hal_adc.o(i.HAL_ADC_DeInit), (196 bytes).
    Removing py32f002b_hal_adc.o(i.HAL_ADC_ErrorCallback), (2 bytes).
    Removing py32f002b_hal_adc.o(i.HAL_ADC_GetError), (6 bytes).
    Removing py32f002b_hal_adc.o(i.HAL_ADC_GetState), (6 bytes).
    Removing py32f002b_hal_adc.o(i.HAL_ADC_GetValue), (8 bytes).
    Removing py32f002b_hal_adc.o(i.HAL_ADC_IRQHandler), (266 bytes).
    Removing py32f002b_hal_adc.o(i.HAL_ADC_LevelOutOfWindowCallback), (2 bytes).
    Removing py32f002b_hal_adc.o(i.HAL_ADC_MspDeInit), (2 bytes).
    Removing py32f002b_hal_adc.o(i.HAL_ADC_PollForConversion), (194 bytes).
    Removing py32f002b_hal_adc.o(i.HAL_ADC_PollForEvent), (138 bytes).
    Removing py32f002b_hal_adc.o(i.HAL_ADC_Start), (112 bytes).
    Removing py32f002b_hal_adc.o(i.HAL_ADC_Start_IT), (160 bytes).
    Removing py32f002b_hal_adc.o(i.HAL_ADC_Stop), (80 bytes).
    Removing py32f002b_hal_adc.o(i.HAL_ADC_Stop_IT), (92 bytes).
    Removing py32f002b_hal_comp.o(.rev16_text), (4 bytes).
    Removing py32f002b_hal_comp.o(.revsh_text), (4 bytes).
    Removing py32f002b_hal_cortex.o(.rev16_text), (4 bytes).
    Removing py32f002b_hal_cortex.o(.revsh_text), (4 bytes).
    Removing py32f002b_hal_cortex.o(i.HAL_NVIC_ClearPendingIRQ), (24 bytes).
    Removing py32f002b_hal_cortex.o(i.HAL_NVIC_DisableIRQ), (24 bytes).
    Removing py32f002b_hal_cortex.o(i.HAL_NVIC_GetPendingIRQ), (40 bytes).
    Removing py32f002b_hal_cortex.o(i.HAL_NVIC_GetPriority), (72 bytes).
    Removing py32f002b_hal_cortex.o(i.HAL_NVIC_SetPendingIRQ), (24 bytes).
    Removing py32f002b_hal_cortex.o(i.HAL_NVIC_SystemReset), (56 bytes).
    Removing py32f002b_hal_cortex.o(i.HAL_SYSTICK_CLKSourceConfig), (36 bytes).
    Removing py32f002b_hal_cortex.o(i.HAL_SYSTICK_Callback), (2 bytes).
    Removing py32f002b_hal_cortex.o(i.HAL_SYSTICK_IRQHandler), (8 bytes).
    Removing py32f002b_hal_crc.o(.rev16_text), (4 bytes).
    Removing py32f002b_hal_crc.o(.revsh_text), (4 bytes).
    Removing py32f002b_hal_crc.o(i.HAL_CRC_Accumulate), (40 bytes).
    Removing py32f002b_hal_crc.o(i.HAL_CRC_Calculate), (52 bytes).
    Removing py32f002b_hal_crc.o(i.HAL_CRC_DeInit), (68 bytes).
    Removing py32f002b_hal_crc.o(i.HAL_CRC_GetState), (6 bytes).
    Removing py32f002b_hal_crc.o(i.HAL_CRC_Init), (34 bytes).
    Removing py32f002b_hal_crc.o(i.HAL_CRC_MspDeInit), (2 bytes).
    Removing py32f002b_hal_crc.o(i.HAL_CRC_MspInit), (2 bytes).
    Removing py32f002b_hal_exti.o(.rev16_text), (4 bytes).
    Removing py32f002b_hal_exti.o(.revsh_text), (4 bytes).
    Removing py32f002b_hal_exti.o(i.HAL_EXTI_ClearConfigLine), (128 bytes).
    Removing py32f002b_hal_exti.o(i.HAL_EXTI_ClearPending), (24 bytes).
    Removing py32f002b_hal_exti.o(i.HAL_EXTI_GenerateSWI), (24 bytes).
    Removing py32f002b_hal_exti.o(i.HAL_EXTI_GetConfigLine), (184 bytes).
    Removing py32f002b_hal_exti.o(i.HAL_EXTI_GetHandle), (16 bytes).
    Removing py32f002b_hal_exti.o(i.HAL_EXTI_GetPending), (36 bytes).
    Removing py32f002b_hal_exti.o(i.HAL_EXTI_IRQHandler), (48 bytes).
    Removing py32f002b_hal_exti.o(i.HAL_EXTI_RegisterCallback), (22 bytes).
    Removing py32f002b_hal_exti.o(i.HAL_EXTI_SetConfigLine), (252 bytes).
    Removing py32f002b_hal_gpio.o(.rev16_text), (4 bytes).
    Removing py32f002b_hal_gpio.o(.revsh_text), (4 bytes).
    Removing py32f002b_hal_gpio.o(i.HAL_GPIO_DeInit), (244 bytes).
    Removing py32f002b_hal_gpio.o(i.HAL_GPIO_EXTI_Callback), (2 bytes).
    Removing py32f002b_hal_gpio.o(i.HAL_GPIO_EXTI_IRQHandler), (32 bytes).
    Removing py32f002b_hal_gpio.o(i.HAL_GPIO_LockPin), (50 bytes).
    Removing py32f002b_hal_gpio.o(i.HAL_GPIO_ReadPin), (18 bytes).
    Removing py32f002b_hal_gpio.o(i.HAL_GPIO_TogglePin), (16 bytes).
    Removing py32f002b_hal_gpio.o(i.HAL_GPIO_WritePin), (12 bytes).
    Removing py32f002b_hal_i2c.o(.rev16_text), (4 bytes).
    Removing py32f002b_hal_i2c.o(.revsh_text), (4 bytes).
    Removing py32f002b_hal_iwdg.o(.rev16_text), (4 bytes).
    Removing py32f002b_hal_iwdg.o(.revsh_text), (4 bytes).
    Removing py32f002b_hal_iwdg.o(i.HAL_IWDG_Init), (88 bytes).
    Removing py32f002b_hal_iwdg.o(i.HAL_IWDG_Refresh), (16 bytes).
    Removing py32f002b_hal_lptim.o(.rev16_text), (4 bytes).
    Removing py32f002b_hal_lptim.o(.revsh_text), (4 bytes).
    Removing py32f002b_hal_pwr.o(.rev16_text), (4 bytes).
    Removing py32f002b_hal_pwr.o(.revsh_text), (4 bytes).
    Removing py32f002b_hal_pwr.o(i.HAL_PWR_ConfigBIAS), (60 bytes).
    Removing py32f002b_hal_pwr.o(i.HAL_PWR_ConfigStopMode), (40 bytes).
    Removing py32f002b_hal_pwr.o(i.HAL_PWR_DeInit), (32 bytes).
    Removing py32f002b_hal_pwr.o(i.HAL_PWR_DisableSEVOnPend), (20 bytes).
    Removing py32f002b_hal_pwr.o(i.HAL_PWR_DisableSleepOnExit), (20 bytes).
    Removing py32f002b_hal_pwr.o(i.HAL_PWR_EnableSEVOnPend), (20 bytes).
    Removing py32f002b_hal_pwr.o(i.HAL_PWR_EnableSleepOnExit), (20 bytes).
    Removing py32f002b_hal_pwr.o(i.HAL_PWR_EnterSLEEPMode), (32 bytes).
    Removing py32f002b_hal_pwr.o(i.HAL_PWR_EnterSTOPMode), (64 bytes).
    Removing py32f002b_hal_rcc.o(.rev16_text), (4 bytes).
    Removing py32f002b_hal_rcc.o(.revsh_text), (4 bytes).
    Removing py32f002b_hal_rcc.o(i.HAL_RCC_CSSCallback), (2 bytes).
    Removing py32f002b_hal_rcc.o(i.HAL_RCC_ClockConfig), (444 bytes).
    Removing py32f002b_hal_rcc.o(i.HAL_RCC_DeInit), (168 bytes).
    Removing py32f002b_hal_rcc.o(i.HAL_RCC_DisableLSECSS), (20 bytes).
    Removing py32f002b_hal_rcc.o(i.HAL_RCC_EnableLSECSS), (20 bytes).
    Removing py32f002b_hal_rcc.o(i.HAL_RCC_GetClockConfig), (60 bytes).
    Removing py32f002b_hal_rcc.o(i.HAL_RCC_GetOscConfig), (172 bytes).
    Removing py32f002b_hal_rcc.o(i.HAL_RCC_GetSysClockFreq), (200 bytes).
    Removing py32f002b_hal_rcc.o(i.HAL_RCC_LSECSSCallback), (2 bytes).
    Removing py32f002b_hal_rcc.o(i.HAL_RCC_MCOConfig), (160 bytes).
    Removing py32f002b_hal_rcc.o(i.HAL_RCC_NMI_IRQHandler), (32 bytes).
    Removing py32f002b_hal_rcc.o(i.HAL_RCC_OscConfig), (956 bytes).
    Removing py32f002b_hal_rcc.o(.constdata), (32 bytes).
    Removing py32f002b_hal_spi.o(.rev16_text), (4 bytes).
    Removing py32f002b_hal_spi.o(.revsh_text), (4 bytes).
    Removing py32f002b_hal_spi.o(i.HAL_SPI_Abort), (236 bytes).
    Removing py32f002b_hal_spi.o(i.HAL_SPI_AbortCpltCallback), (2 bytes).
    Removing py32f002b_hal_spi.o(i.HAL_SPI_Abort_IT), (248 bytes).
    Removing py32f002b_hal_spi.o(i.HAL_SPI_DeInit), (58 bytes).
    Removing py32f002b_hal_spi.o(i.HAL_SPI_ErrorCallback), (2 bytes).
    Removing py32f002b_hal_spi.o(i.HAL_SPI_GetError), (6 bytes).
    Removing py32f002b_hal_spi.o(i.HAL_SPI_GetState), (8 bytes).
    Removing py32f002b_hal_spi.o(i.HAL_SPI_IRQHandler), (266 bytes).
    Removing py32f002b_hal_spi.o(i.HAL_SPI_Init), (164 bytes).
    Removing py32f002b_hal_spi.o(i.HAL_SPI_MspDeInit), (2 bytes).
    Removing py32f002b_hal_spi.o(i.HAL_SPI_MspInit), (2 bytes).
    Removing py32f002b_hal_spi.o(i.HAL_SPI_Receive), (396 bytes).
    Removing py32f002b_hal_spi.o(i.HAL_SPI_Receive_IT), (232 bytes).
    Removing py32f002b_hal_spi.o(i.HAL_SPI_RxCpltCallback), (2 bytes).
    Removing py32f002b_hal_spi.o(i.HAL_SPI_RxHalfCpltCallback), (2 bytes).
    Removing py32f002b_hal_spi.o(i.HAL_SPI_Transmit), (452 bytes).
    Removing py32f002b_hal_spi.o(i.HAL_SPI_TransmitReceive), (554 bytes).
    Removing py32f002b_hal_spi.o(i.HAL_SPI_TransmitReceive_IT), (208 bytes).
    Removing py32f002b_hal_spi.o(i.HAL_SPI_Transmit_IT), (192 bytes).
    Removing py32f002b_hal_spi.o(i.HAL_SPI_TxCpltCallback), (2 bytes).
    Removing py32f002b_hal_spi.o(i.HAL_SPI_TxHalfCpltCallback), (2 bytes).
    Removing py32f002b_hal_spi.o(i.HAL_SPI_TxRxCpltCallback), (2 bytes).
    Removing py32f002b_hal_spi.o(i.HAL_SPI_TxRxHalfCpltCallback), (2 bytes).
    Removing py32f002b_hal_spi.o(i.SPI_2linesRxISR_16BIT), (56 bytes).
    Removing py32f002b_hal_spi.o(i.SPI_2linesRxISR_8BIT), (56 bytes).
    Removing py32f002b_hal_spi.o(i.SPI_2linesTxISR_16BIT), (56 bytes).
    Removing py32f002b_hal_spi.o(i.SPI_2linesTxISR_8BIT), (56 bytes).
    Removing py32f002b_hal_spi.o(i.SPI_AbortRx_ISR), (164 bytes).
    Removing py32f002b_hal_spi.o(i.SPI_AbortTx_ISR), (276 bytes).
    Removing py32f002b_hal_spi.o(i.SPI_CloseRxTx_ISR), (100 bytes).
    Removing py32f002b_hal_spi.o(i.SPI_CloseRx_ISR), (72 bytes).
    Removing py32f002b_hal_spi.o(i.SPI_CloseTx_ISR), (98 bytes).
    Removing py32f002b_hal_spi.o(i.SPI_EndRxTransaction), (142 bytes).
    Removing py32f002b_hal_spi.o(i.SPI_EndRxTxTransaction), (106 bytes).
    Removing py32f002b_hal_spi.o(i.SPI_RxISR_16BIT), (38 bytes).
    Removing py32f002b_hal_spi.o(i.SPI_RxISR_8BIT), (38 bytes).
    Removing py32f002b_hal_spi.o(i.SPI_TxISR_16BIT), (38 bytes).
    Removing py32f002b_hal_spi.o(i.SPI_TxISR_8BIT), (38 bytes).
    Removing py32f002b_hal_spi.o(i.SPI_WaitFifoStateUntilTimeout), (212 bytes).
    Removing py32f002b_hal_spi.o(i.SPI_WaitFlagStateUntilTimeout), (180 bytes).
    Removing py32f002b_hal_tim.o(.rev16_text), (4 bytes).
    Removing py32f002b_hal_tim.o(.revsh_text), (4 bytes).
    Removing py32f002b_hal_tim_ex.o(.rev16_text), (4 bytes).
    Removing py32f002b_hal_tim_ex.o(.revsh_text), (4 bytes).
    Removing py32f002b_hal_uart.o(.rev16_text), (4 bytes).
    Removing py32f002b_hal_uart.o(.revsh_text), (4 bytes).
    Removing py32f002b_hal_uart.o(i.HAL_HalfDuplex_EnableReceiver), (72 bytes).
    Removing py32f002b_hal_uart.o(i.HAL_HalfDuplex_EnableTransmitter), (72 bytes).
    Removing py32f002b_hal_uart.o(i.HAL_HalfDuplex_Init), (116 bytes).
    Removing py32f002b_hal_uart.o(i.HAL_MultiProcessor_EnterMuteMode), (62 bytes).
    Removing py32f002b_hal_uart.o(i.HAL_MultiProcessor_ExitMuteMode), (62 bytes).
    Removing py32f002b_hal_uart.o(i.HAL_MultiProcessor_Init), (166 bytes).
    Removing py32f002b_hal_uart.o(i.HAL_UART_Abort), (50 bytes).
    Removing py32f002b_hal_uart.o(i.HAL_UART_AbortCpltCallback), (2 bytes).
    Removing py32f002b_hal_uart.o(i.HAL_UART_AbortReceive), (42 bytes).
    Removing py32f002b_hal_uart.o(i.HAL_UART_AbortReceiveCpltCallback), (2 bytes).
    Removing py32f002b_hal_uart.o(i.HAL_UART_AbortReceive_IT), (50 bytes).
    Removing py32f002b_hal_uart.o(i.HAL_UART_AbortTransmit), (28 bytes).
    Removing py32f002b_hal_uart.o(i.HAL_UART_AbortTransmitCpltCallback), (2 bytes).
    Removing py32f002b_hal_uart.o(i.HAL_UART_AbortTransmit_IT), (36 bytes).
    Removing py32f002b_hal_uart.o(i.HAL_UART_Abort_IT), (62 bytes).
    Removing py32f002b_hal_uart.o(i.HAL_UART_DeInit), (64 bytes).
    Removing py32f002b_hal_uart.o(i.HAL_UART_ErrorCallback), (2 bytes).
    Removing py32f002b_hal_uart.o(i.HAL_UART_GetError), (6 bytes).
    Removing py32f002b_hal_uart.o(i.HAL_UART_GetState), (20 bytes).
    Removing py32f002b_hal_uart.o(i.HAL_UART_IRQHandler), (338 bytes).
    Removing py32f002b_hal_uart.o(i.HAL_UART_IdleFrameDetectCpltCallback), (2 bytes).
    Removing py32f002b_hal_uart.o(i.HAL_UART_MspDeInit), (2 bytes).
    Removing py32f002b_hal_uart.o(i.HAL_UART_MspInit), (2 bytes).
    Removing py32f002b_hal_uart.o(i.HAL_UART_Receive), (228 bytes).
    Removing py32f002b_hal_uart.o(i.HAL_UART_Receive_IT), (118 bytes).
    Removing py32f002b_hal_uart.o(i.HAL_UART_RxCpltCallback), (2 bytes).
    Removing py32f002b_hal_uart.o(i.HAL_UART_RxHalfCpltCallback), (2 bytes).
    Removing py32f002b_hal_uart.o(i.HAL_UART_Transmit), (254 bytes).
    Removing py32f002b_hal_uart.o(i.HAL_UART_Transmit_IT), (92 bytes).
    Removing py32f002b_hal_uart.o(i.HAL_UART_TxCpltCallback), (2 bytes).
    Removing py32f002b_hal_uart.o(i.HAL_UART_TxHalfCpltCallback), (2 bytes).
    Removing py32f002b_hal_uart.o(i.UART_EndRxTransfer), (34 bytes).
    Removing py32f002b_hal_uart.o(i.UART_EndTransmit_IT), (32 bytes).
    Removing py32f002b_hal_uart.o(i.UART_Receive_IT), (136 bytes).
    Removing py32f002b_hal_uart.o(i.UART_Transmit_IT), (106 bytes).
    Removing py32f002b_hal_uart.o(i.UART_WaitOnFlagUntilTimeout), (112 bytes).
    Removing py32f002b_hal_usart.o(.rev16_text), (4 bytes).
    Removing py32f002b_hal_usart.o(.revsh_text), (4 bytes).
    Removing py32f002b_hal_flash.o(.rev16_text), (4 bytes).
    Removing py32f002b_hal_flash.o(.revsh_text), (4 bytes).
    Removing py32f002b_hal_flash.o(i.FLASH_MassErase), (40 bytes).
    Removing py32f002b_hal_flash.o(i.FLASH_OB_OptrConfig), (36 bytes).
    Removing py32f002b_hal_flash.o(i.FLASH_PageErase), (32 bytes).
    Removing py32f002b_hal_flash.o(i.FLASH_Program_Page), (84 bytes).
    Removing py32f002b_hal_flash.o(i.FLASH_SectorErase), (24 bytes).
    Removing py32f002b_hal_flash.o(i.FLASH_WaitForLastOperation), (60 bytes).
    Removing py32f002b_hal_flash.o(i.HAL_FLASH_EndOfOperationCallback), (2 bytes).
    Removing py32f002b_hal_flash.o(i.HAL_FLASH_Erase), (600 bytes).
    Removing py32f002b_hal_flash.o(i.HAL_FLASH_Erase_IT), (488 bytes).
    Removing py32f002b_hal_flash.o(i.HAL_FLASH_GetError), (12 bytes).
    Removing py32f002b_hal_flash.o(i.HAL_FLASH_IRQHandler), (288 bytes).
    Removing py32f002b_hal_flash.o(i.HAL_FLASH_Lock), (36 bytes).
    Removing py32f002b_hal_flash.o(i.HAL_FLASH_OBBOOTGetConfig), (28 bytes).
    Removing py32f002b_hal_flash.o(i.HAL_FLASH_OBBOOTProgram), (456 bytes).
    Removing py32f002b_hal_flash.o(i.HAL_FLASH_OBGetConfig), (64 bytes).
    Removing py32f002b_hal_flash.o(i.HAL_FLASH_OBProgram), (492 bytes).
    Removing py32f002b_hal_flash.o(i.HAL_FLASH_OB_Launch), (24 bytes).
    Removing py32f002b_hal_flash.o(i.HAL_FLASH_OB_Lock), (36 bytes).
    Removing py32f002b_hal_flash.o(i.HAL_FLASH_OB_Unlock), (52 bytes).
    Removing py32f002b_hal_flash.o(i.HAL_FLASH_OperationErrorCallback), (2 bytes).
    Removing py32f002b_hal_flash.o(i.HAL_FLASH_PageProgram), (18 bytes).
    Removing py32f002b_hal_flash.o(i.HAL_FLASH_PageProgram_IT), (18 bytes).
    Removing py32f002b_hal_flash.o(i.HAL_FLASH_Program), (456 bytes).
    Removing py32f002b_hal_flash.o(i.HAL_FLASH_Program_IT), (436 bytes).
    Removing py32f002b_hal_flash.o(i.HAL_FLASH_Unlock), (52 bytes).
    Removing py32f002b_hal_flash.o(.bss), (24 bytes).
    Removing py32f002b_hal_flash.o(.constdata), (32 bytes).
    Removing py32f002b_hal_rcc_ex.o(.rev16_text), (4 bytes).
    Removing py32f002b_hal_rcc_ex.o(.revsh_text), (4 bytes).
    Removing py32f002b_hal_rcc_ex.o(i.HAL_RCCEx_DisableLSCO), (20 bytes).
    Removing py32f002b_hal_rcc_ex.o(i.HAL_RCCEx_EnableLSCO), (28 bytes).
    Removing py32f002b_hal_rcc_ex.o(i.HAL_RCCEx_GetPeriphCLKConfig), (48 bytes).
    Removing py32f002b_hal_rcc_ex.o(i.HAL_RCCEx_GetPeriphCLKFreq), (516 bytes).
    Removing py32f002b_hal_rcc_ex.o(i.HAL_RCCEx_PeriphCLKConfig), (188 bytes).
    Removing main.o(.rev16_text), (4 bytes).
    Removing main.o(.revsh_text), (4 bytes).
    Removing py32f002b_it.o(.rev16_text), (4 bytes).
    Removing py32f002b_it.o(.revsh_text), (4 bytes).
    Removing user_led.o(.rev16_text), (4 bytes).
    Removing user_led.o(.revsh_text), (4 bytes).
    Removing user_led.o(i.User_LED_Init), (64 bytes).
    Removing user_usart1.o(.rev16_text), (4 bytes).
    Removing user_usart1.o(.revsh_text), (4 bytes).
    Removing user_usart1.o(i.User_USART1_Test), (88 bytes).
    Removing user_system_clock_config.o(.rev16_text), (4 bytes).
    Removing user_system_clock_config.o(.revsh_text), (4 bytes).
    Removing adc.o(.rev16_text), (4 bytes).
    Removing adc.o(.revsh_text), (4 bytes).
    Removing adc.o(i.ADC_EN), (140 bytes).
    Removing adc.o(i.ADC_Init), (124 bytes).
    Removing adc.o(.data), (4 bytes).
    Removing prb480.o(.rev16_text), (4 bytes).
    Removing prb480.o(.revsh_text), (4 bytes).
    Removing prb480.o(i.PRB480_CalcSHA1), (38 bytes).
    Removing prb480.o(i.PRB480_CheckDataPageAddress), (26 bytes).
    Removing prb480.o(i.PRB480_ComputeNextSecret), (104 bytes).
    Removing prb480.o(i.PRB480_CopyScratchpad), (476 bytes).
    Removing prb480.o(i.PRB480_DebugAdcLevels), (88 bytes).
    Removing prb480.o(i.PRB480_DebugQ2Q3PulseTest), (764 bytes).
    Removing prb480.o(i.PRB480_DebugReadSlotLoop), (84 bytes).
    Removing prb480.o(i.PRB480_DelayTlow), (24 bytes).
    Removing prb480.o(i.PRB480_Delay_Read), (24 bytes).
    Removing prb480.o(i.PRB480_GetLastReadAdc), (12 bytes).
    Removing prb480.o(i.PRB480_IO_OUT), (8 bytes).
    Removing prb480.o(i.PRB480_LoadPartialSecretScratchpad), (56 bytes).
    Removing prb480.o(i.PRB480_PowerPMOS_On), (20 bytes).
    Removing prb480.o(i.PRB480_ReadAdcValue), (20 bytes).
    Removing prb480.o(i.PRB480_ReadAuthenticatedPage), (154 bytes).
    Removing prb480.o(i.PRB480_SendCodeReset), (28 bytes).
    Removing prb480.o(i.PRB480_SetPinRoles), (44 bytes).
    Removing prb480.o(i.PRB480_SetReadSampleDelay), (12 bytes).
    Removing prb480.o(i.PRB480_Step5_SendCodeReset), (28 bytes).
    Removing prb480.o(i.PRB480_Step5_WriteScratchpad), (236 bytes).
    Removing prb480.o(i.PRB480_VerifyScratchpadFilledAA), (68 bytes).
    Removing prb480.o(i.PRB480_WaitFromStart), (80 bytes).
    Removing prb480.o(i.PRB480_WaitReady), (38 bytes).
    Removing prb480.o(i.PRB480_WriteAuthorizedBlock), (104 bytes).
    Removing prb480.o(.constdata), (14 bytes).
    Removing crc16.o(.rev16_text), (4 bytes).
    Removing crc16.o(.revsh_text), (4 bytes).
    Removing sha1.o(i.SHA1), (52 bytes).
    Removing sha1.o(i.SHA1Final), (168 bytes).
    Removing sha1.o(i.SHA1Init), (44 bytes).
    Removing sha1.o(i.SHA1Transform), (6268 bytes).
    Removing sha1.o(i.SHA1Update), (120 bytes).
    Removing sha1.o(i.SHA1_change), (116 bytes).
    Removing sha1.o(i.SHA1init), (28 bytes).
    Removing sha1.o(.bss), (220 bytes).
    Removing sha1.o(.data), (1 bytes).
    Removing dfltui.o(.text), (28 bytes).

309 unused section(s) (total 29315 bytes) removed from the image.

==============================================================================

Image Symbol Table

    Local Symbols

    Symbol Name                              Value     Ov Type        Size  Object(Section)

    ../clib/microlib/division.c              0x00000000   Number         0  uidiv.o ABSOLUTE
    ../clib/microlib/division.c              0x00000000   Number         0  uldiv.o ABSOLUTE
    ../clib/microlib/init/entry.s            0x00000000   Number         0  entry5.o ABSOLUTE
    ../clib/microlib/init/entry.s            0x00000000   Number         0  entry9a.o ABSOLUTE
    ../clib/microlib/init/entry.s            0x00000000   Number         0  entry8b.o ABSOLUTE
    ../clib/microlib/init/entry.s            0x00000000   Number         0  entry.o ABSOLUTE
    ../clib/microlib/init/entry.s            0x00000000   Number         0  entry8a.o ABSOLUTE
    ../clib/microlib/init/entry.s            0x00000000   Number         0  entry9b.o ABSOLUTE
    ../clib/microlib/init/entry.s            0x00000000   Number         0  entry7b.o ABSOLUTE
    ../clib/microlib/init/entry.s            0x00000000   Number         0  entry7a.o ABSOLUTE
    ../clib/microlib/init/entry.s            0x00000000   Number         0  entry10b.o ABSOLUTE
    ../clib/microlib/init/entry.s            0x00000000   Number         0  entry10a.o ABSOLUTE
    ../clib/microlib/init/entry.s            0x00000000   Number         0  entry2.o ABSOLUTE
    ../clib/microlib/init/entry.s            0x00000000   Number         0  entry11a.o ABSOLUTE
    ../clib/microlib/init/entry.s            0x00000000   Number         0  entry11b.o ABSOLUTE
    ../clib/microlib/longlong.c              0x00000000   Number         0  llshl.o ABSOLUTE
    ../clib/microlib/longlong.c              0x00000000   Number         0  llushr.o ABSOLUTE
    ../clib/microlib/longlong.c              0x00000000   Number         0  llsshr.o ABSOLUTE
    ../clib/microlib/printf/printf.c         0x00000000   Number         0  printf6.o ABSOLUTE
    ../clib/microlib/printf/printf.c         0x00000000   Number         0  printfb.o ABSOLUTE
    ../clib/microlib/printf/printf.c         0x00000000   Number         0  printf7.o ABSOLUTE
    ../clib/microlib/printf/printf.c         0x00000000   Number         0  printf8.o ABSOLUTE
    ../clib/microlib/printf/printf.c         0x00000000   Number         0  printfa.o ABSOLUTE
    ../clib/microlib/printf/printf.c         0x00000000   Number         0  printf5.o ABSOLUTE
    ../clib/microlib/printf/printf.c         0x00000000   Number         0  printf4.o ABSOLUTE
    ../clib/microlib/printf/printf.c         0x00000000   Number         0  printf3.o ABSOLUTE
    ../clib/microlib/printf/printf.c         0x00000000   Number         0  printf2.o ABSOLUTE
    ../clib/microlib/printf/printf.c         0x00000000   Number         0  printf1.o ABSOLUTE
    ../clib/microlib/printf/printf.c         0x00000000   Number         0  printf0.o ABSOLUTE
    ../clib/microlib/printf/stubs.s          0x00000000   Number         0  stubs.o ABSOLUTE
    ../clib/microlib/stdio/streams.c         0x00000000   Number         0  stdout.o ABSOLUTE
    ../clib/microlib/string/memcmp.c         0x00000000   Number         0  memcmp.o ABSOLUTE
    ../clib/microlib/string/memcpy.c         0x00000000   Number         0  memcpyb.o ABSOLUTE
    ../clib/microlib/string/memcpy.c         0x00000000   Number         0  memcpya.o ABSOLUTE
    ../clib/microlib/string/memset.c         0x00000000   Number         0  memseta.o ABSOLUTE
    ../clib/microlib/string/strlen.c         0x00000000   Number         0  strlen.o ABSOLUTE
    ../clib/microlib/stubs.s                 0x00000000   Number         0  iusefp.o ABSOLUTE
    ../fplib/microlib/fpadd.c                0x00000000   Number         0  dadd.o ABSOLUTE
    ../fplib/microlib/fpdiv.c                0x00000000   Number         0  ddiv.o ABSOLUTE
    ../fplib/microlib/fpepilogue.c           0x00000000   Number         0  depilogue.o ABSOLUTE
    ../fplib/microlib/fpfix.c                0x00000000   Number         0  dfixul.o ABSOLUTE
    ../fplib/microlib/fpflt.c                0x00000000   Number         0  dfltui.o ABSOLUTE
    ../fplib/microlib/fpmul.c                0x00000000   Number         0  dmul.o ABSOLUTE
    ..\Drivers\CMSIS\Device\PY32F0xx\Source\arm\startup_py32f002bxx.s 0x00000000   Number         0  startup_py32f002bxx.o ABSOLUTE
    ..\Drivers\CMSIS\Device\PY32F0xx\Source\system_py32f002b.c 0x00000000   Number         0  system_py32f002b.o ABSOLUTE
    ..\Drivers\PY32F002B_HAL_Driver\Src\py32f002b_hal.c 0x00000000   Number         0  py32f002b_hal.o ABSOLUTE
    ..\Drivers\PY32F002B_HAL_Driver\Src\py32f002b_hal_adc.c 0x00000000   Number         0  py32f002b_hal_adc.o ABSOLUTE
    ..\Drivers\PY32F002B_HAL_Driver\Src\py32f002b_hal_comp.c 0x00000000   Number         0  py32f002b_hal_comp.o ABSOLUTE
    ..\Drivers\PY32F002B_HAL_Driver\Src\py32f002b_hal_cortex.c 0x00000000   Number         0  py32f002b_hal_cortex.o ABSOLUTE
    ..\Drivers\PY32F002B_HAL_Driver\Src\py32f002b_hal_crc.c 0x00000000   Number         0  py32f002b_hal_crc.o ABSOLUTE
    ..\Drivers\PY32F002B_HAL_Driver\Src\py32f002b_hal_exti.c 0x00000000   Number         0  py32f002b_hal_exti.o ABSOLUTE
    ..\Drivers\PY32F002B_HAL_Driver\Src\py32f002b_hal_flash.c 0x00000000   Number         0  py32f002b_hal_flash.o ABSOLUTE
    ..\Drivers\PY32F002B_HAL_Driver\Src\py32f002b_hal_gpio.c 0x00000000   Number         0  py32f002b_hal_gpio.o ABSOLUTE
    ..\Drivers\PY32F002B_HAL_Driver\Src\py32f002b_hal_i2c.c 0x00000000   Number         0  py32f002b_hal_i2c.o ABSOLUTE
    ..\Drivers\PY32F002B_HAL_Driver\Src\py32f002b_hal_iwdg.c 0x00000000   Number         0  py32f002b_hal_iwdg.o ABSOLUTE
    ..\Drivers\PY32F002B_HAL_Driver\Src\py32f002b_hal_lptim.c 0x00000000   Number         0  py32f002b_hal_lptim.o ABSOLUTE
    ..\Drivers\PY32F002B_HAL_Driver\Src\py32f002b_hal_pwr.c 0x00000000   Number         0  py32f002b_hal_pwr.o ABSOLUTE
    ..\Drivers\PY32F002B_HAL_Driver\Src\py32f002b_hal_rcc.c 0x00000000   Number         0  py32f002b_hal_rcc.o ABSOLUTE
    ..\Drivers\PY32F002B_HAL_Driver\Src\py32f002b_hal_rcc_ex.c 0x00000000   Number         0  py32f002b_hal_rcc_ex.o ABSOLUTE
    ..\Drivers\PY32F002B_HAL_Driver\Src\py32f002b_hal_spi.c 0x00000000   Number         0  py32f002b_hal_spi.o ABSOLUTE
    ..\Drivers\PY32F002B_HAL_Driver\Src\py32f002b_hal_tim.c 0x00000000   Number         0  py32f002b_hal_tim.o ABSOLUTE
    ..\Drivers\PY32F002B_HAL_Driver\Src\py32f002b_hal_tim_ex.c 0x00000000   Number         0  py32f002b_hal_tim_ex.o ABSOLUTE
    ..\Drivers\PY32F002B_HAL_Driver\Src\py32f002b_hal_uart.c 0x00000000   Number         0  py32f002b_hal_uart.o ABSOLUTE
    ..\Drivers\PY32F002B_HAL_Driver\Src\py32f002b_hal_usart.c 0x00000000   Number         0  py32f002b_hal_usart.o ABSOLUTE
    ..\User\Src\main.c                       0x00000000   Number         0  main.o ABSOLUTE
    ..\User\Src\py32f002b_it.c               0x00000000   Number         0  py32f002b_it.o ABSOLUTE
    ..\User_Drivers\ADC\ADC.c                0x00000000   Number         0  adc.o ABSOLUTE
    ..\User_Drivers\PRB480\CRC16.c           0x00000000   Number         0  crc16.o ABSOLUTE
    ..\User_Drivers\PRB480\PRB480.c          0x00000000   Number         0  prb480.o ABSOLUTE
    ..\User_Drivers\PRB480\SHA1.c            0x00000000   Number         0  sha1.o ABSOLUTE
    ..\User_Drivers\User_LED\User_LED.c      0x00000000   Number         0  user_led.o ABSOLUTE
    ..\User_Drivers\User_System_Clock_Config\User_System_Clock_Config.c 0x00000000   Number         0  user_system_clock_config.o ABSOLUTE
    ..\User_Drivers\User_USART1\User_USART1.c 0x00000000   Number         0  user_usart1.o ABSOLUTE
    ..\\Drivers\\CMSIS\\Device\\PY32F0xx\\Source\\system_py32f002b.c 0x00000000   Number         0  system_py32f002b.o ABSOLUTE
    ..\\Drivers\\PY32F002B_HAL_Driver\\Src\\py32f002b_hal.c 0x00000000   Number         0  py32f002b_hal.o ABSOLUTE
    ..\\Drivers\\PY32F002B_HAL_Driver\\Src\\py32f002b_hal_adc.c 0x00000000   Number         0  py32f002b_hal_adc.o ABSOLUTE
    ..\\Drivers\\PY32F002B_HAL_Driver\\Src\\py32f002b_hal_comp.c 0x00000000   Number         0  py32f002b_hal_comp.o ABSOLUTE
    ..\\Drivers\\PY32F002B_HAL_Driver\\Src\\py32f002b_hal_cortex.c 0x00000000   Number         0  py32f002b_hal_cortex.o ABSOLUTE
    ..\\Drivers\\PY32F002B_HAL_Driver\\Src\\py32f002b_hal_crc.c 0x00000000   Number         0  py32f002b_hal_crc.o ABSOLUTE
    ..\\Drivers\\PY32F002B_HAL_Driver\\Src\\py32f002b_hal_exti.c 0x00000000   Number         0  py32f002b_hal_exti.o ABSOLUTE
    ..\\Drivers\\PY32F002B_HAL_Driver\\Src\\py32f002b_hal_flash.c 0x00000000   Number         0  py32f002b_hal_flash.o ABSOLUTE
    ..\\Drivers\\PY32F002B_HAL_Driver\\Src\\py32f002b_hal_gpio.c 0x00000000   Number         0  py32f002b_hal_gpio.o ABSOLUTE
    ..\\Drivers\\PY32F002B_HAL_Driver\\Src\\py32f002b_hal_i2c.c 0x00000000   Number         0  py32f002b_hal_i2c.o ABSOLUTE
    ..\\Drivers\\PY32F002B_HAL_Driver\\Src\\py32f002b_hal_iwdg.c 0x00000000   Number         0  py32f002b_hal_iwdg.o ABSOLUTE
    ..\\Drivers\\PY32F002B_HAL_Driver\\Src\\py32f002b_hal_lptim.c 0x00000000   Number         0  py32f002b_hal_lptim.o ABSOLUTE
    ..\\Drivers\\PY32F002B_HAL_Driver\\Src\\py32f002b_hal_pwr.c 0x00000000   Number         0  py32f002b_hal_pwr.o ABSOLUTE
    ..\\Drivers\\PY32F002B_HAL_Driver\\Src\\py32f002b_hal_rcc.c 0x00000000   Number         0  py32f002b_hal_rcc.o ABSOLUTE
    ..\\Drivers\\PY32F002B_HAL_Driver\\Src\\py32f002b_hal_rcc_ex.c 0x00000000   Number         0  py32f002b_hal_rcc_ex.o ABSOLUTE
    ..\\Drivers\\PY32F002B_HAL_Driver\\Src\\py32f002b_hal_spi.c 0x00000000   Number         0  py32f002b_hal_spi.o ABSOLUTE
    ..\\Drivers\\PY32F002B_HAL_Driver\\Src\\py32f002b_hal_tim.c 0x00000000   Number         0  py32f002b_hal_tim.o ABSOLUTE
    ..\\Drivers\\PY32F002B_HAL_Driver\\Src\\py32f002b_hal_tim_ex.c 0x00000000   Number         0  py32f002b_hal_tim_ex.o ABSOLUTE
    ..\\Drivers\\PY32F002B_HAL_Driver\\Src\\py32f002b_hal_uart.c 0x00000000   Number         0  py32f002b_hal_uart.o ABSOLUTE
    ..\\Drivers\\PY32F002B_HAL_Driver\\Src\\py32f002b_hal_usart.c 0x00000000   Number         0  py32f002b_hal_usart.o ABSOLUTE
    ..\\User\\Src\\main.c                    0x00000000   Number         0  main.o ABSOLUTE
    ..\\User\\Src\\py32f002b_it.c            0x00000000   Number         0  py32f002b_it.o ABSOLUTE
    ..\\User_Drivers\\ADC\\ADC.c             0x00000000   Number         0  adc.o ABSOLUTE
    ..\\User_Drivers\\PRB480\\CRC16.c        0x00000000   Number         0  crc16.o ABSOLUTE
    ..\\User_Drivers\\PRB480\\PRB480.c       0x00000000   Number         0  prb480.o ABSOLUTE
    ..\\User_Drivers\\User_LED\\User_LED.c   0x00000000   Number         0  user_led.o ABSOLUTE
    ..\\User_Drivers\\User_System_Clock_Config\\User_System_Clock_Config.c 0x00000000   Number         0  user_system_clock_config.o ABSOLUTE
    ..\\User_Drivers\\User_USART1\\User_USART1.c 0x00000000   Number         0  user_usart1.o ABSOLUTE
    cdrcmple.s                               0x00000000   Number         0  cdrcmple.o ABSOLUTE
    dc.s                                     0x00000000   Number         0  dc.o ABSOLUTE
    handlers.s                               0x00000000   Number         0  handlers.o ABSOLUTE
    init.s                                   0x00000000   Number         0  init.o ABSOLUTE
    RESET                                    0x08000000   Section      192  startup_py32f002bxx.o(RESET)
    .ARM.Collect$$$$00000000                 0x080000c0   Section        0  entry.o(.ARM.Collect$$$$00000000)
    .ARM.Collect$$$$00000001                 0x080000c0   Section        4  entry2.o(.ARM.Collect$$$$00000001)
    .ARM.Collect$$$$00000004                 0x080000c4   Section        4  entry5.o(.ARM.Collect$$$$00000004)
    .ARM.Collect$$$$00000008                 0x080000c8   Section        0  entry7b.o(.ARM.Collect$$$$00000008)
    .ARM.Collect$$$$0000000A                 0x080000c8   Section        0  entry8b.o(.ARM.Collect$$$$0000000A)
    .ARM.Collect$$$$0000000B                 0x080000c8   Section        8  entry9a.o(.ARM.Collect$$$$0000000B)
    .ARM.Collect$$$$0000000D                 0x080000d0   Section        0  entry10a.o(.ARM.Collect$$$$0000000D)
    .ARM.Collect$$$$0000000F                 0x080000d0   Section        0  entry11a.o(.ARM.Collect$$$$0000000F)
    .ARM.Collect$$$$00002712                 0x080000d0   Section        4  entry2.o(.ARM.Collect$$$$00002712)
    __lit__00000000                          0x080000d0   Data           4  entry2.o(.ARM.Collect$$$$00002712)
    .text                                    0x080000d4   Section       28  startup_py32f002bxx.o(.text)
    .text                                    0x080000f0   Section        0  uidiv.o(.text)
    .text                                    0x0800011c   Section        0  memcpya.o(.text)
    .text                                    0x08000140   Section        0  memseta.o(.text)
    .text                                    0x08000164   Section        0  memcmp.o(.text)
    .text                                    0x08000180   Section        0  dmul.o(.text)
    .text                                    0x08000250   Section        0  ddiv.o(.text)
    .text                                    0x08000340   Section        0  uldiv.o(.text)
    .text                                    0x080003a0   Section        0  iusefp.o(.text)
    .text                                    0x080003a0   Section        0  depilogue.o(.text)
    .text                                    0x08000460   Section        0  dadd.o(.text)
    .text                                    0x080005c4   Section        0  dfixul.o(.text)
    .text                                    0x08000604   Section       40  cdrcmple.o(.text)
    .text                                    0x0800062c   Section       36  init.o(.text)
    .text                                    0x08000650   Section        0  llshl.o(.text)
    .text                                    0x08000670   Section        0  llushr.o(.text)
    .text                                    0x08000692   Section        0  llsshr.o(.text)
    i.Cal_Crc16                              0x080006b8   Section        0  crc16.o(i.Cal_Crc16)
    i.Cal_Crc16_bit                          0x080006f4   Section        0  crc16.o(i.Cal_Crc16_bit)
    i.DelayTime                              0x08000738   Section        0  system_py32f002b.o(i.DelayTime)
    DelayTime                                0x08000739   Thumb Code    24  system_py32f002b.o(i.DelayTime)
    i.HAL_ADC_Calibration_Start              0x08000754   Section        0  py32f002b_hal_adc.o(i.HAL_ADC_Calibration_Start)
    i.HAL_ADC_ConfigChannel                  0x080007f4   Section        0  py32f002b_hal_adc.o(i.HAL_ADC_ConfigChannel)
    i.HAL_ADC_Init                           0x08000974   Section        0  py32f002b_hal_adc.o(i.HAL_ADC_Init)
    i.HAL_ADC_MspInit                        0x08000b08   Section        0  py32f002b_hal_adc.o(i.HAL_ADC_MspInit)
    i.HAL_Delay                              0x08000b0c   Section        0  py32f002b_hal.o(i.HAL_Delay)
    i.HAL_GPIO_Init                          0x08000b38   Section        0  py32f002b_hal_gpio.o(i.HAL_GPIO_Init)
    i.HAL_GetTick                            0x08000cec   Section        0  py32f002b_hal.o(i.HAL_GetTick)
    i.HAL_IncTick                            0x08000cf8   Section        0  py32f002b_hal.o(i.HAL_IncTick)
    i.HAL_Init                               0x08000d10   Section        0  py32f002b_hal.o(i.HAL_Init)
    i.HAL_InitTick                           0x08000d2c   Section        0  py32f002b_hal.o(i.HAL_InitTick)
    i.HAL_MspInit                            0x08000d8c   Section        0  py32f002b_hal.o(i.HAL_MspInit)
    i.HAL_NVIC_EnableIRQ                     0x08000d90   Section        0  py32f002b_hal_cortex.o(i.HAL_NVIC_EnableIRQ)
    i.HAL_NVIC_SetPriority                   0x08000da8   Section        0  py32f002b_hal_cortex.o(i.HAL_NVIC_SetPriority)
    i.HAL_RCC_GetHCLKFreq                    0x08000dbc   Section        0  py32f002b_hal_rcc.o(i.HAL_RCC_GetHCLKFreq)
    i.HAL_RCC_GetPCLK1Freq                   0x08000dc8   Section        0  py32f002b_hal_rcc.o(i.HAL_RCC_GetPCLK1Freq)
    i.HAL_SYSTICK_Config                     0x08000df0   Section        0  py32f002b_hal_cortex.o(i.HAL_SYSTICK_Config)
    i.HAL_UART_Init                          0x08000e28   Section        0  py32f002b_hal_uart.o(i.HAL_UART_Init)
    i.HAL_UART_MspInit                       0x08000eb4   Section        0  user_usart1.o(i.HAL_UART_MspInit)
    i.HardFault_Handler                      0x08000f40   Section        0  py32f002b_it.o(i.HardFault_Handler)
    i.NMI_Handler                            0x08000f44   Section        0  py32f002b_it.o(i.NMI_Handler)
    i.NVIC_SetPriority                       0x08000f48   Section        0  py32f002b_hal_cortex.o(i.NVIC_SetPriority)
    NVIC_SetPriority                         0x08000f49   Thumb Code   110  py32f002b_hal_cortex.o(i.NVIC_SetPriority)
    i.PRB480_ADC_Config                      0x08000fc0   Section        0  prb480.o(i.PRB480_ADC_Config)
    PRB480_ADC_Config                        0x08000fc1   Thumb Code   238  prb480.o(i.PRB480_ADC_Config)
    i.PRB480_AdcLogDump                      0x08001148   Section        0  prb480.o(i.PRB480_AdcLogDump)
    PRB480_AdcLogDump                        0x08001149   Thumb Code    80  prb480.o(i.PRB480_AdcLogDump)
    i.PRB480_AdcLogStart                     0x080011e8   Section        0  prb480.o(i.PRB480_AdcLogStart)
    PRB480_AdcLogStart                       0x080011e9   Thumb Code    38  prb480.o(i.PRB480_AdcLogStart)
    i.PRB480_BoardInterfaceConfig            0x08001220   Section        0  prb480.o(i.PRB480_BoardInterfaceConfig)
    i.PRB480_CalcCRC16                       0x080012d4   Section        0  prb480.o(i.PRB480_CalcCRC16)
    i.PRB480_CalcCRC8                        0x080012e4   Section        0  prb480.o(i.PRB480_CalcCRC8)
    PRB480_CalcCRC8                          0x080012e5   Thumb Code    56  prb480.o(i.PRB480_CalcCRC8)
    i.PRB480_CheckAlternatingResponse        0x0800131c   Section        0  prb480.o(i.PRB480_CheckAlternatingResponse)
    PRB480_CheckAlternatingResponse          0x0800131d   Thumb Code    30  prb480.o(i.PRB480_CheckAlternatingResponse)
    i.PRB480_CheckPostCopyES                 0x0800133a   Section        0  prb480.o(i.PRB480_CheckPostCopyES)
    PRB480_CheckPostCopyES                   0x0800133b   Thumb Code    42  prb480.o(i.PRB480_CheckPostCopyES)
    i.PRB480_CheckScratchpadES               0x08001364   Section        0  prb480.o(i.PRB480_CheckScratchpadES)
    PRB480_CheckScratchpadES                 0x08001365   Thumb Code    42  prb480.o(i.PRB480_CheckScratchpadES)
    i.PRB480_CheckWriteAddress               0x0800138e   Section        0  prb480.o(i.PRB480_CheckWriteAddress)
    PRB480_CheckWriteAddress                 0x0800138f   Thumb Code    26  prb480.o(i.PRB480_CheckWriteAddress)
    i.PRB480_CommandStart                    0x080013a8   Section        0  prb480.o(i.PRB480_CommandStart)
    PRB480_CommandStart                      0x080013a9   Thumb Code    36  prb480.o(i.PRB480_CommandStart)
    i.PRB480_CopyScratchpadVerified          0x080013cc   Section        0  prb480.o(i.PRB480_CopyScratchpadVerified)
    i.PRB480_DebugPrintCopyMACInputs         0x0800165c   Section        0  prb480.o(i.PRB480_DebugPrintCopyMACInputs)
    PRB480_DebugPrintCopyMACInputs           0x0800165d   Thumb Code   728  prb480.o(i.PRB480_DebugPrintCopyMACInputs)
    i.PRB480_DelayNop                        0x08001a70   Section        0  prb480.o(i.PRB480_DelayNop)
    PRB480_DelayNop                          0x08001a71   Thumb Code    24  prb480.o(i.PRB480_DelayNop)
    i.PRB480_GenerateCopyConfigPageMAC       0x08001a88   Section        0  prb480.o(i.PRB480_GenerateCopyConfigPageMAC)
    PRB480_GenerateCopyConfigPageMAC         0x08001a89   Thumb Code   276  prb480.o(i.PRB480_GenerateCopyConfigPageMAC)
    i.PRB480_GenerateCopyDataPageMAC         0x08001b9c   Section        0  prb480.o(i.PRB480_GenerateCopyDataPageMAC)
    PRB480_GenerateCopyDataPageMAC           0x08001b9d   Thumb Code   194  prb480.o(i.PRB480_GenerateCopyDataPageMAC)
    i.PRB480_GenerateCopyMAC                 0x08001c60   Section        0  prb480.o(i.PRB480_GenerateCopyMAC)
    PRB480_GenerateCopyMAC                   0x08001c61   Thumb Code    76  prb480.o(i.PRB480_GenerateCopyMAC)
    i.PRB480_GenerateReadAuthPageMAC         0x08001cd8   Section        0  prb480.o(i.PRB480_GenerateReadAuthPageMAC)
    PRB480_GenerateReadAuthPageMAC           0x08001cd9   Thumb Code   234  prb480.o(i.PRB480_GenerateReadAuthPageMAC)
    i.PRB480_GetCopyTargetArea               0x08001de4   Section        0  prb480.o(i.PRB480_GetCopyTargetArea)
    PRB480_GetCopyTargetArea                 0x08001de5   Thumb Code    26  prb480.o(i.PRB480_GetCopyTargetArea)
    i.PRB480_GetPinPos                       0x08001dfe   Section        0  prb480.o(i.PRB480_GetPinPos)
    PRB480_GetPinPos                         0x08001dff   Thumb Code    20  prb480.o(i.PRB480_GetPinPos)
    i.PRB480_IO_ANALOG                       0x08001e14   Section        0  prb480.o(i.PRB480_IO_ANALOG)
    PRB480_IO_ANALOG                         0x08001e15   Thumb Code    78  prb480.o(i.PRB480_IO_ANALOG)
    i.PRB480_IO_IN                           0x08001e6c   Section        0  prb480.o(i.PRB480_IO_IN)
    i.PRB480_Init                            0x08001ec8   Section        0  prb480.o(i.PRB480_Init)
    i.PRB480_LoadChallengeScratchpad         0x08001ee4   Section        0  prb480.o(i.PRB480_LoadChallengeScratchpad)
    PRB480_LoadChallengeScratchpad           0x08001ee5   Thumb Code   164  prb480.o(i.PRB480_LoadChallengeScratchpad)
    i.PRB480_LoadFirstSecret                 0x08001fd0   Section        0  prb480.o(i.PRB480_LoadFirstSecret)
    i.PRB480_MatchROM                        0x080021a4   Section        0  prb480.o(i.PRB480_MatchROM)
    i.PRB480_PageStart                       0x080021c4   Section        0  prb480.o(i.PRB480_PageStart)
    PRB480_PageStart                         0x080021c5   Thumb Code     8  prb480.o(i.PRB480_PageStart)
    i.PRB480_PowerPMOS_Off                   0x080021d0   Section        0  prb480.o(i.PRB480_PowerPMOS_Off)
    i.PRB480_ReadAdcRaw                      0x080021e4   Section        0  prb480.o(i.PRB480_ReadAdcRaw)
    PRB480_ReadAdcRaw                        0x080021e5   Thumb Code    58  prb480.o(i.PRB480_ReadAdcRaw)
    i.PRB480_ReadAuthenticatedPageEx         0x08002228   Section        0  prb480.o(i.PRB480_ReadAuthenticatedPageEx)
    i.PRB480_ReadAuthenticatedPageRaw        0x080023b8   Section        0  prb480.o(i.PRB480_ReadAuthenticatedPageRaw)
    PRB480_ReadAuthenticatedPageRaw          0x080023b9   Thumb Code   670  prb480.o(i.PRB480_ReadAuthenticatedPageRaw)
    i.PRB480_ReadBit                         0x080028d4   Section        0  prb480.o(i.PRB480_ReadBit)
    i.PRB480_ReadByte                        0x0800297c   Section        0  prb480.o(i.PRB480_ReadByte)
    i.PRB480_ReadMemory                      0x080029ae   Section        0  prb480.o(i.PRB480_ReadMemory)
    i.PRB480_ReadROM                         0x080029f4   Section        0  prb480.o(i.PRB480_ReadROM)
    i.PRB480_ReadScratchpad                  0x08002ad8   Section        0  prb480.o(i.PRB480_ReadScratchpad)
    i.PRB480_Reset                           0x08002ba2   Section        0  prb480.o(i.PRB480_Reset)
    i.PRB480_ResponsePMOS_Off                0x08002bc4   Section        0  prb480.o(i.PRB480_ResponsePMOS_Off)
    i.PRB480_ResponsePMOS_On                 0x08002bd8   Section        0  prb480.o(i.PRB480_ResponsePMOS_On)
    i.PRB480_RunMacCompression               0x08002bec   Section        0  prb480.o(i.PRB480_RunMacCompression)
    PRB480_RunMacCompression                 0x08002bed   Thumb Code   298  prb480.o(i.PRB480_RunMacCompression)
    i.PRB480_SetAdcThreshold                 0x08002d34   Section        0  prb480.o(i.PRB480_SetAdcThreshold)
    i.PRB480_SkipROM                         0x08002d40   Section        0  prb480.o(i.PRB480_SkipROM)
    i.PRB480_StateToBusMAC                   0x08002d4a   Section        0  prb480.o(i.PRB480_StateToBusMAC)
    PRB480_StateToBusMAC                     0x08002d4b   Thumb Code    78  prb480.o(i.PRB480_StateToBusMAC)
    i.PRB480_Step5_CopyScratchpad            0x08002d98   Section        0  prb480.o(i.PRB480_Step5_CopyScratchpad)
    PRB480_Step5_CopyScratchpad              0x08002d99   Thumb Code   258  prb480.o(i.PRB480_Step5_CopyScratchpad)
    i.PRB480_Step5_ReadScratchpad            0x08002f18   Section        0  prb480.o(i.PRB480_Step5_ReadScratchpad)
    i.PRB480_VerifyPostCopyScratchpad        0x08003008   Section        0  prb480.o(i.PRB480_VerifyPostCopyScratchpad)
    PRB480_VerifyPostCopyScratchpad          0x08003009   Thumb Code   102  prb480.o(i.PRB480_VerifyPostCopyScratchpad)
    i.PRB480_VerifyReadAuthPageCRC           0x08003070   Section        0  prb480.o(i.PRB480_VerifyReadAuthPageCRC)
    PRB480_VerifyReadAuthPageCRC             0x08003071   Thumb Code   102  prb480.o(i.PRB480_VerifyReadAuthPageCRC)
    i.PRB480_VerifyScratchpad                0x080030f0   Section        0  prb480.o(i.PRB480_VerifyScratchpad)
    PRB480_VerifyScratchpad                  0x080030f1   Thumb Code   108  prb480.o(i.PRB480_VerifyScratchpad)
    i.PRB480_WaitCopyResult                  0x0800315c   Section        0  prb480.o(i.PRB480_WaitCopyResult)
    PRB480_WaitCopyResult                    0x0800315d   Thumb Code   156  prb480.o(i.PRB480_WaitCopyResult)
    i.PRB480_WaitSlotEnd                     0x08003214   Section        0  prb480.o(i.PRB480_WaitSlotEnd)
    PRB480_WaitSlotEnd                       0x08003215   Thumb Code    66  prb480.o(i.PRB480_WaitSlotEnd)
    i.PRB480_WriteAndVerifyScratchpad        0x08003264   Section        0  prb480.o(i.PRB480_WriteAndVerifyScratchpad)
    i.PRB480_WriteBit                        0x080034d0   Section        0  prb480.o(i.PRB480_WriteBit)
    i.PRB480_WriteByte                       0x0800353c   Section        0  prb480.o(i.PRB480_WriteByte)
    i.PRB480_WriteScratchpad                 0x08003560   Section        0  prb480.o(i.PRB480_WriteScratchpad)
    i.PendSV_Handler                         0x08003606   Section        0  py32f002b_it.o(i.PendSV_Handler)
    i.SVC_Handler                            0x08003608   Section        0  py32f002b_it.o(i.SVC_Handler)
    i.SysTick_Handler                        0x0800360a   Section        0  py32f002b_it.o(i.SysTick_Handler)
    i.SystemInit                             0x08003614   Section        0  system_py32f002b.o(i.SystemInit)
    i.TMX_Delay_ms                           0x0800365c   Section        0  prb480.o(i.TMX_Delay_ms)
    i.TMX_Delay_us                           0x08003668   Section        0  prb480.o(i.TMX_Delay_us)
    i.UART_AdvFeatureConfig                  0x080036d0   Section        0  py32f002b_hal_uart.o(i.UART_AdvFeatureConfig)
    UART_AdvFeatureConfig                    0x080036d1   Thumb Code    56  py32f002b_hal_uart.o(i.UART_AdvFeatureConfig)
    i.UART_SetConfig                         0x08003708   Section        0  py32f002b_hal_uart.o(i.UART_SetConfig)
    UART_SetConfig                           0x08003709   Thumb Code   414  py32f002b_hal_uart.o(i.UART_SetConfig)
    i.USART1_IRQHandler                      0x080038ac   Section        0  user_usart1.o(i.USART1_IRQHandler)
    i.USART1_Send_Byte                       0x08003908   Section        0  user_usart1.o(i.USART1_Send_Byte)
    i.User_System_Clock_Init                 0x08003920   Section        0  user_system_clock_config.o(i.User_System_Clock_Init)
    i.User_USART1_Init                       0x08003934   Section        0  user_usart1.o(i.User_USART1_Init)
    i.__0printf                              0x08003994   Section        0  printfa.o(i.__0printf)
    i.__ARM_clz                              0x080039b4   Section        0  depilogue.o(i.__ARM_clz)
    i.__scatterload_copy                     0x080039e2   Section       14  handlers.o(i.__scatterload_copy)
    i.__scatterload_null                     0x080039f0   Section        2  handlers.o(i.__scatterload_null)
    i.__scatterload_zeroinit                 0x080039f2   Section       14  handlers.o(i.__scatterload_zeroinit)
    i._fp_digits                             0x08003a00   Section        0  printfa.o(i._fp_digits)
    _fp_digits                               0x08003a01   Thumb Code   344  printfa.o(i._fp_digits)
    i._printf_core                           0x08003b74   Section        0  printfa.o(i._printf_core)
    _printf_core                             0x08003b75   Thumb Code  1754  printfa.o(i._printf_core)
    i._printf_post_padding                   0x08004260   Section        0  printfa.o(i._printf_post_padding)
    _printf_post_padding                     0x08004261   Thumb Code    32  printfa.o(i._printf_post_padding)
    i._printf_pre_padding                    0x08004280   Section        0  printfa.o(i._printf_pre_padding)
    _printf_pre_padding                      0x08004281   Thumb Code    44  printfa.o(i._printf_pre_padding)
    i.fputc                                  0x080042ac   Section        0  user_usart1.o(i.fputc)
    i.main                                   0x080042bc   Section        0  main.o(i.main)
    .constdata                               0x08004948   Section      128  system_py32f002b.o(.constdata)
    .conststring                             0x080049c8   Section      383  prb480.o(.conststring)
    .data                                    0x20000000   Section        4  system_py32f002b.o(.data)
    .data                                    0x20000004   Section       12  py32f002b_hal.o(.data)
    .data                                    0x20000010   Section        2  user_usart1.o(.data)
    .data                                    0x20000014   Section       19  prb480.o(.data)
    PRB480_DqPort                            0x20000014   Data           4  prb480.o(.data)
    PRB480_DqPin                             0x20000018   Data           2  prb480.o(.data)
    PRB480_RespPin                           0x2000001a   Data           2  prb480.o(.data)
    PRB480_PowerPin                          0x2000001c   Data           2  prb480.o(.data)
    PRB480_ReadSampleDelayUs                 0x2000001e   Data           1  prb480.o(.data)
    PRB480_AdcThreshold                      0x20000020   Data           2  prb480.o(.data)
    PRB480_LastReadAdc                       0x20000022   Data           2  prb480.o(.data)
    PRB480_AdcLogIndex                       0x20000024   Data           1  prb480.o(.data)
    PRB480_AdcLogEnabled                     0x20000025   Data           1  prb480.o(.data)
    PRB480_LastCopyStatus                    0x20000026   Data           1  prb480.o(.data)
    .data                                    0x20000028   Section        4  stdout.o(.data)
    .bss                                     0x2000002c   Section       84  user_usart1.o(.bss)
    .bss                                     0x20000080   Section      248  prb480.o(.bss)
    PRB480_AdcHandle                         0x20000080   Data          56  prb480.o(.bss)
    PRB480_AdcLog                            0x200000b8   Data         128  prb480.o(.bss)
    PRB480_BitLog                            0x20000138   Data          64  prb480.o(.bss)
    STACK                                    0x20000178   Section     1024  startup_py32f002bxx.o(STACK)

    Global Symbols

    Symbol Name                              Value     Ov Type        Size  Object(Section)

    BuildAttributes$$THM_ISAv3M$S$PE$A:L22$X:L11$S22$IEEE1$IW$USESV6$~STKCKD$USESV7$~SHL$OSPACE$ROPI$EBA8$MICROLIB$REQ8$PRES8$EABIv2 0x00000000   Number         0  anon$$obj.o ABSOLUTE
    __ARM_use_no_argv                        0x00000000   Number         0  main.o ABSOLUTE
    _printf_a                                0x00000000   Number         0  stubs.o ABSOLUTE
    _printf_c                                0x00000000   Number         0  stubs.o ABSOLUTE
    _printf_charcount                        0x00000000   Number         0  stubs.o ABSOLUTE
    _printf_d                                0x00000000   Number         0  stubs.o ABSOLUTE
    _printf_e                                0x00000000   Number         0  stubs.o ABSOLUTE
    _printf_f                                0x00000000   Number         0  stubs.o ABSOLUTE
    _printf_flags                            0x00000000   Number         0  stubs.o ABSOLUTE
    _printf_fp_dec                           0x00000000   Number         0  stubs.o ABSOLUTE
    _printf_fp_hex                           0x00000000   Number         0  stubs.o ABSOLUTE
    _printf_g                                0x00000000   Number         0  stubs.o ABSOLUTE
    _printf_i                                0x00000000   Number         0  stubs.o ABSOLUTE
    _printf_int_dec                          0x00000000   Number         0  stubs.o ABSOLUTE
    _printf_l                                0x00000000   Number         0  stubs.o ABSOLUTE
    _printf_lc                               0x00000000   Number         0  stubs.o ABSOLUTE
    _printf_ll                               0x00000000   Number         0  stubs.o ABSOLUTE
    _printf_lld                              0x00000000   Number         0  stubs.o ABSOLUTE
    _printf_lli                              0x00000000   Number         0  stubs.o ABSOLUTE
    _printf_llo                              0x00000000   Number         0  stubs.o ABSOLUTE
    _printf_llu                              0x00000000   Number         0  stubs.o ABSOLUTE
    _printf_llx                              0x00000000   Number         0  stubs.o ABSOLUTE
    _printf_longlong_dec                     0x00000000   Number         0  stubs.o ABSOLUTE
    _printf_longlong_hex                     0x00000000   Number         0  stubs.o ABSOLUTE
    _printf_longlong_oct                     0x00000000   Number         0  stubs.o ABSOLUTE
    _printf_ls                               0x00000000   Number         0  stubs.o ABSOLUTE
    _printf_mbtowc                           0x00000000   Number         0  stubs.o ABSOLUTE
    _printf_n                                0x00000000   Number         0  stubs.o ABSOLUTE
    _printf_o                                0x00000000   Number         0  stubs.o ABSOLUTE
    _printf_p                                0x00000000   Number         0  stubs.o ABSOLUTE
    _printf_percent                          0x00000000   Number         0  stubs.o ABSOLUTE
    _printf_pre_padding                      0x00000000   Number         0  stubs.o ABSOLUTE
    _printf_return_value                     0x00000000   Number         0  stubs.o ABSOLUTE
    _printf_s                                0x00000000   Number         0  stubs.o ABSOLUTE
    _printf_sizespec                         0x00000000   Number         0  stubs.o ABSOLUTE
    _printf_str                              0x00000000   Number         0  stubs.o ABSOLUTE
    _printf_truncate_signed                  0x00000000   Number         0  stubs.o ABSOLUTE
    _printf_truncate_unsigned                0x00000000   Number         0  stubs.o ABSOLUTE
    _printf_u                                0x00000000   Number         0  stubs.o ABSOLUTE
    _printf_wc                               0x00000000   Number         0  stubs.o ABSOLUTE
    _printf_wctomb                           0x00000000   Number         0  stubs.o ABSOLUTE
    _printf_widthprec                        0x00000000   Number         0  stubs.o ABSOLUTE
    _printf_x                                0x00000000   Number         0  stubs.o ABSOLUTE
    __cpp_initialize__aeabi_                  - Undefined Weak Reference
    __cxa_finalize                            - Undefined Weak Reference
    __decompress                              - Undefined Weak Reference
    _clock_init                               - Undefined Weak Reference
    _microlib_exit                            - Undefined Weak Reference
    __Vectors_Size                           0x000000c0   Number         0  startup_py32f002bxx.o ABSOLUTE
    __Vectors                                0x08000000   Data           4  startup_py32f002bxx.o(RESET)
    __Vectors_End                            0x080000c0   Data           0  startup_py32f002bxx.o(RESET)
    __main                                   0x080000c1   Thumb Code     0  entry.o(.ARM.Collect$$$$00000000)
    _main_stk                                0x080000c1   Thumb Code     0  entry2.o(.ARM.Collect$$$$00000001)
    _main_scatterload                        0x080000c5   Thumb Code     0  entry5.o(.ARM.Collect$$$$00000004)
    __main_after_scatterload                 0x080000c9   Thumb Code     0  entry5.o(.ARM.Collect$$$$00000004)
    _main_clock                              0x080000c9   Thumb Code     0  entry7b.o(.ARM.Collect$$$$00000008)
    _main_cpp_init                           0x080000c9   Thumb Code     0  entry8b.o(.ARM.Collect$$$$0000000A)
    _main_init                               0x080000c9   Thumb Code     0  entry9a.o(.ARM.Collect$$$$0000000B)
    __rt_final_cpp                           0x080000d1   Thumb Code     0  entry10a.o(.ARM.Collect$$$$0000000D)
    __rt_final_exit                          0x080000d1   Thumb Code     0  entry11a.o(.ARM.Collect$$$$0000000F)
    Reset_Handler                            0x080000d5   Thumb Code     8  startup_py32f002bxx.o(.text)
    ADC_COMP_IRQHandler                      0x080000e7   Thumb Code     0  startup_py32f002bxx.o(.text)
    EXTI0_1_IRQHandler                       0x080000e7   Thumb Code     0  startup_py32f002bxx.o(.text)
    EXTI2_3_IRQHandler                       0x080000e7   Thumb Code     0  startup_py32f002bxx.o(.text)
    EXTI4_15_IRQHandler                      0x080000e7   Thumb Code     0  startup_py32f002bxx.o(.text)
    FLASH_IRQHandler                         0x080000e7   Thumb Code     0  startup_py32f002bxx.o(.text)
    I2C1_IRQHandler                          0x080000e7   Thumb Code     0  startup_py32f002bxx.o(.text)
    LPTIM1_IRQHandler                        0x080000e7   Thumb Code     0  startup_py32f002bxx.o(.text)
    RCC_IRQHandler                           0x080000e7   Thumb Code     0  startup_py32f002bxx.o(.text)
    SPI1_IRQHandler                          0x080000e7   Thumb Code     0  startup_py32f002bxx.o(.text)
    TIM14_IRQHandler                         0x080000e7   Thumb Code     0  startup_py32f002bxx.o(.text)
    TIM1_BRK_UP_TRG_COM_IRQHandler           0x080000e7   Thumb Code     0  startup_py32f002bxx.o(.text)
    TIM1_CC_IRQHandler                       0x080000e7   Thumb Code     0  startup_py32f002bxx.o(.text)
    __aeabi_uidiv                            0x080000f1   Thumb Code     0  uidiv.o(.text)
    __aeabi_uidivmod                         0x080000f1   Thumb Code    44  uidiv.o(.text)
    __aeabi_memcpy                           0x0800011d   Thumb Code    36  memcpya.o(.text)
    __aeabi_memcpy4                          0x0800011d   Thumb Code     0  memcpya.o(.text)
    __aeabi_memcpy8                          0x0800011d   Thumb Code     0  memcpya.o(.text)
    __aeabi_memset                           0x08000141   Thumb Code    14  memseta.o(.text)
    __aeabi_memset4                          0x08000141   Thumb Code     0  memseta.o(.text)
    __aeabi_memset8                          0x08000141   Thumb Code     0  memseta.o(.text)
    __aeabi_memclr                           0x0800014f   Thumb Code     4  memseta.o(.text)
    __aeabi_memclr4                          0x0800014f   Thumb Code     0  memseta.o(.text)
    __aeabi_memclr8                          0x0800014f   Thumb Code     0  memseta.o(.text)
    _memset$wrapper                          0x08000153   Thumb Code    18  memseta.o(.text)
    memcmp                                   0x08000165   Thumb Code    26  memcmp.o(.text)
    __aeabi_dmul                             0x08000181   Thumb Code   202  dmul.o(.text)
    __aeabi_ddiv                             0x08000251   Thumb Code   234  ddiv.o(.text)
    __aeabi_uldivmod                         0x08000341   Thumb Code    96  uldiv.o(.text)
    __I$use$fp                               0x080003a1   Thumb Code     0  iusefp.o(.text)
    _double_round                            0x080003a1   Thumb Code    26  depilogue.o(.text)
    _double_epilogue                         0x080003bb   Thumb Code   164  depilogue.o(.text)
    __aeabi_dadd                             0x08000461   Thumb Code   328  dadd.o(.text)
    __aeabi_dsub                             0x080005a9   Thumb Code    12  dadd.o(.text)
    __aeabi_drsub                            0x080005b5   Thumb Code    12  dadd.o(.text)
    __aeabi_d2ulz                            0x080005c5   Thumb Code    54  dfixul.o(.text)
    __aeabi_cdrcmple                         0x08000605   Thumb Code    38  cdrcmple.o(.text)
    __scatterload                            0x0800062d   Thumb Code    28  init.o(.text)
    __scatterload_rt2                        0x0800062d   Thumb Code     0  init.o(.text)
    __aeabi_llsl                             0x08000651   Thumb Code    32  llshl.o(.text)
    _ll_shift_l                              0x08000651   Thumb Code     0  llshl.o(.text)
    __aeabi_llsr                             0x08000671   Thumb Code    34  llushr.o(.text)
    _ll_ushift_r                             0x08000671   Thumb Code     0  llushr.o(.text)
    __aeabi_lasr                             0x08000693   Thumb Code    38  llsshr.o(.text)
    _ll_sshift_r                             0x08000693   Thumb Code     0  llsshr.o(.text)
    Cal_Crc16                                0x080006b9   Thumb Code    60  crc16.o(i.Cal_Crc16)
    Cal_Crc16_bit                            0x080006f5   Thumb Code    64  crc16.o(i.Cal_Crc16_bit)
    HAL_ADC_Calibration_Start                0x08000755   Thumb Code   158  py32f002b_hal_adc.o(i.HAL_ADC_Calibration_Start)
    HAL_ADC_ConfigChannel                    0x080007f5   Thumb Code   366  py32f002b_hal_adc.o(i.HAL_ADC_ConfigChannel)
    HAL_ADC_Init                             0x08000975   Thumb Code   396  py32f002b_hal_adc.o(i.HAL_ADC_Init)
    HAL_ADC_MspInit                          0x08000b09   Thumb Code     2  py32f002b_hal_adc.o(i.HAL_ADC_MspInit)
    HAL_Delay                                0x08000b0d   Thumb Code    38  py32f002b_hal.o(i.HAL_Delay)
    HAL_GPIO_Init                            0x08000b39   Thumb Code   428  py32f002b_hal_gpio.o(i.HAL_GPIO_Init)
    HAL_GetTick                              0x08000ced   Thumb Code     6  py32f002b_hal.o(i.HAL_GetTick)
    HAL_IncTick                              0x08000cf9   Thumb Code    16  py32f002b_hal.o(i.HAL_IncTick)
    HAL_Init                                 0x08000d11   Thumb Code    26  py32f002b_hal.o(i.HAL_Init)
    HAL_InitTick                             0x08000d2d   Thumb Code    82  py32f002b_hal.o(i.HAL_InitTick)
    HAL_MspInit                              0x08000d8d   Thumb Code     2  py32f002b_hal.o(i.HAL_MspInit)
    HAL_NVIC_EnableIRQ                       0x08000d91   Thumb Code    18  py32f002b_hal_cortex.o(i.HAL_NVIC_EnableIRQ)
    HAL_NVIC_SetPriority                     0x08000da9   Thumb Code    18  py32f002b_hal_cortex.o(i.HAL_NVIC_SetPriority)
    HAL_RCC_GetHCLKFreq                      0x08000dbd   Thumb Code     6  py32f002b_hal_rcc.o(i.HAL_RCC_GetHCLKFreq)
    HAL_RCC_GetPCLK1Freq                     0x08000dc9   Thumb Code    32  py32f002b_hal_rcc.o(i.HAL_RCC_GetPCLK1Freq)
    HAL_SYSTICK_Config                       0x08000df1   Thumb Code    46  py32f002b_hal_cortex.o(i.HAL_SYSTICK_Config)
    HAL_UART_Init                            0x08000e29   Thumb Code   138  py32f002b_hal_uart.o(i.HAL_UART_Init)
    HAL_UART_MspInit                         0x08000eb5   Thumb Code   130  user_usart1.o(i.HAL_UART_MspInit)
    HardFault_Handler                        0x08000f41   Thumb Code     4  py32f002b_it.o(i.HardFault_Handler)
    NMI_Handler                              0x08000f45   Thumb Code     2  py32f002b_it.o(i.NMI_Handler)
    PRB480_BoardInterfaceConfig              0x08001221   Thumb Code   150  prb480.o(i.PRB480_BoardInterfaceConfig)
    PRB480_CalcCRC16                         0x080012d5   Thumb Code    16  prb480.o(i.PRB480_CalcCRC16)
    PRB480_CopyScratchpadVerified            0x080013cd   Thumb Code   528  prb480.o(i.PRB480_CopyScratchpadVerified)
    PRB480_IO_IN                             0x08001e6d   Thumb Code    84  prb480.o(i.PRB480_IO_IN)
    PRB480_Init                              0x08001ec9   Thumb Code    26  prb480.o(i.PRB480_Init)
    PRB480_LoadFirstSecret                   0x08001fd1   Thumb Code   314  prb480.o(i.PRB480_LoadFirstSecret)
    PRB480_MatchROM                          0x080021a5   Thumb Code    30  prb480.o(i.PRB480_MatchROM)
    PRB480_PowerPMOS_Off                     0x080021d1   Thumb Code    10  prb480.o(i.PRB480_PowerPMOS_Off)
    PRB480_ReadAuthenticatedPageEx           0x08002229   Thumb Code   196  prb480.o(i.PRB480_ReadAuthenticatedPageEx)
    PRB480_ReadBit                           0x080028d5   Thumb Code   126  prb480.o(i.PRB480_ReadBit)
    PRB480_ReadByte                          0x0800297d   Thumb Code    50  prb480.o(i.PRB480_ReadByte)
    PRB480_ReadMemory                        0x080029af   Thumb Code    70  prb480.o(i.PRB480_ReadMemory)
    PRB480_ReadROM                           0x080029f5   Thumb Code   138  prb480.o(i.PRB480_ReadROM)
    PRB480_ReadScratchpad                    0x08002ad9   Thumb Code   202  prb480.o(i.PRB480_ReadScratchpad)
    PRB480_Reset                             0x08002ba3   Thumb Code    32  prb480.o(i.PRB480_Reset)
    PRB480_ResponsePMOS_Off                  0x08002bc5   Thumb Code    10  prb480.o(i.PRB480_ResponsePMOS_Off)
    PRB480_ResponsePMOS_On                   0x08002bd9   Thumb Code    10  prb480.o(i.PRB480_ResponsePMOS_On)
    PRB480_SetAdcThreshold                   0x08002d35   Thumb Code     6  prb480.o(i.PRB480_SetAdcThreshold)
    PRB480_SkipROM                           0x08002d41   Thumb Code    10  prb480.o(i.PRB480_SkipROM)
    PRB480_Step5_ReadScratchpad              0x08002f19   Thumb Code   236  prb480.o(i.PRB480_Step5_ReadScratchpad)
    PRB480_WriteAndVerifyScratchpad          0x08003265   Thumb Code   284  prb480.o(i.PRB480_WriteAndVerifyScratchpad)
    PRB480_WriteBit                          0x080034d1   Thumb Code    96  prb480.o(i.PRB480_WriteBit)
    PRB480_WriteByte                         0x0800353d   Thumb Code    36  prb480.o(i.PRB480_WriteByte)
    PRB480_WriteScratchpad                   0x08003561   Thumb Code   166  prb480.o(i.PRB480_WriteScratchpad)
    PendSV_Handler                           0x08003607   Thumb Code     2  py32f002b_it.o(i.PendSV_Handler)
    SVC_Handler                              0x08003609   Thumb Code     2  py32f002b_it.o(i.SVC_Handler)
    SysTick_Handler                          0x0800360b   Thumb Code     8  py32f002b_it.o(i.SysTick_Handler)
    SystemInit                               0x08003615   Thumb Code    56  system_py32f002b.o(i.SystemInit)
    TMX_Delay_ms                             0x0800365d   Thumb Code    12  prb480.o(i.TMX_Delay_ms)
    TMX_Delay_us                             0x08003669   Thumb Code    90  prb480.o(i.TMX_Delay_us)
    USART1_IRQHandler                        0x080038ad   Thumb Code    74  user_usart1.o(i.USART1_IRQHandler)
    USART1_Send_Byte                         0x08003909   Thumb Code    20  user_usart1.o(i.USART1_Send_Byte)
    User_System_Clock_Init                   0x08003921   Thumb Code    16  user_system_clock_config.o(i.User_System_Clock_Init)
    User_USART1_Init                         0x08003935   Thumb Code    88  user_usart1.o(i.User_USART1_Init)
    __0printf                                0x08003995   Thumb Code    24  printfa.o(i.__0printf)
    __1printf                                0x08003995   Thumb Code     0  printfa.o(i.__0printf)
    __2printf                                0x08003995   Thumb Code     0  printfa.o(i.__0printf)
    __c89printf                              0x08003995   Thumb Code     0  printfa.o(i.__0printf)
    printf                                   0x08003995   Thumb Code     0  printfa.o(i.__0printf)
    __ARM_clz                                0x080039b5   Thumb Code    46  depilogue.o(i.__ARM_clz)
    __scatterload_copy                       0x080039e3   Thumb Code    14  handlers.o(i.__scatterload_copy)
    __scatterload_null                       0x080039f1   Thumb Code     2  handlers.o(i.__scatterload_null)
    __scatterload_zeroinit                   0x080039f3   Thumb Code    14  handlers.o(i.__scatterload_zeroinit)
    fputc                                    0x080042ad   Thumb Code    16  user_usart1.o(i.fputc)
    main                                     0x080042bd   Thumb Code   786  main.o(i.main)
    AHBPrescTable                            0x08004948   Data          64  system_py32f002b.o(.constdata)
    APBPrescTable                            0x08004988   Data          32  system_py32f002b.o(.constdata)
    HSIFreqTable                             0x080049a8   Data          32  system_py32f002b.o(.constdata)
    Region$$Table$$Base                      0x08004b48   Number         0  anon$$obj.o(Region$$Table)
    Region$$Table$$Limit                     0x08004b68   Number         0  anon$$obj.o(Region$$Table)
    SystemCoreClock                          0x20000000   Data           4  system_py32f002b.o(.data)
    uwTick                                   0x20000004   Data           4  py32f002b_hal.o(.data)
    uwTickPrio                               0x20000008   Data           4  py32f002b_hal.o(.data)
    uwTickFreq                               0x2000000c   Data           4  py32f002b_hal.o(.data)
    UART1_Rec_Count                          0x20000010   Data           1  user_usart1.o(.data)
    G_UART1_RecFlag                          0x20000011   Data           1  user_usart1.o(.data)
    __stdout                                 0x20000028   Data           4  stdout.o(.data)
    G_UART1_RecBuffer                        0x2000002c   Data          16  user_usart1.o(.bss)
    USART1_Handle                            0x2000003c   Data          68  user_usart1.o(.bss)
    __initial_sp                             0x20000578   Data           0  startup_py32f002bxx.o(STACK)



==============================================================================

Memory Map of the image

  Image Entry point : 0x080000c1

  Load Region LR_IROM1 (Base: 0x08000000, Size: 0x00004b94, Max: 0x00006000, ABSOLUTE)

    Execution Region ER_IROM1 (Exec base: 0x08000000, Load base: 0x08000000, Size: 0x00004b68, Max: 0x00006000, ABSOLUTE)

    Exec Addr    Load Addr    Size         Type   Attr      Idx    E Section Name        Object

    0x08000000   0x08000000   0x000000c0   Data   RO            3    RESET               startup_py32f002bxx.o
    0x080000c0   0x080000c0   0x00000000   Code   RO         2516  * .ARM.Collect$$$$00000000  mc_p.l(entry.o)
    0x080000c0   0x080000c0   0x00000004   Code   RO         2798    .ARM.Collect$$$$00000001  mc_p.l(entry2.o)
    0x080000c4   0x080000c4   0x00000004   Code   RO         2801    .ARM.Collect$$$$00000004  mc_p.l(entry5.o)
    0x080000c8   0x080000c8   0x00000000   Code   RO         2803    .ARM.Collect$$$$00000008  mc_p.l(entry7b.o)
    0x080000c8   0x080000c8   0x00000000   Code   RO         2805    .ARM.Collect$$$$0000000A  mc_p.l(entry8b.o)
    0x080000c8   0x080000c8   0x00000008   Code   RO         2806    .ARM.Collect$$$$0000000B  mc_p.l(entry9a.o)
    0x080000d0   0x080000d0   0x00000000   Code   RO         2808    .ARM.Collect$$$$0000000D  mc_p.l(entry10a.o)
    0x080000d0   0x080000d0   0x00000000   Code   RO         2810    .ARM.Collect$$$$0000000F  mc_p.l(entry11a.o)
    0x080000d0   0x080000d0   0x00000004   Code   RO         2799    .ARM.Collect$$$$00002712  mc_p.l(entry2.o)
    0x080000d4   0x080000d4   0x0000001c   Code   RO            4    .text               startup_py32f002bxx.o
    0x080000f0   0x080000f0   0x0000002c   Code   RO         2519    .text               mc_p.l(uidiv.o)
    0x0800011c   0x0800011c   0x00000024   Code   RO         2521    .text               mc_p.l(memcpya.o)
    0x08000140   0x08000140   0x00000024   Code   RO         2523    .text               mc_p.l(memseta.o)
    0x08000164   0x08000164   0x0000001a   Code   RO         2527    .text               mc_p.l(memcmp.o)
    0x0800017e   0x0800017e   0x00000002   PAD
    0x08000180   0x08000180   0x000000d0   Code   RO         2792    .text               mf_p.l(dmul.o)
    0x08000250   0x08000250   0x000000f0   Code   RO         2794    .text               mf_p.l(ddiv.o)
    0x08000340   0x08000340   0x00000060   Code   RO         2813    .text               mc_p.l(uldiv.o)
    0x080003a0   0x080003a0   0x00000000   Code   RO         2815    .text               mc_p.l(iusefp.o)
    0x080003a0   0x080003a0   0x000000be   Code   RO         2816    .text               mf_p.l(depilogue.o)
    0x0800045e   0x0800045e   0x00000002   PAD
    0x08000460   0x08000460   0x00000164   Code   RO         2820    .text               mf_p.l(dadd.o)
    0x080005c4   0x080005c4   0x00000040   Code   RO         2822    .text               mf_p.l(dfixul.o)
    0x08000604   0x08000604   0x00000028   Code   RO         2824    .text               mf_p.l(cdrcmple.o)
    0x0800062c   0x0800062c   0x00000024   Code   RO         2826    .text               mc_p.l(init.o)
    0x08000650   0x08000650   0x00000020   Code   RO         2828    .text               mc_p.l(llshl.o)
    0x08000670   0x08000670   0x00000022   Code   RO         2830    .text               mc_p.l(llushr.o)
    0x08000692   0x08000692   0x00000026   Code   RO         2832    .text               mc_p.l(llsshr.o)
    0x080006b8   0x080006b8   0x0000003c   Code   RO         2438    i.Cal_Crc16         crc16.o
    0x080006f4   0x080006f4   0x00000044   Code   RO         2439    i.Cal_Crc16_bit     crc16.o
    0x08000738   0x08000738   0x0000001c   Code   RO           12    i.DelayTime         system_py32f002b.o
    0x08000754   0x08000754   0x0000009e   Code   RO          336    i.HAL_ADC_Calibration_Start  py32f002b_hal_adc.o
    0x080007f2   0x080007f2   0x00000002   PAD
    0x080007f4   0x080007f4   0x00000180   Code   RO          337    i.HAL_ADC_ConfigChannel  py32f002b_hal_adc.o
    0x08000974   0x08000974   0x00000194   Code   RO          347    i.HAL_ADC_Init      py32f002b_hal_adc.o
    0x08000b08   0x08000b08   0x00000002   Code   RO          350    i.HAL_ADC_MspInit   py32f002b_hal_adc.o
    0x08000b0a   0x08000b0a   0x00000002   PAD
    0x08000b0c   0x08000b0c   0x0000002c   Code   RO          129    i.HAL_Delay         py32f002b_hal.o
    0x08000b38   0x08000b38   0x000001b4   Code   RO          738    i.HAL_GPIO_Init     py32f002b_hal_gpio.o
    0x08000cec   0x08000cec   0x0000000c   Code   RO          133    i.HAL_GetTick       py32f002b_hal.o
    0x08000cf8   0x08000cf8   0x00000018   Code   RO          139    i.HAL_IncTick       py32f002b_hal.o
    0x08000d10   0x08000d10   0x0000001a   Code   RO          140    i.HAL_Init          py32f002b_hal.o
    0x08000d2a   0x08000d2a   0x00000002   PAD
    0x08000d2c   0x08000d2c   0x00000060   Code   RO          141    i.HAL_InitTick      py32f002b_hal.o
    0x08000d8c   0x08000d8c   0x00000002   Code   RO          143    i.HAL_MspInit       py32f002b_hal.o
    0x08000d8e   0x08000d8e   0x00000002   PAD
    0x08000d90   0x08000d90   0x00000018   Code   RO          519    i.HAL_NVIC_EnableIRQ  py32f002b_hal_cortex.o
    0x08000da8   0x08000da8   0x00000012   Code   RO          523    i.HAL_NVIC_SetPriority  py32f002b_hal_cortex.o
    0x08000dba   0x08000dba   0x00000002   PAD
    0x08000dbc   0x08000dbc   0x0000000c   Code   RO          928    i.HAL_RCC_GetHCLKFreq  py32f002b_hal_rcc.o
    0x08000dc8   0x08000dc8   0x00000028   Code   RO          930    i.HAL_RCC_GetPCLK1Freq  py32f002b_hal_rcc.o
    0x08000df0   0x08000df0   0x00000038   Code   RO          527    i.HAL_SYSTICK_Config  py32f002b_hal_cortex.o
    0x08000e28   0x08000e28   0x0000008a   Code   RO         1307    i.HAL_UART_Init     py32f002b_hal_uart.o
    0x08000eb2   0x08000eb2   0x00000002   PAD
    0x08000eb4   0x08000eb4   0x0000008c   Code   RO         1860    i.HAL_UART_MspInit  user_usart1.o
    0x08000f40   0x08000f40   0x00000004   Code   RO         1790    i.HardFault_Handler  py32f002b_it.o
    0x08000f44   0x08000f44   0x00000002   Code   RO         1791    i.NMI_Handler       py32f002b_it.o
    0x08000f46   0x08000f46   0x00000002   PAD
    0x08000f48   0x08000f48   0x00000078   Code   RO          529    i.NVIC_SetPriority  py32f002b_hal_cortex.o
    0x08000fc0   0x08000fc0   0x00000188   Code   RO         1969    i.PRB480_ADC_Config  prb480.o
    0x08001148   0x08001148   0x000000a0   Code   RO         1970    i.PRB480_AdcLogDump  prb480.o
    0x080011e8   0x080011e8   0x00000038   Code   RO         1971    i.PRB480_AdcLogStart  prb480.o
    0x08001220   0x08001220   0x000000b4   Code   RO         1972    i.PRB480_BoardInterfaceConfig  prb480.o
    0x080012d4   0x080012d4   0x00000010   Code   RO         1973    i.PRB480_CalcCRC16  prb480.o
    0x080012e4   0x080012e4   0x00000038   Code   RO         1974    i.PRB480_CalcCRC8   prb480.o
    0x0800131c   0x0800131c   0x0000001e   Code   RO         1976    i.PRB480_CheckAlternatingResponse  prb480.o
    0x0800133a   0x0800133a   0x0000002a   Code   RO         1978    i.PRB480_CheckPostCopyES  prb480.o
    0x08001364   0x08001364   0x0000002a   Code   RO         1979    i.PRB480_CheckScratchpadES  prb480.o
    0x0800138e   0x0800138e   0x0000001a   Code   RO         1980    i.PRB480_CheckWriteAddress  prb480.o
    0x080013a8   0x080013a8   0x00000024   Code   RO         1981    i.PRB480_CommandStart  prb480.o
    0x080013cc   0x080013cc   0x00000290   Code   RO         1984    i.PRB480_CopyScratchpadVerified  prb480.o
    0x0800165c   0x0800165c   0x00000414   Code   RO         1986    i.PRB480_DebugPrintCopyMACInputs  prb480.o
    0x08001a70   0x08001a70   0x00000018   Code   RO         1989    i.PRB480_DelayNop   prb480.o
    0x08001a88   0x08001a88   0x00000114   Code   RO         1992    i.PRB480_GenerateCopyConfigPageMAC  prb480.o
    0x08001b9c   0x08001b9c   0x000000c2   Code   RO         1993    i.PRB480_GenerateCopyDataPageMAC  prb480.o
    0x08001c5e   0x08001c5e   0x00000002   PAD
    0x08001c60   0x08001c60   0x00000078   Code   RO         1994    i.PRB480_GenerateCopyMAC  prb480.o
    0x08001cd8   0x08001cd8   0x0000010c   Code   RO         1995    i.PRB480_GenerateReadAuthPageMAC  prb480.o
    0x08001de4   0x08001de4   0x0000001a   Code   RO         1996    i.PRB480_GetCopyTargetArea  prb480.o
    0x08001dfe   0x08001dfe   0x00000014   Code   RO         1998    i.PRB480_GetPinPos  prb480.o
    0x08001e12   0x08001e12   0x00000002   PAD
    0x08001e14   0x08001e14   0x00000058   Code   RO         1999    i.PRB480_IO_ANALOG  prb480.o
    0x08001e6c   0x08001e6c   0x0000005c   Code   RO         2000    i.PRB480_IO_IN      prb480.o
    0x08001ec8   0x08001ec8   0x0000001a   Code   RO         2002    i.PRB480_Init       prb480.o
    0x08001ee2   0x08001ee2   0x00000002   PAD
    0x08001ee4   0x08001ee4   0x000000ec   Code   RO         2003    i.PRB480_LoadChallengeScratchpad  prb480.o
    0x08001fd0   0x08001fd0   0x000001d4   Code   RO         2004    i.PRB480_LoadFirstSecret  prb480.o
    0x080021a4   0x080021a4   0x0000001e   Code   RO         2006    i.PRB480_MatchROM   prb480.o
    0x080021c2   0x080021c2   0x00000002   PAD
    0x080021c4   0x080021c4   0x0000000c   Code   RO         2007    i.PRB480_PageStart  prb480.o
    0x080021d0   0x080021d0   0x00000014   Code   RO         2008    i.PRB480_PowerPMOS_Off  prb480.o
    0x080021e4   0x080021e4   0x00000044   Code   RO         2010    i.PRB480_ReadAdcRaw  prb480.o
    0x08002228   0x08002228   0x00000190   Code   RO         2013    i.PRB480_ReadAuthenticatedPageEx  prb480.o
    0x080023b8   0x080023b8   0x0000051c   Code   RO         2014    i.PRB480_ReadAuthenticatedPageRaw  prb480.o
    0x080028d4   0x080028d4   0x000000a8   Code   RO         2015    i.PRB480_ReadBit    prb480.o
    0x0800297c   0x0800297c   0x00000032   Code   RO         2016    i.PRB480_ReadByte   prb480.o
    0x080029ae   0x080029ae   0x00000046   Code   RO         2017    i.PRB480_ReadMemory  prb480.o
    0x080029f4   0x080029f4   0x000000e4   Code   RO         2018    i.PRB480_ReadROM    prb480.o
    0x08002ad8   0x08002ad8   0x000000ca   Code   RO         2019    i.PRB480_ReadScratchpad  prb480.o
    0x08002ba2   0x08002ba2   0x00000020   Code   RO         2020    i.PRB480_Reset      prb480.o
    0x08002bc2   0x08002bc2   0x00000002   PAD
    0x08002bc4   0x08002bc4   0x00000014   Code   RO         2021    i.PRB480_ResponsePMOS_Off  prb480.o
    0x08002bd8   0x08002bd8   0x00000014   Code   RO         2022    i.PRB480_ResponsePMOS_On  prb480.o
    0x08002bec   0x08002bec   0x00000148   Code   RO         2023    i.PRB480_RunMacCompression  prb480.o
    0x08002d34   0x08002d34   0x0000000c   Code   RO         2025    i.PRB480_SetAdcThreshold  prb480.o
    0x08002d40   0x08002d40   0x0000000a   Code   RO         2028    i.PRB480_SkipROM    prb480.o
    0x08002d4a   0x08002d4a   0x0000004e   Code   RO         2029    i.PRB480_StateToBusMAC  prb480.o
    0x08002d98   0x08002d98   0x00000180   Code   RO         2030    i.PRB480_Step5_CopyScratchpad  prb480.o
    0x08002f18   0x08002f18   0x000000f0   Code   RO         2031    i.PRB480_Step5_ReadScratchpad  prb480.o
    0x08003008   0x08003008   0x00000066   Code   RO         2034    i.PRB480_VerifyPostCopyScratchpad  prb480.o
    0x0800306e   0x0800306e   0x00000002   PAD
    0x08003070   0x08003070   0x00000080   Code   RO         2035    i.PRB480_VerifyReadAuthPageCRC  prb480.o
    0x080030f0   0x080030f0   0x0000006c   Code   RO         2036    i.PRB480_VerifyScratchpad  prb480.o
    0x0800315c   0x0800315c   0x000000b8   Code   RO         2038    i.PRB480_WaitCopyResult  prb480.o
    0x08003214   0x08003214   0x00000050   Code   RO         2041    i.PRB480_WaitSlotEnd  prb480.o
    0x08003264   0x08003264   0x0000026c   Code   RO         2042    i.PRB480_WriteAndVerifyScratchpad  prb480.o
    0x080034d0   0x080034d0   0x0000006c   Code   RO         2044    i.PRB480_WriteBit   prb480.o
    0x0800353c   0x0800353c   0x00000024   Code   RO         2045    i.PRB480_WriteByte  prb480.o
    0x08003560   0x08003560   0x000000a6   Code   RO         2046    i.PRB480_WriteScratchpad  prb480.o
    0x08003606   0x08003606   0x00000002   Code   RO         1792    i.PendSV_Handler    py32f002b_it.o
    0x08003608   0x08003608   0x00000002   Code   RO         1793    i.SVC_Handler       py32f002b_it.o
    0x0800360a   0x0800360a   0x00000008   Code   RO         1794    i.SysTick_Handler   py32f002b_it.o
    0x08003612   0x08003612   0x00000002   PAD
    0x08003614   0x08003614   0x00000048   Code   RO           14    i.SystemInit        system_py32f002b.o
    0x0800365c   0x0800365c   0x0000000c   Code   RO         2047    i.TMX_Delay_ms      prb480.o
    0x08003668   0x08003668   0x00000068   Code   RO         2048    i.TMX_Delay_us      prb480.o
    0x080036d0   0x080036d0   0x00000038   Code   RO         1318    i.UART_AdvFeatureConfig  py32f002b_hal_uart.o
    0x08003708   0x08003708   0x000001a4   Code   RO         1322    i.UART_SetConfig    py32f002b_hal_uart.o
    0x080038ac   0x080038ac   0x0000005c   Code   RO         1861    i.USART1_IRQHandler  user_usart1.o
    0x08003908   0x08003908   0x00000018   Code   RO         1862    i.USART1_Send_Byte  user_usart1.o
    0x08003920   0x08003920   0x00000014   Code   RO         1917    i.User_System_Clock_Init  user_system_clock_config.o
    0x08003934   0x08003934   0x00000060   Code   RO         1863    i.User_USART1_Init  user_usart1.o
    0x08003994   0x08003994   0x00000020   Code   RO         2764    i.__0printf         mc_p.l(printfa.o)
    0x080039b4   0x080039b4   0x0000002e   Code   RO         2818    i.__ARM_clz         mf_p.l(depilogue.o)
    0x080039e2   0x080039e2   0x0000000e   Code   RO         2836    i.__scatterload_copy  mc_p.l(handlers.o)
    0x080039f0   0x080039f0   0x00000002   Code   RO         2837    i.__scatterload_null  mc_p.l(handlers.o)
    0x080039f2   0x080039f2   0x0000000e   Code   RO         2838    i.__scatterload_zeroinit  mc_p.l(handlers.o)
    0x08003a00   0x08003a00   0x00000174   Code   RO         2771    i._fp_digits        mc_p.l(printfa.o)
    0x08003b74   0x08003b74   0x000006ec   Code   RO         2772    i._printf_core      mc_p.l(printfa.o)
    0x08004260   0x08004260   0x00000020   Code   RO         2773    i._printf_post_padding  mc_p.l(printfa.o)
    0x08004280   0x08004280   0x0000002c   Code   RO         2774    i._printf_pre_padding  mc_p.l(printfa.o)
    0x080042ac   0x080042ac   0x00000010   Code   RO         1865    i.fputc             user_usart1.o
    0x080042bc   0x080042bc   0x0000068c   Code   RO         1754    i.main              main.o
    0x08004948   0x08004948   0x00000080   Data   RO           15    .constdata          system_py32f002b.o
    0x080049c8   0x080049c8   0x0000017f   Data   RO         2051    .conststring        prb480.o
    0x08004b47   0x08004b47   0x00000001   PAD
    0x08004b48   0x08004b48   0x00000020   Data   RO         2834    Region$$Table       anon$$obj.o


    Execution Region RW_IRAM1 (Exec base: 0x20000000, Load base: 0x08004b68, Size: 0x00000578, Max: 0x00000c00, ABSOLUTE)

    Exec Addr    Load Addr    Size         Type   Attr      Idx    E Section Name        Object

    0x20000000   0x08004b68   0x00000004   Data   RW           16    .data               system_py32f002b.o
    0x20000004   0x08004b6c   0x0000000c   Data   RW          156    .data               py32f002b_hal.o
    0x20000010   0x08004b78   0x00000002   Data   RW         1867    .data               user_usart1.o
    0x20000012   0x08004b7a   0x00000002   PAD
    0x20000014   0x08004b7c   0x00000013   Data   RW         2052    .data               prb480.o
    0x20000027   0x08004b8f   0x00000001   PAD
    0x20000028   0x08004b90   0x00000004   Data   RW         2812    .data               mc_p.l(stdout.o)
    0x2000002c        -       0x00000054   Zero   RW         1866    .bss                user_usart1.o
    0x20000080        -       0x000000f8   Zero   RW         2049    .bss                prb480.o
    0x20000178        -       0x00000400   Zero   RW            1    STACK               startup_py32f002bxx.o


==============================================================================

Image component sizes


      Code (inc. data)   RO Data    RW Data    ZI Data      Debug   Object Name

       128          4          0          0          0       1656   crc16.o
      1676        890          0          0          0       2903   main.o
      9902       2662        383         19        248      45625   prb480.o
       204         34          0         12          0       4495   py32f002b_hal.o
       948         26          0          0          0       3905   py32f002b_hal_adc.o
       218         26          0          0          0       9281   py32f002b_hal_cortex.o
       436          8          0          0          0       1632   py32f002b_hal_gpio.o
        52         14          0          0          0       1121   py32f002b_hal_rcc.o
       614          6          0          0          0       2384   py32f002b_hal_uart.o
        18          0          0          0          0       2279   py32f002b_it.o
        28          8        192          0       1024        748   startup_py32f002bxx.o
       100         20        128          4          0     157376   system_py32f002b.o
        20          4          0          0          0        557   user_system_clock_config.o
       368         40          0          2         84       3791   user_usart1.o

    ----------------------------------------------------------------------
     14740       3742        736         40       1356     237753   Object Totals
         0          0         32          0          0          0   (incl. Generated)
        28          0          1          3          0          0   (incl. Padding)

    ----------------------------------------------------------------------

      Code (inc. data)   RO Data    RW Data    ZI Data      Debug   Library Member Name

         0          0          0          0          0          0   entry.o
         0          0          0          0          0          0   entry10a.o
         0          0          0          0          0          0   entry11a.o
         8          4          0          0          0          0   entry2.o
         4          0          0          0          0          0   entry5.o
         0          0          0          0          0          0   entry7b.o
         0          0          0          0          0          0   entry8b.o
         8          4          0          0          0          0   entry9a.o
        30          0          0          0          0          0   handlers.o
        36          8          0          0          0         68   init.o
         0          0          0          0          0          0   iusefp.o
        32          0          0          0          0         68   llshl.o
        38          0          0          0          0         68   llsshr.o
        34          0          0          0          0         68   llushr.o
        26          0          0          0          0         72   memcmp.o
        36          0          0          0          0         60   memcpya.o
        36          0          0          0          0        100   memseta.o
      2252         98          0          0          0        412   printfa.o
         0          0          0          4          0          0   stdout.o
        44          0          0          0          0         72   uidiv.o
        96          0          0          0          0         84   uldiv.o
        40          2          0          0          0         68   cdrcmple.o
       356          4          0          0          0        140   dadd.o
       240          6          0          0          0         84   ddiv.o
       236          0          0          0          0        216   depilogue.o
        64         10          0          0          0         68   dfixul.o
       208          6          0          0          0         88   dmul.o

    ----------------------------------------------------------------------
      3828        142          0          4          0       1736   Library Totals
         4          0          0          0          0          0   (incl. Padding)

    ----------------------------------------------------------------------

      Code (inc. data)   RO Data    RW Data    ZI Data      Debug   Library Name

      2680        114          0          4          0       1072   mc_p.l
      1144         28          0          0          0        664   mf_p.l

    ----------------------------------------------------------------------
      3828        142          0          4          0       1736   Library Totals

    ----------------------------------------------------------------------

==============================================================================


      Code (inc. data)   RO Data    RW Data    ZI Data      Debug   

     18568       3884        736         44       1356     234925   Grand Totals
     18568       3884        736         44       1356     234925   ELF Image Totals
     18568       3884        736         44          0          0   ROM Totals

==============================================================================

    Total RO  Size (Code + RO Data)                19304 (  18.85kB)
    Total RW  Size (RW Data + ZI Data)              1400 (   1.37kB)
    Total ROM Size (Code + RO Data + RW Data)      19348 (  18.89kB)

==============================================================================

