Component: ARM Compiler 5.06 update 7 (build 960) Tool: armlink [4d3601]

==============================================================================

Section Cross References

    startup_py32f002bxx.o(RESET) refers to startup_py32f002bxx.o(STACK) for __initial_sp
    startup_py32f002bxx.o(RESET) refers to startup_py32f002bxx.o(.text) for Reset_Handler
    startup_py32f002bxx.o(RESET) refers to py32f002b_it.o(i.NMI_Handler) for NMI_Handler
    startup_py32f002bxx.o(RESET) refers to py32f002b_it.o(i.HardFault_Handler) for HardFault_Handler
    startup_py32f002bxx.o(RESET) refers to py32f002b_it.o(i.SVC_Handler) for SVC_Handler
    startup_py32f002bxx.o(RESET) refers to py32f002b_it.o(i.PendSV_Handler) for PendSV_Handler
    startup_py32f002bxx.o(RESET) refers to py32f002b_it.o(i.SysTick_Handler) for SysTick_Handler
    startup_py32f002bxx.o(RESET) refers to ir.o(i.EXTI0_1_IRQHandler) for EXTI0_1_IRQHandler
    startup_py32f002bxx.o(RESET) refers to user_usart1.o(i.USART1_IRQHandler) for USART1_IRQHandler
    startup_py32f002bxx.o(.text) refers to system_py32f002b.o(i.SystemInit) for SystemInit
    startup_py32f002bxx.o(.text) refers to entry.o(.ARM.Collect$$$$00000000) for __main
    system_py32f002b.o(i.SystemCoreClockUpdate) refers to uidiv.o(.text) for __aeabi_uidivmod
    system_py32f002b.o(i.SystemCoreClockUpdate) refers to system_py32f002b.o(.data) for SystemCoreClock
    system_py32f002b.o(i.SystemCoreClockUpdate) refers to system_py32f002b.o(.constdata) for HSIFreqTable
    system_py32f002b.o(i.SystemInit) refers to system_py32f002b.o(i.DelayTime) for DelayTime
    py32f002b_hal.o(i.HAL_DeInit) refers to py32f002b_hal.o(i.HAL_MspDeInit) for HAL_MspDeInit
    py32f002b_hal.o(i.HAL_Delay) refers to py32f002b_hal.o(i.HAL_GetTick) for HAL_GetTick
    py32f002b_hal.o(i.HAL_Delay) refers to py32f002b_hal.o(.data) for uwTickFreq
    py32f002b_hal.o(i.HAL_GetTick) refers to py32f002b_hal.o(.data) for uwTick
    py32f002b_hal.o(i.HAL_GetTickFreq) refers to py32f002b_hal.o(.data) for uwTickFreq
    py32f002b_hal.o(i.HAL_GetTickPrio) refers to py32f002b_hal.o(.data) for uwTickPrio
    py32f002b_hal.o(i.HAL_IncTick) refers to py32f002b_hal.o(.data) for uwTick
    py32f002b_hal.o(i.HAL_Init) refers to py32f002b_hal.o(i.HAL_InitTick) for HAL_InitTick
    py32f002b_hal.o(i.HAL_Init) refers to py32f002b_hal.o(i.HAL_MspInit) for HAL_MspInit
    py32f002b_hal.o(i.HAL_InitTick) refers to uidiv.o(.text) for __aeabi_uidivmod
    py32f002b_hal.o(i.HAL_InitTick) refers to py32f002b_hal_cortex.o(i.HAL_SYSTICK_Config) for HAL_SYSTICK_Config
    py32f002b_hal.o(i.HAL_InitTick) refers to py32f002b_hal_cortex.o(i.HAL_NVIC_SetPriority) for HAL_NVIC_SetPriority
    py32f002b_hal.o(i.HAL_InitTick) refers to py32f002b_hal.o(.data) for uwTickFreq
    py32f002b_hal.o(i.HAL_InitTick) refers to system_py32f002b.o(.data) for SystemCoreClock
    py32f002b_hal.o(i.HAL_SetTickFreq) refers to py32f002b_hal.o(i.HAL_InitTick) for HAL_InitTick
    py32f002b_hal.o(i.HAL_SetTickFreq) refers to py32f002b_hal.o(.data) for uwTickFreq
    py32f002b_hal_adc.o(i.ADC_ConversionStop) refers to py32f002b_hal.o(i.HAL_GetTick) for HAL_GetTick
    py32f002b_hal_adc.o(i.ADC_Disable) refers to py32f002b_hal.o(i.HAL_GetTick) for HAL_GetTick
    py32f002b_hal_adc.o(i.ADC_Enable) refers to uidiv.o(.text) for __aeabi_uidivmod
    py32f002b_hal_adc.o(i.ADC_Enable) refers to system_py32f002b.o(.data) for SystemCoreClock
    py32f002b_hal_adc.o(i.HAL_ADC_Calibration_SetAndStart) refers to py32f002b_hal.o(i.HAL_GetTick) for HAL_GetTick
    py32f002b_hal_adc.o(i.HAL_ADC_Calibration_Start) refers to py32f002b_hal.o(i.HAL_GetTick) for HAL_GetTick
    py32f002b_hal_adc.o(i.HAL_ADC_ConfigChannel) refers to uidiv.o(.text) for __aeabi_uidivmod
    py32f002b_hal_adc.o(i.HAL_ADC_ConfigChannel) refers to system_py32f002b.o(.data) for SystemCoreClock
    py32f002b_hal_adc.o(i.HAL_ADC_DeInit) refers to py32f002b_hal_adc.o(i.ADC_ConversionStop) for ADC_ConversionStop
    py32f002b_hal_adc.o(i.HAL_ADC_DeInit) refers to py32f002b_hal_adc.o(i.ADC_Disable) for ADC_Disable
    py32f002b_hal_adc.o(i.HAL_ADC_DeInit) refers to py32f002b_hal_adc.o(i.HAL_ADC_MspDeInit) for HAL_ADC_MspDeInit
    py32f002b_hal_adc.o(i.HAL_ADC_IRQHandler) refers to py32f002b_hal_adc.o(i.HAL_ADC_ConvCpltCallback) for HAL_ADC_ConvCpltCallback
    py32f002b_hal_adc.o(i.HAL_ADC_IRQHandler) refers to py32f002b_hal_adc.o(i.HAL_ADC_LevelOutOfWindowCallback) for HAL_ADC_LevelOutOfWindowCallback
    py32f002b_hal_adc.o(i.HAL_ADC_IRQHandler) refers to py32f002b_hal_adc.o(i.HAL_ADC_ErrorCallback) for HAL_ADC_ErrorCallback
    py32f002b_hal_adc.o(i.HAL_ADC_Init) refers to py32f002b_hal_adc.o(i.HAL_ADC_MspInit) for HAL_ADC_MspInit
    py32f002b_hal_adc.o(i.HAL_ADC_PollForConversion) refers to py32f002b_hal.o(i.HAL_GetTick) for HAL_GetTick
    py32f002b_hal_adc.o(i.HAL_ADC_PollForEvent) refers to py32f002b_hal.o(i.HAL_GetTick) for HAL_GetTick
[...]
    py32f002b_hal_uart.o(i.HAL_UART_IRQHandler) refers to py32f002b_hal_uart.o(i.UART_EndRxTransfer) for UART_EndRxTransfer
    py32f002b_hal_uart.o(i.HAL_UART_IRQHandler) refers to py32f002b_hal_uart.o(i.HAL_UART_ErrorCallback) for HAL_UART_ErrorCallback
    py32f002b_hal_uart.o(i.HAL_UART_IRQHandler) refers to py32f002b_hal_uart.o(i.HAL_UART_IdleFrameDetectCpltCallback) for HAL_UART_IdleFrameDetectCpltCallback
    py32f002b_hal_uart.o(i.HAL_UART_IRQHandler) refers to py32f002b_hal_uart.o(i.UART_Transmit_IT) for UART_Transmit_IT
    py32f002b_hal_uart.o(i.HAL_UART_IRQHandler) refers to py32f002b_hal_uart.o(i.UART_EndTransmit_IT) for UART_EndTransmit_IT
    py32f002b_hal_uart.o(i.HAL_UART_Init) refers to user_usart1.o(i.HAL_UART_MspInit) for HAL_UART_MspInit
    py32f002b_hal_uart.o(i.HAL_UART_Init) refers to py32f002b_hal_uart.o(i.UART_SetConfig) for UART_SetConfig
    py32f002b_hal_uart.o(i.HAL_UART_Init) refers to py32f002b_hal_uart.o(i.UART_AdvFeatureConfig) for UART_AdvFeatureConfig
    py32f002b_hal_uart.o(i.HAL_UART_Receive) refers to py32f002b_hal.o(i.HAL_GetTick) for HAL_GetTick
    py32f002b_hal_uart.o(i.HAL_UART_Receive) refers to py32f002b_hal_uart.o(i.UART_WaitOnFlagUntilTimeout) for UART_WaitOnFlagUntilTimeout
    py32f002b_hal_uart.o(i.HAL_UART_Transmit) refers to py32f002b_hal.o(i.HAL_GetTick) for HAL_GetTick
    py32f002b_hal_uart.o(i.HAL_UART_Transmit) refers to py32f002b_hal_uart.o(i.UART_WaitOnFlagUntilTimeout) for UART_WaitOnFlagUntilTimeout
    py32f002b_hal_uart.o(i.UART_EndTransmit_IT) refers to py32f002b_hal_uart.o(i.HAL_UART_TxCpltCallback) for HAL_UART_TxCpltCallback
    py32f002b_hal_uart.o(i.UART_Receive_IT) refers to py32f002b_hal_uart.o(i.HAL_UART_RxCpltCallback) for HAL_UART_RxCpltCallback
    py32f002b_hal_uart.o(i.UART_SetConfig) refers to py32f002b_hal_rcc.o(i.HAL_RCC_GetPCLK1Freq) for HAL_RCC_GetPCLK1Freq
    py32f002b_hal_uart.o(i.UART_SetConfig) refers to uidiv.o(.text) for __aeabi_uidivmod
    py32f002b_hal_uart.o(i.UART_WaitOnFlagUntilTimeout) refers to py32f002b_hal.o(i.HAL_GetTick) for HAL_GetTick
    py32f002b_hal_flash.o(i.FLASH_MassErase) refers to py32f002b_hal_flash.o(.bss) for pFlash
    py32f002b_hal_flash.o(i.FLASH_PageErase) refers to py32f002b_hal_flash.o(.bss) for pFlash
    py32f002b_hal_flash.o(i.FLASH_WaitForLastOperation) refers to py32f002b_hal.o(i.HAL_GetTick) for HAL_GetTick
    py32f002b_hal_flash.o(i.HAL_FLASH_Erase) refers to py32f002b_hal_flash.o(i.FLASH_WaitForLastOperation) for FLASH_WaitForLastOperation
    py32f002b_hal_flash.o(i.HAL_FLASH_Erase) refers to py32f002b_hal_flash.o(i.FLASH_MassErase) for FLASH_MassErase
    py32f002b_hal_flash.o(i.HAL_FLASH_Erase) refers to py32f002b_hal_flash.o(i.FLASH_PageErase) for FLASH_PageErase
    py32f002b_hal_flash.o(i.HAL_FLASH_Erase) refers to py32f002b_hal_flash.o(i.FLASH_SectorErase) for FLASH_SectorErase
    py32f002b_hal_flash.o(i.HAL_FLASH_Erase) refers to py32f002b_hal_flash.o(.bss) for pFlash
    py32f002b_hal_flash.o(i.HAL_FLASH_Erase) refers to py32f002b_hal_flash.o(.constdata) for _FlashTimmingParam
    py32f002b_hal_flash.o(i.HAL_FLASH_Erase_IT) refers to py32f002b_hal_flash.o(i.FLASH_WaitForLastOperation) for FLASH_WaitForLastOperation
    py32f002b_hal_flash.o(i.HAL_FLASH_Erase_IT) refers to py32f002b_hal_flash.o(i.FLASH_MassErase) for FLASH_MassErase
    py32f002b_hal_flash.o(i.HAL_FLASH_Erase_IT) refers to py32f002b_hal_flash.o(i.FLASH_PageErase) for FLASH_PageErase
    py32f002b_hal_flash.o(i.HAL_FLASH_Erase_IT) refers to py32f002b_hal_flash.o(i.FLASH_SectorErase) for FLASH_SectorErase
    py32f002b_hal_flash.o(i.HAL_FLASH_Erase_IT) refers to py32f002b_hal_flash.o(.bss) for pFlash
    py32f002b_hal_flash.o(i.HAL_FLASH_Erase_IT) refers to py32f002b_hal_flash.o(.constdata) for _FlashTimmingParam
    py32f002b_hal_flash.o(i.HAL_FLASH_GetError) refers to py32f002b_hal_flash.o(.bss) for pFlash
    py32f002b_hal_flash.o(i.HAL_FLASH_IRQHandler) refers to py32f002b_hal_flash.o(i.HAL_FLASH_OperationErrorCallback) for HAL_FLASH_OperationErrorCallback
    py32f002b_hal_flash.o(i.HAL_FLASH_IRQHandler) refers to py32f002b_hal_flash.o(i.FLASH_PageErase) for FLASH_PageErase
    py32f002b_hal_flash.o(i.HAL_FLASH_IRQHandler) refers to py32f002b_hal_flash.o(i.FLASH_SectorErase) for FLASH_SectorErase
    py32f002b_hal_flash.o(i.HAL_FLASH_IRQHandler) refers to py32f002b_hal_flash.o(i.HAL_FLASH_EndOfOperationCallback) for HAL_FLASH_EndOfOperationCallback
    py32f002b_hal_flash.o(i.HAL_FLASH_IRQHandler) refers to py32f002b_hal_flash.o(.bss) for pFlash
    py32f002b_hal_flash.o(i.HAL_FLASH_OBBOOTProgram) refers to py32f002b_hal_flash.o(i.FLASH_WaitForLastOperation) for FLASH_WaitForLastOperation
    py32f002b_hal_flash.o(i.HAL_FLASH_OBBOOTProgram) refers to py32f002b_hal_flash.o(.bss) for pFlash
    py32f002b_hal_flash.o(i.HAL_FLASH_OBBOOTProgram) refers to py32f002b_hal_flash.o(.constdata) for _FlashTimmingParam
    py32f002b_hal_flash.o(i.HAL_FLASH_OBProgram) refers to py32f002b_hal_flash.o(i.FLASH_OB_OptrConfig) for FLASH_OB_OptrConfig
    py32f002b_hal_flash.o(i.HAL_FLASH_OBProgram) refers to py32f002b_hal_flash.o(i.FLASH_WaitForLastOperation) for FLASH_WaitForLastOperation
    py32f002b_hal_flash.o(i.HAL_FLASH_OBProgram) refers to py32f002b_hal_flash.o(.bss) for pFlash
    py32f002b_hal_flash.o(i.HAL_FLASH_OBProgram) refers to py32f002b_hal_flash.o(.constdata) for _FlashTimmingParam
    py32f002b_hal_flash.o(i.HAL_FLASH_PageProgram) refers to py32f002b_hal_flash.o(i.HAL_FLASH_Program) for HAL_FLASH_Program
    py32f002b_hal_flash.o(i.HAL_FLASH_PageProgram_IT) refers to py32f002b_hal_flash.o(i.HAL_FLASH_Program_IT) for HAL_FLASH_Program_IT
    py32f002b_hal_flash.o(i.HAL_FLASH_Program) refers to py32f002b_hal_flash.o(i.FLASH_WaitForLastOperation) for FLASH_WaitForLastOperation
    py32f002b_hal_flash.o(i.HAL_FLASH_Program) refers to py32f002b_hal_flash.o(i.FLASH_Program_Page) for FLASH_Program_Page
    py32f002b_hal_flash.o(i.HAL_FLASH_Program) refers to py32f002b_hal_flash.o(.bss) for pFlash
    py32f002b_hal_flash.o(i.HAL_FLASH_Program) refers to py32f002b_hal_flash.o(.constdata) for _FlashTimmingParam
    py32f002b_hal_flash.o(i.HAL_FLASH_Program_IT) refers to py32f002b_hal_flash.o(i.FLASH_WaitForLastOperation) for FLASH_WaitForLastOperation
    py32f002b_hal_flash.o(i.HAL_FLASH_Program_IT) refers to py32f002b_hal_flash.o(i.FLASH_Program_Page) for FLASH_Program_Page
    py32f002b_hal_flash.o(i.HAL_FLASH_Program_IT) refers to py32f002b_hal_flash.o(.bss) for pFlash
    py32f002b_hal_flash.o(i.HAL_FLASH_Program_IT) refers to py32f002b_hal_flash.o(.constdata) for _FlashTimmingParam
    py32f002b_hal_rcc_ex.o(i.HAL_RCCEx_GetPeriphCLKFreq) refers to py32f002b_hal_rcc.o(i.HAL_RCC_GetPCLK1Freq) for HAL_RCC_GetPCLK1Freq
    main.o(i.main) refers to py32f002b_hal.o(i.HAL_Init) for HAL_Init
    main.o(i.main) refers to user_system_clock_config.o(i.User_System_Clock_Init) for User_System_Clock_Init
    main.o(i.main) refers to ir.o(i.IR_Init) for IR_Init
    main.o(i.main) refers to user_usart1.o(i.User_USART1_Init) for User_USART1_Init
    main.o(i.main) refers to user_system_clock_config.o(i.Get_System_Clock) for Get_System_Clock
    main.o(i.main) refers to py32f002b_hal_rcc.o(i.HAL_RCC_GetSysClockFreq) for HAL_RCC_GetSysClockFreq
    main.o(i.main) refers to py32f002b_hal_rcc.o(i.HAL_RCC_GetHCLKFreq) for HAL_RCC_GetHCLKFreq
    main.o(i.main) refers to py32f002b_hal_rcc.o(i.HAL_RCC_GetPCLK1Freq) for HAL_RCC_GetPCLK1Freq
    main.o(i.main) refers to main.o(.data) for System_Clock
    py32f002b_it.o(i.SysTick_Handler) refers to py32f002b_hal.o(i.HAL_IncTick) for HAL_IncTick
    user_led.o(i.User_LED_Init) refers to py32f002b_hal_gpio.o(i.HAL_GPIO_Init) for HAL_GPIO_Init
    user_usart1.o(i.HAL_UART_MspInit) refers to py32f002b_hal_gpio.o(i.HAL_GPIO_Init) for HAL_GPIO_Init
    user_usart1.o(i.HAL_UART_MspInit) refers to py32f002b_hal_cortex.o(i.HAL_NVIC_SetPriority) for HAL_NVIC_SetPriority
    user_usart1.o(i.HAL_UART_MspInit) refers to py32f002b_hal_cortex.o(i.HAL_NVIC_EnableIRQ) for HAL_NVIC_EnableIRQ
    user_usart1.o(i.USART1_IRQHandler) refers to user_usart1.o(.bss) for G_UART1_RecBuffer
    user_usart1.o(i.USART1_IRQHandler) refers to user_usart1.o(.data) for UART1_Rec_Count
    user_usart1.o(i.User_USART1_Init) refers to py32f002b_hal_uart.o(i.HAL_UART_Init) for HAL_UART_Init
    user_usart1.o(i.User_USART1_Init) refers to user_usart1.o(.bss) for USART1_Handle
    user_usart1.o(i.User_USART1_Test) refers to strlen.o(.text) for strlen
    user_usart1.o(i.User_USART1_Test) refers to printf3.o(i.__0printf$3) for __2printf
    user_usart1.o(i.User_USART1_Test) refers to memseta.o(.text) for __aeabi_memclr4
    user_usart1.o(i.User_USART1_Test) refers to user_usart1.o(.data) for G_UART1_RecFlag
    user_usart1.o(i.User_USART1_Test) refers to user_usart1.o(.bss) for G_UART1_RecBuffer
    user_usart1.o(i.fputc) refers to user_usart1.o(i.USART1_Send_Byte) for USART1_Send_Byte
    user_system_clock_config.o(i.Get_System_Clock) refers to py32f002b_hal_rcc.o(i.HAL_RCC_GetSysClockFreq) for HAL_RCC_GetSysClockFreq
    user_system_clock_config.o(i.Get_System_Clock) refers to uidiv.o(.text) for __aeabi_uidivmod
    user_system_clock_config.o(i.Get_System_Clock) refers to printf3.o(i.__0printf$3) for __2printf
    user_system_clock_config.o(i.Get_System_Clock) refers to py32f002b_hal_rcc.o(i.HAL_RCC_GetHCLKFreq) for HAL_RCC_GetHCLKFreq
    user_system_clock_config.o(i.Get_System_Clock) refers to py32f002b_hal_rcc.o(i.HAL_RCC_GetPCLK1Freq) for HAL_RCC_GetPCLK1Freq
    ir.o(i.EXTI0_1_IRQHandler) refers to ir.o(i.IR_Read) for IR_Read
    ir.o(i.EXTI0_1_IRQHandler) refers to printf3.o(i.__0printf$3) for __2printf
    ir.o(i.EXTI0_1_IRQHandler) refers to ir.o(.data) for ir_buff
    ir.o(i.IR_Init) refers to py32f002b_hal_gpio.o(i.HAL_GPIO_Init) for HAL_GPIO_Init
    ir.o(i.IR_Init) refers to py32f002b_hal_cortex.o(i.HAL_NVIC_SetPriority) for HAL_NVIC_SetPriority
    ir.o(i.IR_Init) refers to py32f002b_hal_cortex.o(i.HAL_NVIC_EnableIRQ) for HAL_NVIC_EnableIRQ
    ir.o(i.IR_Read) refers to py32f002b_hal_gpio.o(i.HAL_GPIO_ReadPin) for HAL_GPIO_ReadPin
    ir.o(i.IR_Read) refers to ir.o(i.delay_us) for delay_us
    ir.o(i.IR_Read) refers to ir.o(.data) for ir_buff
    entry.o(.ARM.Collect$$$$00000000) refers (Special) to entry10a.o(.ARM.Collect$$$$0000000F) for __rt_final_cpp
    entry.o(.ARM.Collect$$$$00000000) refers (Special) to entry11a.o(.ARM.Collect$$$$00000011) for __rt_final_exit
    entry.o(.ARM.Collect$$$$00000000) refers (Special) to entry12b.o(.ARM.Collect$$$$0000000E) for __rt_lib_shutdown_fini
    entry.o(.ARM.Collect$$$$00000000) refers (Special) to entry7b.o(.ARM.Collect$$$$00000008) for _main_clock
    entry.o(.ARM.Collect$$$$00000000) refers (Special) to entry8b.o(.ARM.Collect$$$$0000000A) for _main_cpp_init
    entry.o(.ARM.Collect$$$$00000000) refers (Special) to entry9a.o(.ARM.Collect$$$$0000000B) for _main_init
    entry.o(.ARM.Collect$$$$00000000) refers (Special) to entry5.o(.ARM.Collect$$$$00000004) for _main_scatterload
    entry.o(.ARM.Collect$$$$00000000) refers (Special) to entry2.o(.ARM.Collect$$$$00000001) for _main_stk
    printfb.o(i.__0fprintf$bare) refers to printfb.o(i._printf_core) for _printf_core
    printfb.o(i.__0fprintf$bare) refers to user_usart1.o(i.fputc) for fputc
    printfb.o(i.__0printf$bare) refers to printfb.o(i._printf_core) for _printf_core
    printfb.o(i.__0printf$bare) refers to user_usart1.o(i.fputc) for fputc
    printfb.o(i.__0printf$bare) refers to stdout.o(.data) for __stdout
    printfb.o(i.__0snprintf$bare) refers to printfb.o(i._printf_core) for _printf_core
    printfb.o(i.__0snprintf$bare) refers to printfb.o(i._snputc) for _snputc
    printfb.o(i.__0sprintf$bare) refers to printfb.o(i._printf_core) for _printf_core
    printfb.o(i.__0sprintf$bare) refers to printfb.o(i._sputc) for _sputc
    printfb.o(i.__0vfprintf$bare) refers to printfb.o(i._printf_core) for _printf_core
    printfb.o(i.__0vfprintf$bare) refers to user_usart1.o(i.fputc) for fputc
    printfb.o(i.__0vprintf$bare) refers to printfb.o(i._printf_core) for _printf_core
    printfb.o(i.__0vprintf$bare) refers to user_usart1.o(i.fputc) for fputc
    printfb.o(i.__0vprintf$bare) refers to stdout.o(.data) for __stdout
    printfb.o(i.__0vsnprintf$bare) refers to printfb.o(i._printf_core) for _printf_core
    printfb.o(i.__0vsnprintf$bare) refers to printfb.o(i._snputc) for _snputc
    printfb.o(i.__0vsprintf$bare) refers to printfb.o(i._printf_core) for _printf_core
    printfb.o(i.__0vsprintf$bare) refers to printfb.o(i._sputc) for _sputc
    printf0.o(i.__0fprintf$0) refers to printf0.o(i._printf_core) for _printf_core
    printf0.o(i.__0fprintf$0) refers to user_usart1.o(i.fputc) for fputc
    printf0.o(i.__0printf$0) refers to printf0.o(i._printf_core) for _printf_core
    printf0.o(i.__0printf$0) refers to user_usart1.o(i.fputc) for fputc
    printf0.o(i.__0printf$0) refers to stdout.o(.data) for __stdout
    printf0.o(i.__0snprintf$0) refers to printf0.o(i._printf_core) for _printf_core
    printf0.o(i.__0snprintf$0) refers to printf0.o(i._snputc) for _snputc
    printf0.o(i.__0sprintf$0) refers to printf0.o(i._printf_core) for _printf_core
    printf0.o(i.__0sprintf$0) refers to printf0.o(i._sputc) for _sputc
    printf0.o(i.__0vfprintf$0) refers to printf0.o(i._printf_core) for _printf_core
    printf0.o(i.__0vfprintf$0) refers to user_usart1.o(i.fputc) for fputc
    printf0.o(i.__0vprintf$0) refers to printf0.o(i._printf_core) for _printf_core
    printf0.o(i.__0vprintf$0) refers to user_usart1.o(i.fputc) for fputc
    printf0.o(i.__0vprintf$0) refers to stdout.o(.data) for __stdout
    printf0.o(i.__0vsnprintf$0) refers to printf0.o(i._printf_core) for _printf_core
    printf0.o(i.__0vsnprintf$0) refers to printf0.o(i._snputc) for _snputc
    printf0.o(i.__0vsprintf$0) refers to printf0.o(i._printf_core) for _printf_core
    printf0.o(i.__0vsprintf$0) refers to printf0.o(i._sputc) for _sputc
    printf1.o(i.__0fprintf$1) refers to printf1.o(i._printf_core) for _printf_core
    printf1.o(i.__0fprintf$1) refers to user_usart1.o(i.fputc) for fputc
    printf1.o(i.__0printf$1) refers to printf1.o(i._printf_core) for _printf_core
    printf1.o(i.__0printf$1) refers to user_usart1.o(i.fputc) for fputc
    printf1.o(i.__0printf$1) refers to stdout.o(.data) for __stdout
    printf1.o(i.__0snprintf$1) refers to printf1.o(i._printf_core) for _printf_core
    printf1.o(i.__0snprintf$1) refers to printf1.o(i._snputc) for _snputc
    printf1.o(i.__0sprintf$1) refers to printf1.o(i._printf_core) for _printf_core
    printf1.o(i.__0sprintf$1) refers to printf1.o(i._sputc) for _sputc
    printf1.o(i.__0vfprintf$1) refers to printf1.o(i._printf_core) for _printf_core
    printf1.o(i.__0vfprintf$1) refers to user_usart1.o(i.fputc) for fputc
    printf1.o(i.__0vprintf$1) refers to printf1.o(i._printf_core) for _printf_core
    printf1.o(i.__0vprintf$1) refers to user_usart1.o(i.fputc) for fputc
    printf1.o(i.__0vprintf$1) refers to stdout.o(.data) for __stdout
    printf1.o(i.__0vsnprintf$1) refers to printf1.o(i._printf_core) for _printf_core
    printf1.o(i.__0vsnprintf$1) refers to printf1.o(i._snputc) for _snputc
    printf1.o(i.__0vsprintf$1) refers to printf1.o(i._printf_core) for _printf_core
    printf1.o(i.__0vsprintf$1) refers to printf1.o(i._sputc) for _sputc
    printf1.o(i._printf_core) refers to uidiv.o(.text) for __aeabi_uidivmod
    printf2.o(i.__0fprintf$2) refers to printf2.o(i._printf_core) for _printf_core
    printf2.o(i.__0fprintf$2) refers to user_usart1.o(i.fputc) for fputc
    printf2.o(i.__0printf$2) refers to printf2.o(i._printf_core) for _printf_core
    printf2.o(i.__0printf$2) refers to user_usart1.o(i.fputc) for fputc
    printf2.o(i.__0printf$2) refers to stdout.o(.data) for __stdout
    printf2.o(i.__0snprintf$2) refers to printf2.o(i._printf_core) for _printf_core
    printf2.o(i.__0snprintf$2) refers to printf2.o(i._snputc) for _snputc
    printf2.o(i.__0sprintf$2) refers to printf2.o(i._printf_core) for _printf_core
    printf2.o(i.__0sprintf$2) refers to printf2.o(i._sputc) for _sputc
    printf2.o(i.__0vfprintf$2) refers to printf2.o(i._printf_core) for _printf_core
    printf2.o(i.__0vfprintf$2) refers to user_usart1.o(i.fputc) for fputc
    printf2.o(i.__0vprintf$2) refers to printf2.o(i._printf_core) for _printf_core
    printf2.o(i.__0vprintf$2) refers to user_usart1.o(i.fputc) for fputc
    printf2.o(i.__0vprintf$2) refers to stdout.o(.data) for __stdout
    printf2.o(i.__0vsnprintf$2) refers to printf2.o(i._printf_core) for _printf_core
    printf2.o(i.__0vsnprintf$2) refers to printf2.o(i._snputc) for _snputc
    printf2.o(i.__0vsprintf$2) refers to printf2.o(i._printf_core) for _printf_core
    printf2.o(i.__0vsprintf$2) refers to printf2.o(i._sputc) for _sputc
    printf3.o(i.__0fprintf$3) refers to printf3.o(i._printf_core) for _printf_core
    printf3.o(i.__0fprintf$3) refers to user_usart1.o(i.fputc) for fputc
    printf3.o(i.__0printf$3) refers to printf3.o(i._printf_core) for _printf_core
    printf3.o(i.__0printf$3) refers to user_usart1.o(i.fputc) for fputc
    printf3.o(i.__0printf$3) refers to stdout.o(.data) for __stdout
    printf3.o(i.__0snprintf$3) refers to printf3.o(i._printf_core) for _printf_core
    printf3.o(i.__0snprintf$3) refers to printf3.o(i._snputc) for _snputc
    printf3.o(i.__0sprintf$3) refers to printf3.o(i._printf_core) for _printf_core
    printf3.o(i.__0sprintf$3) refers to printf3.o(i._sputc) for _sputc
    printf3.o(i.__0vfprintf$3) refers to printf3.o(i._printf_core) for _printf_core
    printf3.o(i.__0vfprintf$3) refers to user_usart1.o(i.fputc) for fputc
    printf3.o(i.__0vprintf$3) refers to printf3.o(i._printf_core) for _printf_core
    printf3.o(i.__0vprintf$3) refers to user_usart1.o(i.fputc) for fputc
    printf3.o(i.__0vprintf$3) refers to stdout.o(.data) for __stdout
    printf3.o(i.__0vsnprintf$3) refers to printf3.o(i._printf_core) for _printf_core
    printf3.o(i.__0vsnprintf$3) refers to printf3.o(i._snputc) for _snputc
    printf3.o(i.__0vsprintf$3) refers to printf3.o(i._printf_core) for _printf_core
    printf3.o(i.__0vsprintf$3) refers to printf3.o(i._sputc) for _sputc
    printf3.o(i._printf_core) refers to uidiv.o(.text) for __aeabi_uidivmod
    printf4.o(i.__0fprintf$4) refers to printf4.o(i._printf_core) for _printf_core
    printf4.o(i.__0fprintf$4) refers to user_usart1.o(i.fputc) for fputc
    printf4.o(i.__0printf$4) refers to printf4.o(i._printf_core) for _printf_core
    printf4.o(i.__0printf$4) refers to user_usart1.o(i.fputc) for fputc
    printf4.o(i.__0printf$4) refers to stdout.o(.data) for __stdout
    printf4.o(i.__0snprintf$4) refers to printf4.o(i._printf_core) for _printf_core
    printf4.o(i.__0snprintf$4) refers to printf4.o(i._snputc) for _snputc
    printf4.o(i.__0sprintf$4) refers to printf4.o(i._printf_core) for _printf_core
    printf4.o(i.__0sprintf$4) refers to printf4.o(i._sputc) for _sputc
    printf4.o(i.__0vfprintf$4) refers to printf4.o(i._printf_core) for _printf_core
    printf4.o(i.__0vfprintf$4) refers to user_usart1.o(i.fputc) for fputc
    printf4.o(i.__0vprintf$4) refers to printf4.o(i._printf_core) for _printf_core
    printf4.o(i.__0vprintf$4) refers to user_usart1.o(i.fputc) for fputc
    printf4.o(i.__0vprintf$4) refers to stdout.o(.data) for __stdout
    printf4.o(i.__0vsnprintf$4) refers to printf4.o(i._printf_core) for _printf_core
    printf4.o(i.__0vsnprintf$4) refers to printf4.o(i._snputc) for _snputc
    printf4.o(i.__0vsprintf$4) refers to printf4.o(i._printf_core) for _printf_core
    printf4.o(i.__0vsprintf$4) refers to printf4.o(i._sputc) for _sputc
    printf4.o(i._printf_core) refers to uldiv.o(.text) for __aeabi_uldivmod
    printf5.o(i.__0fprintf$5) refers to printf5.o(i._printf_core) for _printf_core
    printf5.o(i.__0fprintf$5) refers to user_usart1.o(i.fputc) for fputc
    printf5.o(i.__0printf$5) refers to printf5.o(i._printf_core) for _printf_core
    printf5.o(i.__0printf$5) refers to user_usart1.o(i.fputc) for fputc
    printf5.o(i.__0printf$5) refers to stdout.o(.data) for __stdout
    printf5.o(i.__0snprintf$5) refers to printf5.o(i._printf_core) for _printf_core
    printf5.o(i.__0snprintf$5) refers to printf5.o(i._snputc) for _snputc
    printf5.o(i.__0sprintf$5) refers to printf5.o(i._printf_core) for _printf_core
    printf5.o(i.__0sprintf$5) refers to printf5.o(i._sputc) for _sputc
    printf5.o(i.__0vfprintf$5) refers to printf5.o(i._printf_core) for _printf_core
    printf5.o(i.__0vfprintf$5) refers to user_usart1.o(i.fputc) for fputc
    printf5.o(i.__0vprintf$5) refers to printf5.o(i._printf_core) for _printf_core
    printf5.o(i.__0vprintf$5) refers to user_usart1.o(i.fputc) for fputc
    printf5.o(i.__0vprintf$5) refers to stdout.o(.data) for __stdout
    printf5.o(i.__0vsnprintf$5) refers to printf5.o(i._printf_core) for _printf_core
    printf5.o(i.__0vsnprintf$5) refers to printf5.o(i._snputc) for _snputc
    printf5.o(i.__0vsprintf$5) refers to printf5.o(i._printf_core) for _printf_core
    printf5.o(i.__0vsprintf$5) refers to printf5.o(i._sputc) for _sputc
    printf5.o(i._printf_core) refers to uldiv.o(.text) for __aeabi_uldivmod
    printf6.o(i.__0fprintf$6) refers to printf6.o(i._printf_core) for _printf_core
    printf6.o(i.__0fprintf$6) refers to user_usart1.o(i.fputc) for fputc
    printf6.o(i.__0printf$6) refers to printf6.o(i._printf_core) for _printf_core
    printf6.o(i.__0printf$6) refers to user_usart1.o(i.fputc) for fputc
    printf6.o(i.__0printf$6) refers to stdout.o(.data) for __stdout
    printf6.o(i.__0snprintf$6) refers to printf6.o(i._printf_core) for _printf_core
    printf6.o(i.__0snprintf$6) refers to printf6.o(i._snputc) for _snputc
    printf6.o(i.__0sprintf$6) refers to printf6.o(i._printf_core) for _printf_core
    printf6.o(i.__0sprintf$6) refers to printf6.o(i._sputc) for _sputc
    printf6.o(i.__0vfprintf$6) refers to printf6.o(i._printf_core) for _printf_core
    printf6.o(i.__0vfprintf$6) refers to user_usart1.o(i.fputc) for fputc
    printf6.o(i.__0vprintf$6) refers to printf6.o(i._printf_core) for _printf_core
    printf6.o(i.__0vprintf$6) refers to user_usart1.o(i.fputc) for fputc
    printf6.o(i.__0vprintf$6) refers to stdout.o(.data) for __stdout
    printf6.o(i.__0vsnprintf$6) refers to printf6.o(i._printf_core) for _printf_core
    printf6.o(i.__0vsnprintf$6) refers to printf6.o(i._snputc) for _snputc
    printf6.o(i.__0vsprintf$6) refers to printf6.o(i._printf_core) for _printf_core
    printf6.o(i.__0vsprintf$6) refers to printf6.o(i._sputc) for _sputc
    printf6.o(i._printf_core) refers to printf6.o(i._printf_pre_padding) for _printf_pre_padding
    printf6.o(i._printf_core) refers to printf6.o(i._printf_post_padding) for _printf_post_padding
    printf6.o(i._printf_core) refers to uidiv.o(.text) for __aeabi_uidivmod
    printf7.o(i.__0fprintf$7) refers to printf7.o(i._printf_core) for _printf_core
    printf7.o(i.__0fprintf$7) refers to user_usart1.o(i.fputc) for fputc
    printf7.o(i.__0printf$7) refers to printf7.o(i._printf_core) for _printf_core
    printf7.o(i.__0printf$7) refers to user_usart1.o(i.fputc) for fputc
    printf7.o(i.__0printf$7) refers to stdout.o(.data) for __stdout
    printf7.o(i.__0snprintf$7) refers to printf7.o(i._printf_core) for _printf_core
    printf7.o(i.__0snprintf$7) refers to printf7.o(i._snputc) for _snputc
    printf7.o(i.__0sprintf$7) refers to printf7.o(i._printf_core) for _printf_core
    printf7.o(i.__0sprintf$7) refers to printf7.o(i._sputc) for _sputc
    printf7.o(i.__0vfprintf$7) refers to printf7.o(i._printf_core) for _printf_core
    printf7.o(i.__0vfprintf$7) refers to user_usart1.o(i.fputc) for fputc
    printf7.o(i.__0vprintf$7) refers to printf7.o(i._printf_core) for _printf_core
    printf7.o(i.__0vprintf$7) refers to user_usart1.o(i.fputc) for fputc
    printf7.o(i.__0vprintf$7) refers to stdout.o(.data) for __stdout
    printf7.o(i.__0vsnprintf$7) refers to printf7.o(i._printf_core) for _printf_core
    printf7.o(i.__0vsnprintf$7) refers to printf7.o(i._snputc) for _snputc
    printf7.o(i.__0vsprintf$7) refers to printf7.o(i._printf_core) for _printf_core
    printf7.o(i.__0vsprintf$7) refers to printf7.o(i._sputc) for _sputc
    printf7.o(i._printf_core) refers to printf7.o(i._printf_pre_padding) for _printf_pre_padding
    printf7.o(i._printf_core) refers to printf7.o(i._printf_post_padding) for _printf_post_padding
    printf7.o(i._printf_core) refers to uldiv.o(.text) for __aeabi_uldivmod
    printf8.o(i.__0fprintf$8) refers to printf8.o(i._printf_core) for _printf_core
    printf8.o(i.__0fprintf$8) refers to user_usart1.o(i.fputc) for fputc
    printf8.o(i.__0printf$8) refers to printf8.o(i._printf_core) for _printf_core
    printf8.o(i.__0printf$8) refers to user_usart1.o(i.fputc) for fputc
    printf8.o(i.__0printf$8) refers to stdout.o(.data) for __stdout
    printf8.o(i.__0snprintf$8) refers to printf8.o(i._printf_core) for _printf_core
    printf8.o(i.__0snprintf$8) refers to printf8.o(i._snputc) for _snputc
    printf8.o(i.__0sprintf$8) refers to printf8.o(i._printf_core) for _printf_core
    printf8.o(i.__0sprintf$8) refers to printf8.o(i._sputc) for _sputc
    printf8.o(i.__0vfprintf$8) refers to printf8.o(i._printf_core) for _printf_core
    printf8.o(i.__0vfprintf$8) refers to user_usart1.o(i.fputc) for fputc
    printf8.o(i.__0vprintf$8) refers to printf8.o(i._printf_core) for _printf_core
    printf8.o(i.__0vprintf$8) refers to user_usart1.o(i.fputc) for fputc
    printf8.o(i.__0vprintf$8) refers to stdout.o(.data) for __stdout
    printf8.o(i.__0vsnprintf$8) refers to printf8.o(i._printf_core) for _printf_core
    printf8.o(i.__0vsnprintf$8) refers to printf8.o(i._snputc) for _snputc
    printf8.o(i.__0vsprintf$8) refers to printf8.o(i._printf_core) for _printf_core
    printf8.o(i.__0vsprintf$8) refers to printf8.o(i._sputc) for _sputc
    printf8.o(i._printf_core) refers to printf8.o(i._printf_pre_padding) for _printf_pre_padding
    printf8.o(i._printf_core) refers to printf8.o(i._printf_post_padding) for _printf_post_padding
    printf8.o(i._printf_core) refers to uldiv.o(.text) for __aeabi_uldivmod
    printfa.o(i.__0fprintf) refers (Special) to iusefp.o(.text) for __I$use$fp
    printfa.o(i.__0fprintf) refers to printfa.o(i._printf_core) for _printf_core
    printfa.o(i.__0fprintf) refers to user_usart1.o(i.fputc) for fputc
    printfa.o(i.__0printf) refers (Special) to iusefp.o(.text) for __I$use$fp
    printfa.o(i.__0printf) refers to printfa.o(i._printf_core) for _printf_core
    printfa.o(i.__0printf) refers to user_usart1.o(i.fputc) for fputc
    printfa.o(i.__0printf) refers to stdout.o(.data) for __stdout
    printfa.o(i.__0snprintf) refers (Special) to iusefp.o(.text) for __I$use$fp
    printfa.o(i.__0snprintf) refers to printfa.o(i._printf_core) for _printf_core
    printfa.o(i.__0snprintf) refers to printfa.o(i._snputc) for _snputc
    printfa.o(i.__0sprintf) refers (Special) to iusefp.o(.text) for __I$use$fp
    printfa.o(i.__0sprintf) refers to printfa.o(i._printf_core) for _printf_core
    printfa.o(i.__0sprintf) refers to printfa.o(i._sputc) for _sputc
    printfa.o(i.__0vfprintf) refers (Special) to iusefp.o(.text) for __I$use$fp
    printfa.o(i.__0vfprintf) refers to printfa.o(i._printf_core) for _printf_core
    printfa.o(i.__0vfprintf) refers to user_usart1.o(i.fputc) for fputc
    printfa.o(i.__0vprintf) refers (Special) to iusefp.o(.text) for __I$use$fp
    printfa.o(i.__0vprintf) refers to printfa.o(i._printf_core) for _printf_core
    printfa.o(i.__0vprintf) refers to user_usart1.o(i.fputc) for fputc
    printfa.o(i.__0vprintf) refers to stdout.o(.data) for __stdout
    printfa.o(i.__0vsnprintf) refers (Special) to iusefp.o(.text) for __I$use$fp
    printfa.o(i.__0vsnprintf) refers to printfa.o(i._printf_core) for _printf_core
    printfa.o(i.__0vsnprintf) refers to printfa.o(i._snputc) for _snputc
    printfa.o(i.__0vsprintf) refers (Special) to iusefp.o(.text) for __I$use$fp
    printfa.o(i.__0vsprintf) refers to printfa.o(i._printf_core) for _printf_core
    printfa.o(i.__0vsprintf) refers to printfa.o(i._sputc) for _sputc
    printfa.o(i._fp_digits) refers (Special) to iusefp.o(.text) for __I$use$fp
    printfa.o(i._fp_digits) refers to dmul.o(.text) for __aeabi_dmul
    printfa.o(i._fp_digits) refers to ddiv.o(.text) for __aeabi_ddiv
    printfa.o(i._fp_digits) refers to cdrcmple.o(.text) for __aeabi_cdrcmple
    printfa.o(i._fp_digits) refers to dadd.o(.text) for __aeabi_dadd
    printfa.o(i._fp_digits) refers to dfixul.o(.text) for __aeabi_d2ulz
    printfa.o(i._fp_digits) refers to uldiv.o(.text) for __aeabi_uldivmod
    printfa.o(i._printf_core) refers (Special) to iusefp.o(.text) for __I$use$fp
    printfa.o(i._printf_core) refers to printfa.o(i._printf_pre_padding) for _printf_pre_padding
    printfa.o(i._printf_core) refers to uldiv.o(.text) for __aeabi_uldivmod
    printfa.o(i._printf_core) refers to printfa.o(i._printf_post_padding) for _printf_post_padding
    printfa.o(i._printf_core) refers to printfa.o(i._fp_digits) for _fp_digits
    printfa.o(i._printf_core) refers to uidiv.o(.text) for __aeabi_uidivmod
    printfa.o(i._printf_post_padding) refers (Special) to iusefp.o(.text) for __I$use$fp
    printfa.o(i._printf_pre_padding) refers (Special) to iusefp.o(.text) for __I$use$fp
    printfa.o(i._snputc) refers (Special) to iusefp.o(.text) for __I$use$fp
    printfa.o(i._sputc) refers (Special) to iusefp.o(.text) for __I$use$fp
    entry2.o(.ARM.Collect$$$$00000001) refers to entry2.o(.ARM.Collect$$$$00002712) for __lit__00000000
    entry2.o(.ARM.Collect$$$$00002712) refers to startup_py32f002bxx.o(STACK) for __initial_sp
    entry2.o(__vectab_stack_and_reset_area) refers to startup_py32f002bxx.o(STACK) for __initial_sp
    entry2.o(__vectab_stack_and_reset_area) refers to entry.o(.ARM.Collect$$$$00000000) for __main
    entry5.o(.ARM.Collect$$$$00000004) refers to init.o(.text) for __scatterload
    entry9a.o(.ARM.Collect$$$$0000000B) refers to main.o(i.main) for main
    entry9b.o(.ARM.Collect$$$$0000000C) refers to main.o(i.main) for main
    uldiv.o(.text) refers to llushr.o(.text) for __aeabi_llsr
    uldiv.o(.text) refers to llshl.o(.text) for __aeabi_llsl
    dadd.o(.text) refers to llshl.o(.text) for __aeabi_llsl
    dadd.o(.text) refers to llsshr.o(.text) for __aeabi_lasr
    dadd.o(.text) refers to depilogue.o(.text) for _double_epilogue
    dmul.o(.text) refers to depilogue.o(.text) for _double_epilogue
    ddiv.o(.text) refers to depilogue.o(.text) for _double_round
    dfixul.o(.text) refers to llushr.o(.text) for __aeabi_llsr
    dfixul.o(.text) refers to llshl.o(.text) for __aeabi_llsl
    init.o(.text) refers to entry5.o(.ARM.Collect$$$$00000004) for __main_after_scatterload
    depilogue.o(.text) refers to depilogue.o(i.__ARM_clz) for __ARM_clz
    depilogue.o(.text) refers to llshl.o(.text) for __aeabi_llsl
    depilogue.o(.text) refers to llushr.o(.text) for __aeabi_llsr


==============================================================================

Removing Unused input sections from the image.

    Removing startup_py32f002bxx.o(HEAP), (0 bytes).
    Removing system_py32f002b.o(.rev16_text), (4 bytes).
    Removing system_py32f002b.o(.revsh_text), (4 bytes).
    Removing system_py32f002b.o(i.SystemCoreClockUpdate), (156 bytes).
    Removing py32f002b_hal.o(.rev16_text), (4 bytes).
    Removing py32f002b_hal.o(.revsh_text), (4 bytes).
    Removing py32f002b_hal.o(i.HAL_DBGMCU_DisableDBGMCUStopMode), (20 bytes).
    Removing py32f002b_hal.o(i.HAL_DBGMCU_EnableDBGMCUStopMode), (20 bytes).
    Removing py32f002b_hal.o(i.HAL_DeInit), (52 bytes).
    Removing py32f002b_hal.o(i.HAL_Delay), (44 bytes).
    Removing py32f002b_hal.o(i.HAL_GetDEVID), (16 bytes).
    Removing py32f002b_hal.o(i.HAL_GetHalVersion), (6 bytes).
    Removing py32f002b_hal.o(i.HAL_GetREVID), (12 bytes).
    Removing py32f002b_hal.o(i.HAL_GetTick), (12 bytes).
    Removing py32f002b_hal.o(i.HAL_GetTickFreq), (12 bytes).
    Removing py32f002b_hal.o(i.HAL_GetTickPrio), (12 bytes).
    Removing py32f002b_hal.o(i.HAL_GetUIDw0), (12 bytes).
    Removing py32f002b_hal.o(i.HAL_GetUIDw1), (12 bytes).
    Removing py32f002b_hal.o(i.HAL_GetUIDw2), (12 bytes).
    Removing py32f002b_hal.o(i.HAL_MspDeInit), (2 bytes).
    Removing py32f002b_hal.o(i.HAL_ResumeTick), (20 bytes).
    Removing py32f002b_hal.o(i.HAL_SYSCFG_DisableGPIONoiseFilter), (72 bytes).
    Removing py32f002b_hal.o(i.HAL_SYSCFG_DisableI2CFastModePlus), (16 bytes).
    Removing py32f002b_hal.o(i.HAL_SYSCFG_EnableGPIONoiseFilter), (72 bytes).
    Removing py32f002b_hal.o(i.HAL_SYSCFG_EnableI2CFastModePlus), (16 bytes).
    Removing py32f002b_hal.o(i.HAL_SYSCFG_GetRemapMemory), (16 bytes).
    Removing py32f002b_hal.o(i.HAL_SYSCFG_GetTIM1CH1Source), (16 bytes).
    Removing py32f002b_hal.o(i.HAL_SYSCFG_SetRemapMemory), (20 bytes).
    Removing py32f002b_hal.o(i.HAL_SYSCFG_SetTIM1CH1Source), (20 bytes).
    Removing py32f002b_hal.o(i.HAL_SYSCFG_TIM1ETRSource), (24 bytes).
    Removing py32f002b_hal.o(i.HAL_SetTickFreq), (44 bytes).
    Removing py32f002b_hal.o(i.HAL_SuspendTick), (20 bytes).
    Removing py32f002b_hal_adc.o(.rev16_text), (4 bytes).
    Removing py32f002b_hal_adc.o(.revsh_text), (4 bytes).
    Removing py32f002b_hal_adc.o(i.ADC_ConversionStop), (108 bytes).
    Removing py32f002b_hal_adc.o(i.ADC_Disable), (140 bytes).
    Removing py32f002b_hal_adc.o(i.ADC_Enable), (124 bytes).
    Removing py32f002b_hal_adc.o(i.HAL_ADC_AnalogWDGConfig), (212 bytes).
    Removing py32f002b_hal_adc.o(i.HAL_ADC_Calibration_GetStatus), (132 bytes).
    Removing py32f002b_hal_adc.o(i.HAL_ADC_Calibration_SetAndStart), (196 bytes).
    Removing py32f002b_hal_adc.o(i.HAL_ADC_Calibration_Start), (158 bytes).
    Removing py32f002b_hal_adc.o(i.HAL_ADC_ConfigChannel), (384 bytes).
    Removing py32f002b_hal_adc.o(i.HAL_ADC_ConfigVrefBuf), (80 bytes).
    Removing py32f002b_hal_adc.o(i.HAL_ADC_ConvCpltCallback), (2 bytes).
    Removing py32f002b_hal_adc.o(i.HAL_ADC_ConvHalfCpltCallback), (2 bytes).
    Removing py32f002b_hal_adc.o(i.HAL_ADC_DeInit), (196 bytes).
    Removing py32f002b_hal_adc.o(i.HAL_ADC_ErrorCallback), (2 bytes).
    Removing py32f002b_hal_adc.o(i.HAL_ADC_GetError), (6 bytes).
    Removing py32f002b_hal_adc.o(i.HAL_ADC_GetState), (6 bytes).
    Removing py32f002b_hal_adc.o(i.HAL_ADC_GetValue), (8 bytes).
    Removing py32f002b_hal_adc.o(i.HAL_ADC_IRQHandler), (266 bytes).
    Removing py32f002b_hal_adc.o(i.HAL_ADC_Init), (404 bytes).
    Removing py32f002b_hal_adc.o(i.HAL_ADC_LevelOutOfWindowCallback), (2 bytes).
    Removing py32f002b_hal_adc.o(i.HAL_ADC_MspDeInit), (2 bytes).
    Removing py32f002b_hal_adc.o(i.HAL_ADC_MspInit), (2 bytes).
    Removing py32f002b_hal_adc.o(i.HAL_ADC_PollForConversion), (194 bytes).
    Removing py32f002b_hal_adc.o(i.HAL_ADC_PollForEvent), (138 bytes).
    Removing py32f002b_hal_adc.o(i.HAL_ADC_Start), (112 bytes).
    Removing py32f002b_hal_adc.o(i.HAL_ADC_Start_IT), (160 bytes).
    Removing py32f002b_hal_adc.o(i.HAL_ADC_Stop), (80 bytes).
    Removing py32f002b_hal_adc.o(i.HAL_ADC_Stop_IT), (92 bytes).
    Removing py32f002b_hal_comp.o(.rev16_text), (4 bytes).
    Removing py32f002b_hal_comp.o(.revsh_text), (4 bytes).
    Removing py32f002b_hal_cortex.o(.rev16_text), (4 bytes).
    Removing py32f002b_hal_cortex.o(.revsh_text), (4 bytes).
    Removing py32f002b_hal_cortex.o(i.HAL_NVIC_ClearPendingIRQ), (24 bytes).
    Removing py32f002b_hal_cortex.o(i.HAL_NVIC_DisableIRQ), (24 bytes).
    Removing py32f002b_hal_cortex.o(i.HAL_NVIC_GetPendingIRQ), (40 bytes).
    Removing py32f002b_hal_cortex.o(i.HAL_NVIC_GetPriority), (72 bytes).
    Removing py32f002b_hal_cortex.o(i.HAL_NVIC_SetPendingIRQ), (24 bytes).
    Removing py32f002b_hal_cortex.o(i.HAL_NVIC_SystemReset), (56 bytes).
    Removing py32f002b_hal_cortex.o(i.HAL_SYSTICK_CLKSourceConfig), (36 bytes).
    Removing py32f002b_hal_cortex.o(i.HAL_SYSTICK_Callback), (2 bytes).
    Removing py32f002b_hal_cortex.o(i.HAL_SYSTICK_IRQHandler), (8 bytes).
    Removing py32f002b_hal_crc.o(.rev16_text), (4 bytes).
    Removing py32f002b_hal_crc.o(.revsh_text), (4 bytes).
    Removing py32f002b_hal_crc.o(i.HAL_CRC_Accumulate), (40 bytes).
    Removing py32f002b_hal_crc.o(i.HAL_CRC_Calculate), (52 bytes).
    Removing py32f002b_hal_crc.o(i.HAL_CRC_DeInit), (68 bytes).
    Removing py32f002b_hal_crc.o(i.HAL_CRC_GetState), (6 bytes).
    Removing py32f002b_hal_crc.o(i.HAL_CRC_Init), (34 bytes).
    Removing py32f002b_hal_crc.o(i.HAL_CRC_MspDeInit), (2 bytes).
    Removing py32f002b_hal_crc.o(i.HAL_CRC_MspInit), (2 bytes).
    Removing py32f002b_hal_exti.o(.rev16_text), (4 bytes).
    Removing py32f002b_hal_exti.o(.revsh_text), (4 bytes).
    Removing py32f002b_hal_exti.o(i.HAL_EXTI_ClearConfigLine), (128 bytes).
    Removing py32f002b_hal_exti.o(i.HAL_EXTI_ClearPending), (24 bytes).
    Removing py32f002b_hal_exti.o(i.HAL_EXTI_GenerateSWI), (24 bytes).
    Removing py32f002b_hal_exti.o(i.HAL_EXTI_GetConfigLine), (184 bytes).
    Removing py32f002b_hal_exti.o(i.HAL_EXTI_GetHandle), (16 bytes).
    Removing py32f002b_hal_exti.o(i.HAL_EXTI_GetPending), (36 bytes).
    Removing py32f002b_hal_exti.o(i.HAL_EXTI_IRQHandler), (48 bytes).
    Removing py32f002b_hal_exti.o(i.HAL_EXTI_RegisterCallback), (22 bytes).
    Removing py32f002b_hal_exti.o(i.HAL_EXTI_SetConfigLine), (252 bytes).
    Removing py32f002b_hal_gpio.o(.rev16_text), (4 bytes).
    Removing py32f002b_hal_gpio.o(.revsh_text), (4 bytes).
    Removing py32f002b_hal_gpio.o(i.HAL_GPIO_DeInit), (244 bytes).
    Removing py32f002b_hal_gpio.o(i.HAL_GPIO_EXTI_Callback), (2 bytes).
    Removing py32f002b_hal_gpio.o(i.HAL_GPIO_EXTI_IRQHandler), (32 bytes).
    Removing py32f002b_hal_gpio.o(i.HAL_GPIO_LockPin), (50 bytes).
    Removing py32f002b_hal_gpio.o(i.HAL_GPIO_TogglePin), (16 bytes).
    Removing py32f002b_hal_gpio.o(i.HAL_GPIO_WritePin), (12 bytes).
    Removing py32f002b_hal_i2c.o(.rev16_text), (4 bytes).
    Removing py32f002b_hal_i2c.o(.revsh_text), (4 bytes).
    Removing py32f002b_hal_iwdg.o(.rev16_text), (4 bytes).
    Removing py32f002b_hal_iwdg.o(.revsh_text), (4 bytes).
    Removing py32f002b_hal_iwdg.o(i.HAL_IWDG_Init), (88 bytes).
    Removing py32f002b_hal_iwdg.o(i.HAL_IWDG_Refresh), (16 bytes).
    Removing py32f002b_hal_lptim.o(.rev16_text), (4 bytes).
    Removing py32f002b_hal_lptim.o(.revsh_text), (4 bytes).
    Removing py32f002b_hal_pwr.o(.rev16_text), (4 bytes).
    Removing py32f002b_hal_pwr.o(.revsh_text), (4 bytes).
    Removing py32f002b_hal_pwr.o(i.HAL_PWR_ConfigBIAS), (60 bytes).
    Removing py32f002b_hal_pwr.o(i.HAL_PWR_ConfigStopMode), (40 bytes).
    Removing py32f002b_hal_pwr.o(i.HAL_PWR_DeInit), (32 bytes).
    Removing py32f002b_hal_pwr.o(i.HAL_PWR_DisableSEVOnPend), (20 bytes).
    Removing py32f002b_hal_pwr.o(i.HAL_PWR_DisableSleepOnExit), (20 bytes).
    Removing py32f002b_hal_pwr.o(i.HAL_PWR_EnableSEVOnPend), (20 bytes).
    Removing py32f002b_hal_pwr.o(i.HAL_PWR_EnableSleepOnExit), (20 bytes).
    Removing py32f002b_hal_pwr.o(i.HAL_PWR_EnterSLEEPMode), (32 bytes).
    Removing py32f002b_hal_pwr.o(i.HAL_PWR_EnterSTOPMode), (64 bytes).
    Removing py32f002b_hal_rcc.o(.rev16_text), (4 bytes).
    Removing py32f002b_hal_rcc.o(.revsh_text), (4 bytes).
    Removing py32f002b_hal_rcc.o(i.HAL_RCC_CSSCallback), (2 bytes).
    Removing py32f002b_hal_rcc.o(i.HAL_RCC_ClockConfig), (444 bytes).
    Removing py32f002b_hal_rcc.o(i.HAL_RCC_DeInit), (168 bytes).
    Removing py32f002b_hal_rcc.o(i.HAL_RCC_DisableLSECSS), (20 bytes).
    Removing py32f002b_hal_rcc.o(i.HAL_RCC_EnableLSECSS), (20 bytes).
    Removing py32f002b_hal_rcc.o(i.HAL_RCC_GetClockConfig), (60 bytes).
    Removing py32f002b_hal_rcc.o(i.HAL_RCC_GetOscConfig), (172 bytes).
    Removing py32f002b_hal_rcc.o(i.HAL_RCC_LSECSSCallback), (2 bytes).
    Removing py32f002b_hal_rcc.o(i.HAL_RCC_MCOConfig), (160 bytes).
    Removing py32f002b_hal_rcc.o(i.HAL_RCC_NMI_IRQHandler), (32 bytes).
    Removing py32f002b_hal_rcc.o(i.HAL_RCC_OscConfig), (956 bytes).
    Removing py32f002b_hal_spi.o(.rev16_text), (4 bytes).
    Removing py32f002b_hal_spi.o(.revsh_text), (4 bytes).
    Removing py32f002b_hal_spi.o(i.HAL_SPI_Abort), (236 bytes).
    Removing py32f002b_hal_spi.o(i.HAL_SPI_AbortCpltCallback), (2 bytes).
    Removing py32f002b_hal_spi.o(i.HAL_SPI_Abort_IT), (248 bytes).
    Removing py32f002b_hal_spi.o(i.HAL_SPI_DeInit), (58 bytes).
    Removing py32f002b_hal_spi.o(i.HAL_SPI_ErrorCallback), (2 bytes).
    Removing py32f002b_hal_spi.o(i.HAL_SPI_GetError), (6 bytes).
    Removing py32f002b_hal_spi.o(i.HAL_SPI_GetState), (8 bytes).
    Removing py32f002b_hal_spi.o(i.HAL_SPI_IRQHandler), (266 bytes).
    Removing py32f002b_hal_spi.o(i.HAL_SPI_Init), (164 bytes).
    Removing py32f002b_hal_spi.o(i.HAL_SPI_MspDeInit), (2 bytes).
    Removing py32f002b_hal_spi.o(i.HAL_SPI_MspInit), (2 bytes).
    Removing py32f002b_hal_spi.o(i.HAL_SPI_Receive), (396 bytes).
    Removing py32f002b_hal_spi.o(i.HAL_SPI_Receive_IT), (232 bytes).
    Removing py32f002b_hal_spi.o(i.HAL_SPI_RxCpltCallback), (2 bytes).
    Removing py32f002b_hal_spi.o(i.HAL_SPI_RxHalfCpltCallback), (2 bytes).
    Removing py32f002b_hal_spi.o(i.HAL_SPI_Transmit), (452 bytes).
    Removing py32f002b_hal_spi.o(i.HAL_SPI_TransmitReceive), (554 bytes).
    Removing py32f002b_hal_spi.o(i.HAL_SPI_TransmitReceive_IT), (208 bytes).
    Removing py32f002b_hal_spi.o(i.HAL_SPI_Transmit_IT), (192 bytes).
    Removing py32f002b_hal_spi.o(i.HAL_SPI_TxCpltCallback), (2 bytes).
    Removing py32f002b_hal_spi.o(i.HAL_SPI_TxHalfCpltCallback), (2 bytes).
    Removing py32f002b_hal_spi.o(i.HAL_SPI_TxRxCpltCallback), (2 bytes).
    Removing py32f002b_hal_spi.o(i.HAL_SPI_TxRxHalfCpltCallback), (2 bytes).
    Removing py32f002b_hal_spi.o(i.SPI_2linesRxISR_16BIT), (56 bytes).
    Removing py32f002b_hal_spi.o(i.SPI_2linesRxISR_8BIT), (56 bytes).
    Removing py32f002b_hal_spi.o(i.SPI_2linesTxISR_16BIT), (56 bytes).
    Removing py32f002b_hal_spi.o(i.SPI_2linesTxISR_8BIT), (56 bytes).
    Removing py32f002b_hal_spi.o(i.SPI_AbortRx_ISR), (164 bytes).
    Removing py32f002b_hal_spi.o(i.SPI_AbortTx_ISR), (276 bytes).
    Removing py32f002b_hal_spi.o(i.SPI_CloseRxTx_ISR), (100 bytes).
    Removing py32f002b_hal_spi.o(i.SPI_CloseRx_ISR), (72 bytes).
    Removing py32f002b_hal_spi.o(i.SPI_CloseTx_ISR), (98 bytes).
    Removing py32f002b_hal_spi.o(i.SPI_EndRxTransaction), (142 bytes).
    Removing py32f002b_hal_spi.o(i.SPI_EndRxTxTransaction), (106 bytes).
    Removing py32f002b_hal_spi.o(i.SPI_RxISR_16BIT), (38 bytes).
    Removing py32f002b_hal_spi.o(i.SPI_RxISR_8BIT), (38 bytes).
    Removing py32f002b_hal_spi.o(i.SPI_TxISR_16BIT), (38 bytes).
    Removing py32f002b_hal_spi.o(i.SPI_TxISR_8BIT), (38 bytes).
    Removing py32f002b_hal_spi.o(i.SPI_WaitFifoStateUntilTimeout), (212 bytes).
    Removing py32f002b_hal_spi.o(i.SPI_WaitFlagStateUntilTimeout), (180 bytes).
    Removing py32f002b_hal_tim.o(.rev16_text), (4 bytes).
    Removing py32f002b_hal_tim.o(.revsh_text), (4 bytes).
    Removing py32f002b_hal_tim_ex.o(.rev16_text), (4 bytes).
    Removing py32f002b_hal_tim_ex.o(.revsh_text), (4 bytes).
    Removing py32f002b_hal_uart.o(.rev16_text), (4 bytes).
    Removing py32f002b_hal_uart.o(.revsh_text), (4 bytes).
    Removing py32f002b_hal_uart.o(i.HAL_HalfDuplex_EnableReceiver), (72 bytes).
    Removing py32f002b_hal_uart.o(i.HAL_HalfDuplex_EnableTransmitter), (72 bytes).
    Removing py32f002b_hal_uart.o(i.HAL_HalfDuplex_Init), (116 bytes).
    Removing py32f002b_hal_uart.o(i.HAL_MultiProcessor_EnterMuteMode), (62 bytes).
    Removing py32f002b_hal_uart.o(i.HAL_MultiProcessor_ExitMuteMode), (62 bytes).
    Removing py32f002b_hal_uart.o(i.HAL_MultiProcessor_Init), (166 bytes).
    Removing py32f002b_hal_uart.o(i.HAL_UART_Abort), (50 bytes).
    Removing py32f002b_hal_uart.o(i.HAL_UART_AbortCpltCallback), (2 bytes).
    Removing py32f002b_hal_uart.o(i.HAL_UART_AbortReceive), (42 bytes).
    Removing py32f002b_hal_uart.o(i.HAL_UART_AbortReceiveCpltCallback), (2 bytes).
    Removing py32f002b_hal_uart.o(i.HAL_UART_AbortReceive_IT), (50 bytes).
    Removing py32f002b_hal_uart.o(i.HAL_UART_AbortTransmit), (28 bytes).
    Removing py32f002b_hal_uart.o(i.HAL_UART_AbortTransmitCpltCallback), (2 bytes).
    Removing py32f002b_hal_uart.o(i.HAL_UART_AbortTransmit_IT), (36 bytes).
    Removing py32f002b_hal_uart.o(i.HAL_UART_Abort_IT), (62 bytes).
    Removing py32f002b_hal_uart.o(i.HAL_UART_DeInit), (64 bytes).
    Removing py32f002b_hal_uart.o(i.HAL_UART_ErrorCallback), (2 bytes).
    Removing py32f002b_hal_uart.o(i.HAL_UART_GetError), (6 bytes).
    Removing py32f002b_hal_uart.o(i.HAL_UART_GetState), (20 bytes).
    Removing py32f002b_hal_uart.o(i.HAL_UART_IRQHandler), (338 bytes).
    Removing py32f002b_hal_uart.o(i.HAL_UART_IdleFrameDetectCpltCallback), (2 bytes).
    Removing py32f002b_hal_uart.o(i.HAL_UART_MspDeInit), (2 bytes).
    Removing py32f002b_hal_uart.o(i.HAL_UART_MspInit), (2 bytes).
    Removing py32f002b_hal_uart.o(i.HAL_UART_Receive), (228 bytes).
    Removing py32f002b_hal_uart.o(i.HAL_UART_Receive_IT), (118 bytes).
    Removing py32f002b_hal_uart.o(i.HAL_UART_RxCpltCallback), (2 bytes).
    Removing py32f002b_hal_uart.o(i.HAL_UART_RxHalfCpltCallback), (2 bytes).
    Removing py32f002b_hal_uart.o(i.HAL_UART_Transmit), (254 bytes).
    Removing py32f002b_hal_uart.o(i.HAL_UART_Transmit_IT), (92 bytes).
    Removing py32f002b_hal_uart.o(i.HAL_UART_TxCpltCallback), (2 bytes).
    Removing py32f002b_hal_uart.o(i.HAL_UART_TxHalfCpltCallback), (2 bytes).
    Removing py32f002b_hal_uart.o(i.UART_EndRxTransfer), (34 bytes).
    Removing py32f002b_hal_uart.o(i.UART_EndTransmit_IT), (32 bytes).
    Removing py32f002b_hal_uart.o(i.UART_Receive_IT), (136 bytes).
    Removing py32f002b_hal_uart.o(i.UART_Transmit_IT), (106 bytes).
    Removing py32f002b_hal_uart.o(i.UART_WaitOnFlagUntilTimeout), (112 bytes).
    Removing py32f002b_hal_usart.o(.rev16_text), (4 bytes).
    Removing py32f002b_hal_usart.o(.revsh_text), (4 bytes).
    Removing py32f002b_hal_flash.o(.rev16_text), (4 bytes).
    Removing py32f002b_hal_flash.o(.revsh_text), (4 bytes).
    Removing py32f002b_hal_flash.o(i.FLASH_MassErase), (40 bytes).
    Removing py32f002b_hal_flash.o(i.FLASH_OB_OptrConfig), (36 bytes).
    Removing py32f002b_hal_flash.o(i.FLASH_PageErase), (32 bytes).
    Removing py32f002b_hal_flash.o(i.FLASH_Program_Page), (84 bytes).
    Removing py32f002b_hal_flash.o(i.FLASH_SectorErase), (24 bytes).
    Removing py32f002b_hal_flash.o(i.FLASH_WaitForLastOperation), (60 bytes).
    Removing py32f002b_hal_flash.o(i.HAL_FLASH_EndOfOperationCallback), (2 bytes).
    Removing py32f002b_hal_flash.o(i.HAL_FLASH_Erase), (600 bytes).
    Removing py32f002b_hal_flash.o(i.HAL_FLASH_Erase_IT), (488 bytes).
    Removing py32f002b_hal_flash.o(i.HAL_FLASH_GetError), (12 bytes).
    Removing py32f002b_hal_flash.o(i.HAL_FLASH_IRQHandler), (288 bytes).
    Removing py32f002b_hal_flash.o(i.HAL_FLASH_Lock), (36 bytes).
    Removing py32f002b_hal_flash.o(i.HAL_FLASH_OBBOOTGetConfig), (28 bytes).
    Removing py32f002b_hal_flash.o(i.HAL_FLASH_OBBOOTProgram), (456 bytes).
    Removing py32f002b_hal_flash.o(i.HAL_FLASH_OBGetConfig), (64 bytes).
    Removing py32f002b_hal_flash.o(i.HAL_FLASH_OBProgram), (492 bytes).
    Removing py32f002b_hal_flash.o(i.HAL_FLASH_OB_Launch), (24 bytes).
    Removing py32f002b_hal_flash.o(i.HAL_FLASH_OB_Lock), (36 bytes).
    Removing py32f002b_hal_flash.o(i.HAL_FLASH_OB_Unlock), (52 bytes).
    Removing py32f002b_hal_flash.o(i.HAL_FLASH_OperationErrorCallback), (2 bytes).
    Removing py32f002b_hal_flash.o(i.HAL_FLASH_PageProgram), (18 bytes).
    Removing py32f002b_hal_flash.o(i.HAL_FLASH_PageProgram_IT), (18 bytes).
    Removing py32f002b_hal_flash.o(i.HAL_FLASH_Program), (456 bytes).
    Removing py32f002b_hal_flash.o(i.HAL_FLASH_Program_IT), (436 bytes).
    Removing py32f002b_hal_flash.o(i.HAL_FLASH_Unlock), (52 bytes).
    Removing py32f002b_hal_flash.o(.bss), (24 bytes).
    Removing py32f002b_hal_flash.o(.constdata), (32 bytes).
    Removing py32f002b_hal_rcc_ex.o(.rev16_text), (4 bytes).
    Removing py32f002b_hal_rcc_ex.o(.revsh_text), (4 bytes).
    Removing py32f002b_hal_rcc_ex.o(i.HAL_RCCEx_DisableLSCO), (20 bytes).
    Removing py32f002b_hal_rcc_ex.o(i.HAL_RCCEx_EnableLSCO), (28 bytes).
    Removing py32f002b_hal_rcc_ex.o(i.HAL_RCCEx_GetPeriphCLKConfig), (48 bytes).
    Removing py32f002b_hal_rcc_ex.o(i.HAL_RCCEx_GetPeriphCLKFreq), (516 bytes).
    Removing py32f002b_hal_rcc_ex.o(i.HAL_RCCEx_PeriphCLKConfig), (188 bytes).
    Removing main.o(.rev16_text), (4 bytes).
    Removing main.o(.revsh_text), (4 bytes).
    Removing py32f002b_it.o(.rev16_text), (4 bytes).
    Removing py32f002b_it.o(.revsh_text), (4 bytes).
    Removing user_led.o(.rev16_text), (4 bytes).
    Removing user_led.o(.revsh_text), (4 bytes).
    Removing user_led.o(i.User_LED_Init), (64 bytes).
    Removing user_usart1.o(.rev16_text), (4 bytes).
    Removing user_usart1.o(.revsh_text), (4 bytes).
    Removing user_usart1.o(i.User_USART1_Test), (88 bytes).
    Removing user_system_clock_config.o(.rev16_text), (4 bytes).
    Removing user_system_clock_config.o(.revsh_text), (4 bytes).
    Removing ir.o(.rev16_text), (4 bytes).
    Removing ir.o(.revsh_text), (4 bytes).
    Removing dadd.o(.text), (360 bytes).
    Removing dmul.o(.text), (208 bytes).
    Removing ddiv.o(.text), (240 bytes).
    Removing dfixul.o(.text), (64 bytes).
    Removing cdrcmple.o(.text), (40 bytes).
    Removing depilogue.o(.text), (190 bytes).
    Removing depilogue.o(i.__ARM_clz), (46 bytes).

277 unused section(s) (total 21338 bytes) removed from the image.

==============================================================================

Image Symbol Table

    Local Symbols

    Symbol Name                              Value     Ov Type        Size  Object(Section)

    ../clib/microlib/division.c              0x00000000   Number         0  uidiv.o ABSOLUTE
    ../clib/microlib/division.c              0x00000000   Number         0  uldiv.o ABSOLUTE
    ../clib/microlib/init/entry.s            0x00000000   Number         0  entry11b.o ABSOLUTE
    ../clib/microlib/init/entry.s            0x00000000   Number         0  entry7b.o ABSOLUTE
    ../clib/microlib/init/entry.s            0x00000000   Number         0  entry12a.o ABSOLUTE
    ../clib/microlib/init/entry.s            0x00000000   Number         0  entry7a.o ABSOLUTE
    ../clib/microlib/init/entry.s            0x00000000   Number         0  entry.o ABSOLUTE
    ../clib/microlib/init/entry.s            0x00000000   Number         0  entry12b.o ABSOLUTE
    ../clib/microlib/init/entry.s            0x00000000   Number         0  entry11a.o ABSOLUTE
    ../clib/microlib/init/entry.s            0x00000000   Number         0  entry2.o ABSOLUTE
    ../clib/microlib/init/entry.s            0x00000000   Number         0  entry10b.o ABSOLUTE
    ../clib/microlib/init/entry.s            0x00000000   Number         0  entry10a.o ABSOLUTE
    ../clib/microlib/init/entry.s            0x00000000   Number         0  entry9b.o ABSOLUTE
    ../clib/microlib/init/entry.s            0x00000000   Number         0  entry9a.o ABSOLUTE
    ../clib/microlib/init/entry.s            0x00000000   Number         0  entry8b.o ABSOLUTE
    ../clib/microlib/init/entry.s            0x00000000   Number         0  entry8a.o ABSOLUTE
    ../clib/microlib/init/entry.s            0x00000000   Number         0  entry5.o ABSOLUTE
    ../clib/microlib/longlong.c              0x00000000   Number         0  llushr.o ABSOLUTE
    ../clib/microlib/longlong.c              0x00000000   Number         0  llsshr.o ABSOLUTE
    ../clib/microlib/longlong.c              0x00000000   Number         0  llshl.o ABSOLUTE
    ../clib/microlib/printf/printf.c         0x00000000   Number         0  printf2.o ABSOLUTE
    ../clib/microlib/printf/printf.c         0x00000000   Number         0  printf1.o ABSOLUTE
    ../clib/microlib/printf/printf.c         0x00000000   Number         0  printfb.o ABSOLUTE
    ../clib/microlib/printf/printf.c         0x00000000   Number         0  printf0.o ABSOLUTE
    ../clib/microlib/printf/printf.c         0x00000000   Number         0  printfa.o ABSOLUTE
    ../clib/microlib/printf/printf.c         0x00000000   Number         0  printf8.o ABSOLUTE
    ../clib/microlib/printf/printf.c         0x00000000   Number         0  printf7.o ABSOLUTE
    ../clib/microlib/printf/printf.c         0x00000000   Number         0  printf6.o ABSOLUTE
    ../clib/microlib/printf/printf.c         0x00000000   Number         0  printf5.o ABSOLUTE
    ../clib/microlib/printf/printf.c         0x00000000   Number         0  printf4.o ABSOLUTE
    ../clib/microlib/printf/printf.c         0x00000000   Number         0  printf3.o ABSOLUTE
    ../clib/microlib/printf/stubs.s          0x00000000   Number         0  stubs.o ABSOLUTE
    ../clib/microlib/stdio/streams.c         0x00000000   Number         0  stdout.o ABSOLUTE
    ../clib/microlib/string/memcpy.c         0x00000000   Number         0  memcpyb.o ABSOLUTE
    ../clib/microlib/string/memcpy.c         0x00000000   Number         0  memcpya.o ABSOLUTE
    ../clib/microlib/string/memset.c         0x00000000   Number         0  memseta.o ABSOLUTE
    ../clib/microlib/string/strlen.c         0x00000000   Number         0  strlen.o ABSOLUTE
    ../clib/microlib/stubs.s                 0x00000000   Number         0  iusefp.o ABSOLUTE
    ../fplib/microlib/fpadd.c                0x00000000   Number         0  dadd.o ABSOLUTE
    ../fplib/microlib/fpdiv.c                0x00000000   Number         0  ddiv.o ABSOLUTE
    ../fplib/microlib/fpepilogue.c           0x00000000   Number         0  depilogue.o ABSOLUTE
    ../fplib/microlib/fpfix.c                0x00000000   Number         0  dfixul.o ABSOLUTE
    ../fplib/microlib/fpmul.c                0x00000000   Number         0  dmul.o ABSOLUTE
    ..\Drivers\CMSIS\Device\PY32F0xx\Source\arm\startup_py32f002bxx.s 0x00000000   Number         0  startup_py32f002bxx.o ABSOLUTE
    ..\Drivers\CMSIS\Device\PY32F0xx\Source\system_py32f002b.c 0x00000000   Number         0  system_py32f002b.o ABSOLUTE
    ..\Drivers\PY32F002B_HAL_Driver\Src\py32f002b_hal.c 0x00000000   Number         0  py32f002b_hal.o ABSOLUTE
    ..\Drivers\PY32F002B_HAL_Driver\Src\py32f002b_hal_adc.c 0x00000000   Number         0  py32f002b_hal_adc.o ABSOLUTE
    ..\Drivers\PY32F002B_HAL_Driver\Src\py32f002b_hal_comp.c 0x00000000   Number         0  py32f002b_hal_comp.o ABSOLUTE
    ..\Drivers\PY32F002B_HAL_Driver\Src\py32f002b_hal_cortex.c 0x00000000   Number         0  py32f002b_hal_cortex.o ABSOLUTE
    ..\Drivers\PY32F002B_HAL_Driver\Src\py32f002b_hal_crc.c 0x00000000   Number         0  py32f002b_hal_crc.o ABSOLUTE
    ..\Drivers\PY32F002B_HAL_Driver\Src\py32f002b_hal_exti.c 0x00000000   Number         0  py32f002b_hal_exti.o ABSOLUTE
    ..\Drivers\PY32F002B_HAL_Driver\Src\py32f002b_hal_flash.c 0x00000000   Number         0  py32f002b_hal_flash.o ABSOLUTE
    ..\Drivers\PY32F002B_HAL_Driver\Src\py32f002b_hal_gpio.c 0x00000000   Number         0  py32f002b_hal_gpio.o ABSOLUTE
    ..\Drivers\PY32F002B_HAL_Driver\Src\py32f002b_hal_i2c.c 0x00000000   Number         0  py32f002b_hal_i2c.o ABSOLUTE
    ..\Drivers\PY32F002B_HAL_Driver\Src\py32f002b_hal_iwdg.c 0x00000000   Number         0  py32f002b_hal_iwdg.o ABSOLUTE
    ..\Drivers\PY32F002B_HAL_Driver\Src\py32f002b_hal_lptim.c 0x00000000   Number         0  py32f002b_hal_lptim.o ABSOLUTE
    ..\Drivers\PY32F002B_HAL_Driver\Src\py32f002b_hal_pwr.c 0x00000000   Number         0  py32f002b_hal_pwr.o ABSOLUTE
    ..\Drivers\PY32F002B_HAL_Driver\Src\py32f002b_hal_rcc.c 0x00000000   Number         0  py32f002b_hal_rcc.o ABSOLUTE
    ..\Drivers\PY32F002B_HAL_Driver\Src\py32f002b_hal_rcc_ex.c 0x00000000   Number         0  py32f002b_hal_rcc_ex.o ABSOLUTE
    ..\Drivers\PY32F002B_HAL_Driver\Src\py32f002b_hal_spi.c 0x00000000   Number         0  py32f002b_hal_spi.o ABSOLUTE
    ..\Drivers\PY32F002B_HAL_Driver\Src\py32f002b_hal_tim.c 0x00000000   Number         0  py32f002b_hal_tim.o ABSOLUTE
    ..\Drivers\PY32F002B_HAL_Driver\Src\py32f002b_hal_tim_ex.c 0x00000000   Number         0  py32f002b_hal_tim_ex.o ABSOLUTE
    ..\Drivers\PY32F002B_HAL_Driver\Src\py32f002b_hal_uart.c 0x00000000   Number         0  py32f002b_hal_uart.o ABSOLUTE
    ..\Drivers\PY32F002B_HAL_Driver\Src\py32f002b_hal_usart.c 0x00000000   Number         0  py32f002b_hal_usart.o ABSOLUTE
    ..\User\Src\main.c                       0x00000000   Number         0  main.o ABSOLUTE
    ..\User\Src\py32f002b_it.c               0x00000000   Number         0  py32f002b_it.o ABSOLUTE
    ..\User_Drivers\IR\IR.c                  0x00000000   Number         0  ir.o ABSOLUTE
    ..\User_Drivers\User_LED\User_LED.c      0x00000000   Number         0  user_led.o ABSOLUTE
    ..\User_Drivers\User_System_Clock_Config\User_System_Clock_Config.c 0x00000000   Number         0  user_system_clock_config.o ABSOLUTE
    ..\User_Drivers\User_USART1\User_USART1.c 0x00000000   Number         0  user_usart1.o ABSOLUTE
    ..\\Drivers\\CMSIS\\Device\\PY32F0xx\\Source\\system_py32f002b.c 0x00000000   Number         0  system_py32f002b.o ABSOLUTE
    ..\\Drivers\\PY32F002B_HAL_Driver\\Src\\py32f002b_hal.c 0x00000000   Number         0  py32f002b_hal.o ABSOLUTE
    ..\\Drivers\\PY32F002B_HAL_Driver\\Src\\py32f002b_hal_adc.c 0x00000000   Number         0  py32f002b_hal_adc.o ABSOLUTE
    ..\\Drivers\\PY32F002B_HAL_Driver\\Src\\py32f002b_hal_comp.c 0x00000000   Number         0  py32f002b_hal_comp.o ABSOLUTE
    ..\\Drivers\\PY32F002B_HAL_Driver\\Src\\py32f002b_hal_cortex.c 0x00000000   Number         0  py32f002b_hal_cortex.o ABSOLUTE
    ..\\Drivers\\PY32F002B_HAL_Driver\\Src\\py32f002b_hal_crc.c 0x00000000   Number         0  py32f002b_hal_crc.o ABSOLUTE
    ..\\Drivers\\PY32F002B_HAL_Driver\\Src\\py32f002b_hal_exti.c 0x00000000   Number         0  py32f002b_hal_exti.o ABSOLUTE
    ..\\Drivers\\PY32F002B_HAL_Driver\\Src\\py32f002b_hal_flash.c 0x00000000   Number         0  py32f002b_hal_flash.o ABSOLUTE
    ..\\Drivers\\PY32F002B_HAL_Driver\\Src\\py32f002b_hal_gpio.c 0x00000000   Number         0  py32f002b_hal_gpio.o ABSOLUTE
    ..\\Drivers\\PY32F002B_HAL_Driver\\Src\\py32f002b_hal_i2c.c 0x00000000   Number         0  py32f002b_hal_i2c.o ABSOLUTE
    ..\\Drivers\\PY32F002B_HAL_Driver\\Src\\py32f002b_hal_iwdg.c 0x00000000   Number         0  py32f002b_hal_iwdg.o ABSOLUTE
    ..\\Drivers\\PY32F002B_HAL_Driver\\Src\\py32f002b_hal_lptim.c 0x00000000   Number         0  py32f002b_hal_lptim.o ABSOLUTE
    ..\\Drivers\\PY32F002B_HAL_Driver\\Src\\py32f002b_hal_pwr.c 0x00000000   Number         0  py32f002b_hal_pwr.o ABSOLUTE
    ..\\Drivers\\PY32F002B_HAL_Driver\\Src\\py32f002b_hal_rcc.c 0x00000000   Number         0  py32f002b_hal_rcc.o ABSOLUTE
    ..\\Drivers\\PY32F002B_HAL_Driver\\Src\\py32f002b_hal_rcc_ex.c 0x00000000   Number         0  py32f002b_hal_rcc_ex.o ABSOLUTE
    ..\\Drivers\\PY32F002B_HAL_Driver\\Src\\py32f002b_hal_spi.c 0x00000000   Number         0  py32f002b_hal_spi.o ABSOLUTE
    ..\\Drivers\\PY32F002B_HAL_Driver\\Src\\py32f002b_hal_tim.c 0x00000000   Number         0  py32f002b_hal_tim.o ABSOLUTE
    ..\\Drivers\\PY32F002B_HAL_Driver\\Src\\py32f002b_hal_tim_ex.c 0x00000000   Number         0  py32f002b_hal_tim_ex.o ABSOLUTE
    ..\\Drivers\\PY32F002B_HAL_Driver\\Src\\py32f002b_hal_uart.c 0x00000000   Number         0  py32f002b_hal_uart.o ABSOLUTE
    ..\\Drivers\\PY32F002B_HAL_Driver\\Src\\py32f002b_hal_usart.c 0x00000000   Number         0  py32f002b_hal_usart.o ABSOLUTE
    ..\\User\\Src\\main.c                    0x00000000   Number         0  main.o ABSOLUTE
    ..\\User\\Src\\py32f002b_it.c            0x00000000   Number         0  py32f002b_it.o ABSOLUTE
    ..\\User_Drivers\\IR\\IR.c               0x00000000   Number         0  ir.o ABSOLUTE
    ..\\User_Drivers\\User_LED\\User_LED.c   0x00000000   Number         0  user_led.o ABSOLUTE
    ..\\User_Drivers\\User_System_Clock_Config\\User_System_Clock_Config.c 0x00000000   Number         0  user_system_clock_config.o ABSOLUTE
    ..\\User_Drivers\\User_USART1\\User_USART1.c 0x00000000   Number         0  user_usart1.o ABSOLUTE
    cdrcmple.s                               0x00000000   Number         0  cdrcmple.o ABSOLUTE
    dc.s                                     0x00000000   Number         0  dc.o ABSOLUTE
    handlers.s                               0x00000000   Number         0  handlers.o ABSOLUTE
    init.s                                   0x00000000   Number         0  init.o ABSOLUTE
    RESET                                    0x08000000   Section      192  startup_py32f002bxx.o(RESET)
    .ARM.Collect$$$$00000000                 0x080000c0   Section        0  entry.o(.ARM.Collect$$$$00000000)
    .ARM.Collect$$$$00000001                 0x080000c0   Section        4  entry2.o(.ARM.Collect$$$$00000001)
    .ARM.Collect$$$$00000004                 0x080000c4   Section        4  entry5.o(.ARM.Collect$$$$00000004)
    .ARM.Collect$$$$00000008                 0x080000c8   Section        0  entry7b.o(.ARM.Collect$$$$00000008)
    .ARM.Collect$$$$0000000A                 0x080000c8   Section        0  entry8b.o(.ARM.Collect$$$$0000000A)
    .ARM.Collect$$$$0000000B                 0x080000c8   Section        8  entry9a.o(.ARM.Collect$$$$0000000B)
    .ARM.Collect$$$$0000000E                 0x080000d0   Section        4  entry12b.o(.ARM.Collect$$$$0000000E)
    .ARM.Collect$$$$0000000F                 0x080000d4   Section        0  entry10a.o(.ARM.Collect$$$$0000000F)
    .ARM.Collect$$$$00000011                 0x080000d4   Section        0  entry11a.o(.ARM.Collect$$$$00000011)
    .ARM.Collect$$$$00002712                 0x080000d4   Section        4  entry2.o(.ARM.Collect$$$$00002712)
    __lit__00000000                          0x080000d4   Data           4  entry2.o(.ARM.Collect$$$$00002712)
    .text                                    0x080000d8   Section       28  startup_py32f002bxx.o(.text)
    .text                                    0x080000f4   Section        0  uidiv.o(.text)
    .text                                    0x08000120   Section        0  memcpya.o(.text)
    .text                                    0x08000144   Section       36  init.o(.text)
    i.DelayTime                              0x08000168   Section        0  system_py32f002b.o(i.DelayTime)
    DelayTime                                0x08000169   Thumb Code    24  system_py32f002b.o(i.DelayTime)
    i.EXTI0_1_IRQHandler                     0x08000184   Section        0  ir.o(i.EXTI0_1_IRQHandler)
    i.Get_System_Clock                       0x080001d4   Section        0  user_system_clock_config.o(i.Get_System_Clock)
    i.HAL_GPIO_Init                          0x08000260   Section        0  py32f002b_hal_gpio.o(i.HAL_GPIO_Init)
    i.HAL_GPIO_ReadPin                       0x08000414   Section        0  py32f002b_hal_gpio.o(i.HAL_GPIO_ReadPin)
    i.HAL_IncTick                            0x08000428   Section        0  py32f002b_hal.o(i.HAL_IncTick)
    i.HAL_Init                               0x08000440   Section        0  py32f002b_hal.o(i.HAL_Init)
    i.HAL_InitTick                           0x0800045c   Section        0  py32f002b_hal.o(i.HAL_InitTick)
    i.HAL_MspInit                            0x080004bc   Section        0  py32f002b_hal.o(i.HAL_MspInit)
    i.HAL_NVIC_EnableIRQ                     0x080004c0   Section        0  py32f002b_hal_cortex.o(i.HAL_NVIC_EnableIRQ)
    i.HAL_NVIC_SetPriority                   0x080004d8   Section        0  py32f002b_hal_cortex.o(i.HAL_NVIC_SetPriority)
    i.HAL_RCC_GetHCLKFreq                    0x080004ec   Section        0  py32f002b_hal_rcc.o(i.HAL_RCC_GetHCLKFreq)
    i.HAL_RCC_GetPCLK1Freq                   0x080004f8   Section        0  py32f002b_hal_rcc.o(i.HAL_RCC_GetPCLK1Freq)
    i.HAL_RCC_GetSysClockFreq                0x08000520   Section        0  py32f002b_hal_rcc.o(i.HAL_RCC_GetSysClockFreq)
    i.HAL_SYSTICK_Config                     0x080005e8   Section        0  py32f002b_hal_cortex.o(i.HAL_SYSTICK_Config)
    i.HAL_UART_Init                          0x08000620   Section        0  py32f002b_hal_uart.o(i.HAL_UART_Init)
    i.HAL_UART_MspInit                       0x080006ac   Section        0  user_usart1.o(i.HAL_UART_MspInit)
    i.HardFault_Handler                      0x08000738   Section        0  py32f002b_it.o(i.HardFault_Handler)
    i.IR_Init                                0x0800073c   Section        0  ir.o(i.IR_Init)
    i.IR_Read                                0x08000794   Section        0  ir.o(i.IR_Read)
    i.NMI_Handler                            0x0800088c   Section        0  py32f002b_it.o(i.NMI_Handler)
    i.NVIC_SetPriority                       0x08000890   Section        0  py32f002b_hal_cortex.o(i.NVIC_SetPriority)
    NVIC_SetPriority                         0x08000891   Thumb Code   110  py32f002b_hal_cortex.o(i.NVIC_SetPriority)
    i.PendSV_Handler                         0x08000908   Section        0  py32f002b_it.o(i.PendSV_Handler)
    i.SVC_Handler                            0x0800090a   Section        0  py32f002b_it.o(i.SVC_Handler)
    i.SysTick_Handler                        0x0800090c   Section        0  py32f002b_it.o(i.SysTick_Handler)
    i.SystemInit                             0x08000914   Section        0  system_py32f002b.o(i.SystemInit)
    i.UART_AdvFeatureConfig                  0x0800095c   Section        0  py32f002b_hal_uart.o(i.UART_AdvFeatureConfig)
    UART_AdvFeatureConfig                    0x0800095d   Thumb Code    56  py32f002b_hal_uart.o(i.UART_AdvFeatureConfig)
    i.UART_SetConfig                         0x08000994   Section        0  py32f002b_hal_uart.o(i.UART_SetConfig)
    UART_SetConfig                           0x08000995   Thumb Code   414  py32f002b_hal_uart.o(i.UART_SetConfig)
    i.USART1_IRQHandler                      0x08000b38   Section        0  user_usart1.o(i.USART1_IRQHandler)
    i.USART1_Send_Byte                       0x08000b94   Section        0  user_usart1.o(i.USART1_Send_Byte)
    i.User_System_Clock_Init                 0x08000bac   Section        0  user_system_clock_config.o(i.User_System_Clock_Init)
    i.User_USART1_Init                       0x08000bc0   Section        0  user_usart1.o(i.User_USART1_Init)
    i.__0printf$3                            0x08000c20   Section        0  printf3.o(i.__0printf$3)
    i.__scatterload_copy                     0x08000c40   Section       14  handlers.o(i.__scatterload_copy)
    i.__scatterload_null                     0x08000c4e   Section        2  handlers.o(i.__scatterload_null)
    i.__scatterload_zeroinit                 0x08000c50   Section       14  handlers.o(i.__scatterload_zeroinit)
    i._printf_core                           0x08000c60   Section        0  printf3.o(i._printf_core)
    _printf_core                             0x08000c61   Thumb Code   456  printf3.o(i._printf_core)
    i.delay_us                               0x08000e2c   Section        0  ir.o(i.delay_us)
    i.fputc                                  0x08000e40   Section        0  user_usart1.o(i.fputc)
    i.main                                   0x08000e50   Section        0  main.o(i.main)
    .constdata                               0x08000e8c   Section      128  system_py32f002b.o(.constdata)
    .constdata                               0x08000f0c   Section       32  py32f002b_hal_rcc.o(.constdata)
    .data                                    0x20000000   Section        4  system_py32f002b.o(.data)
    .data                                    0x20000004   Section       12  py32f002b_hal.o(.data)
    .data                                    0x20000010   Section       12  main.o(.data)
    .data                                    0x2000001c   Section        2  user_usart1.o(.data)
    .data                                    0x2000001e   Section        5  ir.o(.data)
    .data                                    0x20000024   Section        4  stdout.o(.data)
    .bss                                     0x20000028   Section       84  user_usart1.o(.bss)
    STACK                                    0x20000080   Section     1024  startup_py32f002bxx.o(STACK)

    Global Symbols

    Symbol Name                              Value     Ov Type        Size  Object(Section)

    BuildAttributes$$THM_ISAv3M$S$PE$A:L22$X:L11$S22$IEEE1$IW$USESV6$~STKCKD$USESV7$~SHL$OSPACE$ROPI$EBA8$MICROLIB$REQ8$PRES8$EABIv2 0x00000000   Number         0  anon$$obj.o ABSOLUTE
    __ARM_use_no_argv                        0x00000000   Number         0  main.o ABSOLUTE
    _printf_a                                0x00000000   Number         0  stubs.o ABSOLUTE
    _printf_c                                0x00000000   Number         0  stubs.o ABSOLUTE
    _printf_charcount                        0x00000000   Number         0  stubs.o ABSOLUTE
    _printf_d                                0x00000000   Number         0  stubs.o ABSOLUTE
    _printf_e                                0x00000000   Number         0  stubs.o ABSOLUTE
    _printf_f                                0x00000000   Number         0  stubs.o ABSOLUTE
    _printf_flags                            0x00000000   Number         0  stubs.o ABSOLUTE
    _printf_fp_dec                           0x00000000   Number         0  stubs.o ABSOLUTE
    _printf_fp_hex                           0x00000000   Number         0  stubs.o ABSOLUTE
    _printf_g                                0x00000000   Number         0  stubs.o ABSOLUTE
    _printf_i                                0x00000000   Number         0  stubs.o ABSOLUTE
    _printf_int_dec                          0x00000000   Number         0  stubs.o ABSOLUTE
    _printf_l                                0x00000000   Number         0  stubs.o ABSOLUTE
    _printf_lc                               0x00000000   Number         0  stubs.o ABSOLUTE
    _printf_ll                               0x00000000   Number         0  stubs.o ABSOLUTE
    _printf_lld                              0x00000000   Number         0  stubs.o ABSOLUTE
    _printf_lli                              0x00000000   Number         0  stubs.o ABSOLUTE
    _printf_llo                              0x00000000   Number         0  stubs.o ABSOLUTE
    _printf_llu                              0x00000000   Number         0  stubs.o ABSOLUTE
    _printf_llx                              0x00000000   Number         0  stubs.o ABSOLUTE
    _printf_longlong_dec                     0x00000000   Number         0  stubs.o ABSOLUTE
    _printf_longlong_hex                     0x00000000   Number         0  stubs.o ABSOLUTE
    _printf_longlong_oct                     0x00000000   Number         0  stubs.o ABSOLUTE
    _printf_ls                               0x00000000   Number         0  stubs.o ABSOLUTE
    _printf_mbtowc                           0x00000000   Number         0  stubs.o ABSOLUTE
    _printf_n                                0x00000000   Number         0  stubs.o ABSOLUTE
    _printf_o                                0x00000000   Number         0  stubs.o ABSOLUTE
    _printf_p                                0x00000000   Number         0  stubs.o ABSOLUTE
    _printf_percent                          0x00000000   Number         0  stubs.o ABSOLUTE
    _printf_pre_padding                      0x00000000   Number         0  stubs.o ABSOLUTE
    _printf_return_value                     0x00000000   Number         0  stubs.o ABSOLUTE
    _printf_s                                0x00000000   Number         0  stubs.o ABSOLUTE
    _printf_sizespec                         0x00000000   Number         0  stubs.o ABSOLUTE
    _printf_str                              0x00000000   Number         0  stubs.o ABSOLUTE
    _printf_truncate_signed                  0x00000000   Number         0  stubs.o ABSOLUTE
    _printf_truncate_unsigned                0x00000000   Number         0  stubs.o ABSOLUTE
    _printf_u                                0x00000000   Number         0  stubs.o ABSOLUTE
    _printf_wc                               0x00000000   Number         0  stubs.o ABSOLUTE
    _printf_wctomb                           0x00000000   Number         0  stubs.o ABSOLUTE
    _printf_widthprec                        0x00000000   Number         0  stubs.o ABSOLUTE
    _printf_x                                0x00000000   Number         0  stubs.o ABSOLUTE
    __arm_fini_                               - Undefined Weak Reference
    __cpp_initialize__aeabi_                  - Undefined Weak Reference
    __cxa_finalize                            - Undefined Weak Reference
    __decompress                              - Undefined Weak Reference
    _clock_init                               - Undefined Weak Reference
    _microlib_exit                            - Undefined Weak Reference
    __Vectors_Size                           0x000000c0   Number         0  startup_py32f002bxx.o ABSOLUTE
    __Vectors                                0x08000000   Data           4  startup_py32f002bxx.o(RESET)
    __Vectors_End                            0x080000c0   Data           0  startup_py32f002bxx.o(RESET)
    __main                                   0x080000c1   Thumb Code     0  entry.o(.ARM.Collect$$$$00000000)
    _main_stk                                0x080000c1   Thumb Code     0  entry2.o(.ARM.Collect$$$$00000001)
    _main_scatterload                        0x080000c5   Thumb Code     0  entry5.o(.ARM.Collect$$$$00000004)
    __main_after_scatterload                 0x080000c9   Thumb Code     0  entry5.o(.ARM.Collect$$$$00000004)
    _main_clock                              0x080000c9   Thumb Code     0  entry7b.o(.ARM.Collect$$$$00000008)
    _main_cpp_init                           0x080000c9   Thumb Code     0  entry8b.o(.ARM.Collect$$$$0000000A)
    _main_init                               0x080000c9   Thumb Code     0  entry9a.o(.ARM.Collect$$$$0000000B)
    __rt_lib_shutdown_fini                   0x080000d1   Thumb Code     0  entry12b.o(.ARM.Collect$$$$0000000E)
    __rt_final_cpp                           0x080000d5   Thumb Code     0  entry10a.o(.ARM.Collect$$$$0000000F)
    __rt_final_exit                          0x080000d5   Thumb Code     0  entry11a.o(.ARM.Collect$$$$00000011)
    Reset_Handler                            0x080000d9   Thumb Code     8  startup_py32f002bxx.o(.text)
    ADC_COMP_IRQHandler                      0x080000eb   Thumb Code     0  startup_py32f002bxx.o(.text)
    EXTI2_3_IRQHandler                       0x080000eb   Thumb Code     0  startup_py32f002bxx.o(.text)
    EXTI4_15_IRQHandler                      0x080000eb   Thumb Code     0  startup_py32f002bxx.o(.text)
    FLASH_IRQHandler                         0x080000eb   Thumb Code     0  startup_py32f002bxx.o(.text)
    I2C1_IRQHandler                          0x080000eb   Thumb Code     0  startup_py32f002bxx.o(.text)
    LPTIM1_IRQHandler                        0x080000eb   Thumb Code     0  startup_py32f002bxx.o(.text)
    RCC_IRQHandler                           0x080000eb   Thumb Code     0  startup_py32f002bxx.o(.text)
    SPI1_IRQHandler                          0x080000eb   Thumb Code     0  startup_py32f002bxx.o(.text)
    TIM14_IRQHandler                         0x080000eb   Thumb Code     0  startup_py32f002bxx.o(.text)
    TIM1_BRK_UP_TRG_COM_IRQHandler           0x080000eb   Thumb Code     0  startup_py32f002bxx.o(.text)
    TIM1_CC_IRQHandler                       0x080000eb   Thumb Code     0  startup_py32f002bxx.o(.text)
    __aeabi_uidiv                            0x080000f5   Thumb Code     0  uidiv.o(.text)
    __aeabi_uidivmod                         0x080000f5   Thumb Code    44  uidiv.o(.text)
    __aeabi_memcpy                           0x08000121   Thumb Code    36  memcpya.o(.text)
    __aeabi_memcpy4                          0x08000121   Thumb Code     0  memcpya.o(.text)
    __aeabi_memcpy8                          0x08000121   Thumb Code     0  memcpya.o(.text)
    __scatterload                            0x08000145   Thumb Code    28  init.o(.text)
    __scatterload_rt2                        0x08000145   Thumb Code     0  init.o(.text)
    EXTI0_1_IRQHandler                       0x08000185   Thumb Code    62  ir.o(i.EXTI0_1_IRQHandler)
    Get_System_Clock                         0x080001d5   Thumb Code    70  user_system_clock_config.o(i.Get_System_Clock)
    HAL_GPIO_Init                            0x08000261   Thumb Code   428  py32f002b_hal_gpio.o(i.HAL_GPIO_Init)
    HAL_GPIO_ReadPin                         0x08000415   Thumb Code    18  py32f002b_hal_gpio.o(i.HAL_GPIO_ReadPin)
    HAL_IncTick                              0x08000429   Thumb Code    16  py32f002b_hal.o(i.HAL_IncTick)
    HAL_Init                                 0x08000441   Thumb Code    26  py32f002b_hal.o(i.HAL_Init)
    HAL_InitTick                             0x0800045d   Thumb Code    82  py32f002b_hal.o(i.HAL_InitTick)
    HAL_MspInit                              0x080004bd   Thumb Code     2  py32f002b_hal.o(i.HAL_MspInit)
    HAL_NVIC_EnableIRQ                       0x080004c1   Thumb Code    18  py32f002b_hal_cortex.o(i.HAL_NVIC_EnableIRQ)
    HAL_NVIC_SetPriority                     0x080004d9   Thumb Code    18  py32f002b_hal_cortex.o(i.HAL_NVIC_SetPriority)
    HAL_RCC_GetHCLKFreq                      0x080004ed   Thumb Code     6  py32f002b_hal_rcc.o(i.HAL_RCC_GetHCLKFreq)
    HAL_RCC_GetPCLK1Freq                     0x080004f9   Thumb Code    32  py32f002b_hal_rcc.o(i.HAL_RCC_GetPCLK1Freq)
    HAL_RCC_GetSysClockFreq                  0x08000521   Thumb Code   180  py32f002b_hal_rcc.o(i.HAL_RCC_GetSysClockFreq)
    HAL_SYSTICK_Config                       0x080005e9   Thumb Code    46  py32f002b_hal_cortex.o(i.HAL_SYSTICK_Config)
    HAL_UART_Init                            0x08000621   Thumb Code   138  py32f002b_hal_uart.o(i.HAL_UART_Init)
    HAL_UART_MspInit                         0x080006ad   Thumb Code   130  user_usart1.o(i.HAL_UART_MspInit)
    HardFault_Handler                        0x08000739   Thumb Code     4  py32f002b_it.o(i.HardFault_Handler)
    IR_Init                                  0x0800073d   Thumb Code    78  ir.o(i.IR_Init)
    IR_Read                                  0x08000795   Thumb Code   238  ir.o(i.IR_Read)
    NMI_Handler                              0x0800088d   Thumb Code     2  py32f002b_it.o(i.NMI_Handler)
    PendSV_Handler                           0x08000909   Thumb Code     2  py32f002b_it.o(i.PendSV_Handler)
    SVC_Handler                              0x0800090b   Thumb Code     2  py32f002b_it.o(i.SVC_Handler)
    SysTick_Handler                          0x0800090d   Thumb Code     8  py32f002b_it.o(i.SysTick_Handler)
    SystemInit                               0x08000915   Thumb Code    56  system_py32f002b.o(i.SystemInit)
    USART1_IRQHandler                        0x08000b39   Thumb Code    74  user_usart1.o(i.USART1_IRQHandler)
    USART1_Send_Byte                         0x08000b95   Thumb Code    20  user_usart1.o(i.USART1_Send_Byte)
    User_System_Clock_Init                   0x08000bad   Thumb Code    16  user_system_clock_config.o(i.User_System_Clock_Init)
    User_USART1_Init                         0x08000bc1   Thumb Code    88  user_usart1.o(i.User_USART1_Init)
    __0printf$3                              0x08000c21   Thumb Code    24  printf3.o(i.__0printf$3)
    __1printf$3                              0x08000c21   Thumb Code     0  printf3.o(i.__0printf$3)
    __2printf                                0x08000c21   Thumb Code     0  printf3.o(i.__0printf$3)
    __scatterload_copy                       0x08000c41   Thumb Code    14  handlers.o(i.__scatterload_copy)
    __scatterload_null                       0x08000c4f   Thumb Code     2  handlers.o(i.__scatterload_null)
    __scatterload_zeroinit                   0x08000c51   Thumb Code    14  handlers.o(i.__scatterload_zeroinit)
    delay_us                                 0x08000e2d   Thumb Code    20  ir.o(i.delay_us)
    fputc                                    0x08000e41   Thumb Code    16  user_usart1.o(i.fputc)
    main                                     0x08000e51   Thumb Code    48  main.o(i.main)
    AHBPrescTable                            0x08000e8c   Data          64  system_py32f002b.o(.constdata)
    APBPrescTable                            0x08000ecc   Data          32  system_py32f002b.o(.constdata)
    HSIFreqTable                             0x08000eec   Data          32  system_py32f002b.o(.constdata)
    Region$$Table$$Base                      0x08000f2c   Number         0  anon$$obj.o(Region$$Table)
    Region$$Table$$Limit                     0x08000f4c   Number         0  anon$$obj.o(Region$$Table)
    SystemCoreClock                          0x20000000   Data           4  system_py32f002b.o(.data)
    uwTick                                   0x20000004   Data           4  py32f002b_hal.o(.data)
    uwTickPrio                               0x20000008   Data           4  py32f002b_hal.o(.data)
    uwTickFreq                               0x2000000c   Data           4  py32f002b_hal.o(.data)
    System_Clock                             0x20000010   Data           4  main.o(.data)
    AHB_Clock                                0x20000014   Data           4  main.o(.data)
    APB_Clock                                0x20000018   Data           4  main.o(.data)
    UART1_Rec_Count                          0x2000001c   Data           1  user_usart1.o(.data)
    G_UART1_RecFlag                          0x2000001d   Data           1  user_usart1.o(.data)
    ir_flag                                  0x2000001e   Data           1  ir.o(.data)
    ir_buff                                  0x2000001f   Data           4  ir.o(.data)
    __stdout                                 0x20000024   Data           4  stdout.o(.data)
    G_UART1_RecBuffer                        0x20000028   Data          16  user_usart1.o(.bss)
    USART1_Handle                            0x20000038   Data          68  user_usart1.o(.bss)
    __initial_sp                             0x20000480   Data           0  startup_py32f002bxx.o(STACK)



==============================================================================

Memory Map of the image

  Image Entry point : 0x080000c1

  Load Region LR_IROM1 (Base: 0x08000000, Size: 0x00000f74, Max: 0x00006000, ABSOLUTE)

    Execution Region ER_IROM1 (Exec base: 0x08000000, Load base: 0x08000000, Size: 0x00000f4c, Max: 0x00006000, ABSOLUTE)

    Exec Addr    Load Addr    Size         Type   Attr      Idx    E Section Name        Object

    0x08000000   0x08000000   0x000000c0   Data   RO            3    RESET               startup_py32f002bxx.o
    0x080000c0   0x080000c0   0x00000000   Code   RO         1989  * .ARM.Collect$$$$00000000  mc_p.l(entry.o)
    0x080000c0   0x080000c0   0x00000004   Code   RO         2263    .ARM.Collect$$$$00000001  mc_p.l(entry2.o)
    0x080000c4   0x080000c4   0x00000004   Code   RO         2266    .ARM.Collect$$$$00000004  mc_p.l(entry5.o)
    0x080000c8   0x080000c8   0x00000000   Code   RO         2268    .ARM.Collect$$$$00000008  mc_p.l(entry7b.o)
    0x080000c8   0x080000c8   0x00000000   Code   RO         2270    .ARM.Collect$$$$0000000A  mc_p.l(entry8b.o)
    0x080000c8   0x080000c8   0x00000008   Code   RO         2271    .ARM.Collect$$$$0000000B  mc_p.l(entry9a.o)
    0x080000d0   0x080000d0   0x00000004   Code   RO         2278    .ARM.Collect$$$$0000000E  mc_p.l(entry12b.o)
    0x080000d4   0x080000d4   0x00000000   Code   RO         2273    .ARM.Collect$$$$0000000F  mc_p.l(entry10a.o)
    0x080000d4   0x080000d4   0x00000000   Code   RO         2275    .ARM.Collect$$$$00000011  mc_p.l(entry11a.o)
    0x080000d4   0x080000d4   0x00000004   Code   RO         2264    .ARM.Collect$$$$00002712  mc_p.l(entry2.o)
    0x080000d8   0x080000d8   0x0000001c   Code   RO            4    .text               startup_py32f002bxx.o
    0x080000f4   0x080000f4   0x0000002c   Code   RO         1992    .text               mc_p.l(uidiv.o)
    0x08000120   0x08000120   0x00000024   Code   RO         1994    .text               mc_p.l(memcpya.o)
    0x08000144   0x08000144   0x00000024   Code   RO         2293    .text               mc_p.l(init.o)
    0x08000168   0x08000168   0x0000001c   Code   RO           12    i.DelayTime         system_py32f002b.o
    0x08000184   0x08000184   0x00000050   Code   RO         1947    i.EXTI0_1_IRQHandler  ir.o
    0x080001d4   0x080001d4   0x0000008c   Code   RO         1921    i.Get_System_Clock  user_system_clock_config.o
    0x08000260   0x08000260   0x000001b4   Code   RO          738    i.HAL_GPIO_Init     py32f002b_hal_gpio.o
    0x08000414   0x08000414   0x00000012   Code   RO          740    i.HAL_GPIO_ReadPin  py32f002b_hal_gpio.o
    0x08000426   0x08000426   0x00000002   PAD
    0x08000428   0x08000428   0x00000018   Code   RO          139    i.HAL_IncTick       py32f002b_hal.o
    0x08000440   0x08000440   0x0000001a   Code   RO          140    i.HAL_Init          py32f002b_hal.o
    0x0800045a   0x0800045a   0x00000002   PAD
    0x0800045c   0x0800045c   0x00000060   Code   RO          141    i.HAL_InitTick      py32f002b_hal.o
    0x080004bc   0x080004bc   0x00000002   Code   RO          143    i.HAL_MspInit       py32f002b_hal.o
    0x080004be   0x080004be   0x00000002   PAD
    0x080004c0   0x080004c0   0x00000018   Code   RO          519    i.HAL_NVIC_EnableIRQ  py32f002b_hal_cortex.o
    0x080004d8   0x080004d8   0x00000012   Code   RO          523    i.HAL_NVIC_SetPriority  py32f002b_hal_cortex.o
    0x080004ea   0x080004ea   0x00000002   PAD
    0x080004ec   0x080004ec   0x0000000c   Code   RO          928    i.HAL_RCC_GetHCLKFreq  py32f002b_hal_rcc.o
    0x080004f8   0x080004f8   0x00000028   Code   RO          930    i.HAL_RCC_GetPCLK1Freq  py32f002b_hal_rcc.o
    0x08000520   0x08000520   0x000000c8   Code   RO          931    i.HAL_RCC_GetSysClockFreq  py32f002b_hal_rcc.o
    0x080005e8   0x080005e8   0x00000038   Code   RO          527    i.HAL_SYSTICK_Config  py32f002b_hal_cortex.o
    0x08000620   0x08000620   0x0000008a   Code   RO         1307    i.HAL_UART_Init     py32f002b_hal_uart.o
    0x080006aa   0x080006aa   0x00000002   PAD
    0x080006ac   0x080006ac   0x0000008c   Code   RO         1864    i.HAL_UART_MspInit  user_usart1.o
    0x08000738   0x08000738   0x00000004   Code   RO         1797    i.HardFault_Handler  py32f002b_it.o
    0x0800073c   0x0800073c   0x00000058   Code   RO         1948    i.IR_Init           ir.o
    0x08000794   0x08000794   0x000000f8   Code   RO         1949    i.IR_Read           ir.o
    0x0800088c   0x0800088c   0x00000002   Code   RO         1798    i.NMI_Handler       py32f002b_it.o
    0x0800088e   0x0800088e   0x00000002   PAD
    0x08000890   0x08000890   0x00000078   Code   RO          529    i.NVIC_SetPriority  py32f002b_hal_cortex.o
    0x08000908   0x08000908   0x00000002   Code   RO         1799    i.PendSV_Handler    py32f002b_it.o
    0x0800090a   0x0800090a   0x00000002   Code   RO         1800    i.SVC_Handler       py32f002b_it.o
    0x0800090c   0x0800090c   0x00000008   Code   RO         1801    i.SysTick_Handler   py32f002b_it.o
    0x08000914   0x08000914   0x00000048   Code   RO           14    i.SystemInit        system_py32f002b.o
    0x0800095c   0x0800095c   0x00000038   Code   RO         1318    i.UART_AdvFeatureConfig  py32f002b_hal_uart.o
    0x08000994   0x08000994   0x000001a4   Code   RO         1322    i.UART_SetConfig    py32f002b_hal_uart.o
    0x08000b38   0x08000b38   0x0000005c   Code   RO         1865    i.USART1_IRQHandler  user_usart1.o
    0x08000b94   0x08000b94   0x00000018   Code   RO         1866    i.USART1_Send_Byte  user_usart1.o
    0x08000bac   0x08000bac   0x00000014   Code   RO         1922    i.User_System_Clock_Init  user_system_clock_config.o
    0x08000bc0   0x08000bc0   0x00000060   Code   RO         1867    i.User_USART1_Init  user_usart1.o
    0x08000c20   0x08000c20   0x00000020   Code   RO         2091    i.__0printf$3       mc_p.l(printf3.o)
    0x08000c40   0x08000c40   0x0000000e   Code   RO         2307    i.__scatterload_copy  mc_p.l(handlers.o)
    0x08000c4e   0x08000c4e   0x00000002   Code   RO         2308    i.__scatterload_null  mc_p.l(handlers.o)
    0x08000c50   0x08000c50   0x0000000e   Code   RO         2309    i.__scatterload_zeroinit  mc_p.l(handlers.o)
    0x08000c5e   0x08000c5e   0x00000002   PAD
    0x08000c60   0x08000c60   0x000001cc   Code   RO         2098    i._printf_core      mc_p.l(printf3.o)
    0x08000e2c   0x08000e2c   0x00000014   Code   RO         1950    i.delay_us          ir.o
    0x08000e40   0x08000e40   0x00000010   Code   RO         1869    i.fputc             user_usart1.o
    0x08000e50   0x08000e50   0x0000003c   Code   RO         1754    i.main              main.o
    0x08000e8c   0x08000e8c   0x00000080   Data   RO           15    .constdata          system_py32f002b.o
    0x08000f0c   0x08000f0c   0x00000020   Data   RO          936    .constdata          py32f002b_hal_rcc.o
    0x08000f2c   0x08000f2c   0x00000020   Data   RO         2305    Region$$Table       anon$$obj.o


    Execution Region RW_IRAM1 (Exec base: 0x20000000, Load base: 0x08000f4c, Size: 0x00000480, Max: 0x00000c00, ABSOLUTE)

    Exec Addr    Load Addr    Size         Type   Attr      Idx    E Section Name        Object

    0x20000000   0x08000f4c   0x00000004   Data   RW           16    .data               system_py32f002b.o
    0x20000004   0x08000f50   0x0000000c   Data   RW          156    .data               py32f002b_hal.o
    0x20000010   0x08000f5c   0x0000000c   Data   RW         1755    .data               main.o
    0x2000001c   0x08000f68   0x00000002   Data   RW         1871    .data               user_usart1.o
    0x2000001e   0x08000f6a   0x00000005   Data   RW         1951    .data               ir.o
    0x20000023   0x08000f6f   0x00000001   PAD
    0x20000024   0x08000f70   0x00000004   Data   RW         2279    .data               mc_p.l(stdout.o)
    0x20000028        -       0x00000054   Zero   RW         1870    .bss                user_usart1.o
    0x2000007c   0x08000f74   0x00000004   PAD
    0x20000080        -       0x00000400   Zero   RW            1    STACK               startup_py32f002bxx.o


==============================================================================

Image component sizes


      Code (inc. data)   RO Data    RW Data    ZI Data      Debug   Object Name

       436         38          0          5          0       3354   ir.o
        60         12          0         12          0        886   main.o
       148         22          0         12          0       3529   py32f002b_hal.o
       218         26          0          0          0       9441   py32f002b_hal_cortex.o
       454          8          0          0          0       2391   py32f002b_hal_gpio.o
       252         34         32          0          0       2555   py32f002b_hal_rcc.o
       614          6          0          0          0       2512   py32f002b_hal_uart.o
        18          0          0          0          0       2439   py32f002b_it.o
        28          8        192          0       1024        764   startup_py32f002bxx.o
       100         20        128          4          0     163332   system_py32f002b.o
       160         74          0          0          0       1196   user_system_clock_config.o
       368         40          0          2         84       4015   user_usart1.o

    ----------------------------------------------------------------------
      2868        288        384         36       1112     196414   Object Totals
         0          0         32          0          0          0   (incl. Generated)
        12          0          0          1          4          0   (incl. Padding)

    ----------------------------------------------------------------------

      Code (inc. data)   RO Data    RW Data    ZI Data      Debug   Library Member Name

         0          0          0          0          0          0   entry.o
         0          0          0          0          0          0   entry10a.o
         0          0          0          0          0          0   entry11a.o
         4          0          0          0          0          0   entry12b.o
         8          4          0          0          0          0   entry2.o
         4          0          0          0          0          0   entry5.o
         0          0          0          0          0          0   entry7b.o
         0          0          0          0          0          0   entry8b.o
         8          4          0          0          0          0   entry9a.o
        30          0          0          0          0          0   handlers.o
        36          8          0          0          0         68   init.o
        36          0          0          0          0         60   memcpya.o
       492         12          0          0          0        168   printf3.o
         0          0          0          4          0          0   stdout.o
        44          0          0          0          0         72   uidiv.o

    ----------------------------------------------------------------------
       664         28          0          4          0        368   Library Totals
         2          0          0          0          0          0   (incl. Padding)

    ----------------------------------------------------------------------

      Code (inc. data)   RO Data    RW Data    ZI Data      Debug   Library Name

       662         28          0          4          0        368   mc_p.l

    ----------------------------------------------------------------------
       664         28          0          4          0        368   Library Totals

    ----------------------------------------------------------------------

==============================================================================


      Code (inc. data)   RO Data    RW Data    ZI Data      Debug   

      3532        316        384         40       1112     195482   Grand Totals
      3532        316        384         40       1112     195482   ELF Image Totals
      3532        316        384         40          0          0   ROM Totals

==============================================================================

    Total RO  Size (Code + RO Data)                 3916 (   3.82kB)
    Total RW  Size (RW Data + ZI Data)              1152 (   1.13kB)
    Total ROM Size (Code + RO Data + RW Data)       3956 (   3.86kB)

==============================================================================

