<html>
<body>
<pre>
<h1>µVision Build Log</h1>
<h2>Tool Versions:</h2>
IDE-Version: ¶ÃVision V5.24.2.0
Copyright (C) 2017 ARM Ltd and ARM Germany GmbH. All rights reserved.
License Information: A Admin, A, LIC=CZLZX-H61ZS-VEVHA-10NPW-ANN02-Q3ALA
 
Tool Versions:
Toolchain:       MDK-ARM Plus  Version: 5.24.1
Toolchain Path:  C:\Keil_v5\ARM\ARMCC\Bin
C Compiler:      Armcc.exe V5.06 update 5 (build 528)
Assembler:       Armasm.exe V5.06 update 5 (build 528)
Linker/Locator:  ArmLink.exe V5.06 update 5 (build 528)
Library Manager: ArmAr.exe V5.06 update 5 (build 528)
Hex Converter:   FromElf.exe V5.06 update 5 (build 528)
CPU DLL:         SARMCM3.DLL V5.24.1
Dialog DLL:      DARMCM1.DLL V1.18.0.0
Target DLL:      CMSIS_AGDI.dll V1.28.3.0
Dialog DLL:      TARMCM1.DLL V1.13.0.0
 
<h2>Project:</h2>
C:\baidunetdiskdownload\PY32F002B\PY32F002B Package-2025.04.17\XL demo\PY32F002B VCCµÁ—π\MDK-ARM\Project.uvprojx
Project File Date:  04/08/2024

<h2>Output:</h2>
*** Using Compiler 'V5.06 update 5 (build 528)', folder: 'C:\Keil_v5\ARM\ARMCC\Bin'
Build target 'PY32F002Bx5_Project'
assembling startup_py32f002bxx.s...
compiling system_py32f002b.c...
compiling py32f002b_it.c...
compiling py32f002b_hal_crc.c...
compiling py32f002b_hal.c...
compiling py32f002b_hal_cortex.c...
compiling py32f002b_hal_comp.c...
compiling py32f002b_hal_msp.c...
compiling main.c...
..\Src\main.c(32): warning:  #223-D: function "BSP_USART_Config" declared implicitly
    BSP_USART_Config();
..\Src\main.c: 1 warning, 0 errors
compiling py32f002b_hal_exti.c...
compiling py32f002b_hal_adc.c...
compiling py32f002b_hal_i2c.c...
compiling py32f002b_hal_gpio.c...
compiling py32f002b_hal_flash.c...
compiling py32f002b_hal_lptim.c...
compiling py32f002b_hal_iwdg.c...
compiling py32f002b_hal_rcc.c...
compiling py32f002b_hal_pwr.c...
compiling py32f002b_hal_rcc_ex.c...
compiling py32f002b_hal_spi.c...
compiling py32f002b_hal_tim_ex.c...
compiling py32f002b_hal_tim.c...
compiling py32f002b_hal_uart.c...
compiling py32f002bxx_Start_Kit.c...
compiling py32f002b_hal_usart.c...
linking...
Program Size: Code=6384 RO-data=384 RW-data=28 ZI-data=1164  
FromELF: creating hex file...
".\Output\Project.axf" - 0 Error(s), 1 Warning(s).

<h2>Software Packages used:</h2>

Package Vendor: ARM
                http://www.keil.com/pack/ARM.CMSIS.5.6.0.pack
                ARM.CMSIS.5.6.0
                CMSIS (Cortex Microcontroller Software Interface Standard)
   * Component: CORE Version: 5.3.0

Package Vendor: Puya
                https://www.puyasemi.com/Puya.PY32F0xx_DFP.1.1.9.pack
                Puya.PY32F0xx_DFP.1.1.9
                Puya PY32F0 Series Device Support

<h2>Collection of Component include folders:</h2>
  .\RTE\_PY32F002Bx5_Project
  C:\Keil_v5\ARM\PACK\ARM\CMSIS\5.6.0\CMSIS\Core\Include
  C:\Keil_v5\ARM\PACK\Puya\PY32F0xx_DFP\1.1.9\Device\Include

<h2>Collection of Component Files used:</h2>

   * Component: ARM::CMSIS:CORE:5.3.0
Build Time Elapsed:  00:00:03
</pre>
</body>
</html>
