<!doctype html public "-//w3c//dtd html 4.0 transitional//en">
<html><head>
<title>Static Call Graph - [.\Output\Project.axf]</title></head>
<body><HR>
<H1>Static Call Graph for image .\Output\Project.axf</H1><HR>
<BR><P>#&#060CALLGRAPH&#062# ARM Linker, 5060528: Last Updated: Mon Jul 06 10:25:53 2026
<BR><P>
<H3>Maximum Stack Usage =        132 bytes + Unknown(Cycles, Untraceable Function Pointers)</H3><H3>
Call chain for Maximum Stack Depth:</H3>
main &rArr; APP_SystemClockConfig &rArr; HAL_RCC_OscConfig &rArr; HAL_RCC_GetSysClockFreq &rArr; __aeabi_uidivmod
<P>
<H3>
Mutually Recursive functions
</H3> <LI><a href="#[b]">ADC_COMP_IRQHandler</a>&nbsp;&nbsp;&nbsp;&rArr;&nbsp;&nbsp;&nbsp;<a href="#[b]">ADC_COMP_IRQHandler</a><BR>
</UL>
<P>
<H3>
Function Pointers
</H3><UL>
 <LI><a href="#[b]">ADC_COMP_IRQHandler</a> from startup_py32f002bxx.o(.text) referenced from startup_py32f002bxx.o(RESET)
 <LI><a href="#[8]">EXTI0_1_IRQHandler</a> from startup_py32f002bxx.o(.text) referenced from startup_py32f002bxx.o(RESET)
 <LI><a href="#[9]">EXTI2_3_IRQHandler</a> from startup_py32f002bxx.o(.text) referenced from startup_py32f002bxx.o(RESET)
 <LI><a href="#[a]">EXTI4_15_IRQHandler</a> from startup_py32f002bxx.o(.text) referenced from startup_py32f002bxx.o(RESET)
 <LI><a href="#[6]">FLASH_IRQHandler</a> from startup_py32f002bxx.o(.text) referenced from startup_py32f002bxx.o(RESET)
 <LI><a href="#[2]">HardFault_Handler</a> from py32f002b_it.o(i.HardFault_Handler) referenced from startup_py32f002bxx.o(RESET)
 <LI><a href="#[10]">I2C1_IRQHandler</a> from startup_py32f002bxx.o(.text) referenced from startup_py32f002bxx.o(RESET)
 <LI><a href="#[e]">LPTIM1_IRQHandler</a> from startup_py32f002bxx.o(.text) referenced from startup_py32f002bxx.o(RESET)
 <LI><a href="#[1]">NMI_Handler</a> from py32f002b_it.o(i.NMI_Handler) referenced from startup_py32f002bxx.o(RESET)
 <LI><a href="#[4]">PendSV_Handler</a> from py32f002b_it.o(i.PendSV_Handler) referenced from startup_py32f002bxx.o(RESET)
 <LI><a href="#[7]">RCC_IRQHandler</a> from startup_py32f002bxx.o(.text) referenced from startup_py32f002bxx.o(RESET)
 <LI><a href="#[0]">Reset_Handler</a> from startup_py32f002bxx.o(.text) referenced from startup_py32f002bxx.o(RESET)
 <LI><a href="#[11]">SPI1_IRQHandler</a> from startup_py32f002bxx.o(.text) referenced from startup_py32f002bxx.o(RESET)
 <LI><a href="#[3]">SVC_Handler</a> from py32f002b_it.o(i.SVC_Handler) referenced from startup_py32f002bxx.o(RESET)
 <LI><a href="#[5]">SysTick_Handler</a> from py32f002b_it.o(i.SysTick_Handler) referenced from startup_py32f002bxx.o(RESET)
 <LI><a href="#[14]">SystemInit</a> from system_py32f002b.o(i.SystemInit) referenced from startup_py32f002bxx.o(.text)
 <LI><a href="#[f]">TIM14_IRQHandler</a> from startup_py32f002bxx.o(.text) referenced from startup_py32f002bxx.o(RESET)
 <LI><a href="#[c]">TIM1_BRK_UP_TRG_COM_IRQHandler</a> from startup_py32f002bxx.o(.text) referenced from startup_py32f002bxx.o(RESET)
 <LI><a href="#[d]">TIM1_CC_IRQHandler</a> from startup_py32f002bxx.o(.text) referenced from startup_py32f002bxx.o(RESET)
 <LI><a href="#[12]">USART1_IRQHandler</a> from startup_py32f002bxx.o(.text) referenced from startup_py32f002bxx.o(RESET)
 <LI><a href="#[15]">__main</a> from entry.o(.ARM.Collect$$$$00000000) referenced from startup_py32f002bxx.o(.text)
 <LI><a href="#[16]">fputc</a> from py32f002bxx_start_kit.o(i.fputc) referenced from printf1.o(i.__0printf$1)
 <LI><a href="#[13]">main</a> from main.o(i.main) referenced from entry9a.o(.ARM.Collect$$$$0000000B)
</UL>
<P>
<H3>
Global Symbols
</H3>
<P><STRONG><a name="[15]"></a>__main</STRONG> (Thumb, 0 bytes, Stack size unknown bytes, entry.o(.ARM.Collect$$$$00000000))
<BR>[Address Reference Count : 1]<UL><LI> startup_py32f002bxx.o(.text)
</UL>
<P><STRONG><a name="[47]"></a>_main_stk</STRONG> (Thumb, 0 bytes, Stack size unknown bytes, entry2.o(.ARM.Collect$$$$00000001))

<P><STRONG><a name="[17]"></a>_main_scatterload</STRONG> (Thumb, 0 bytes, Stack size unknown bytes, entry5.o(.ARM.Collect$$$$00000004))
<BR><BR>[Calls]<UL><LI><a href="#[18]">&gt;&gt;</a>&nbsp;&nbsp;&nbsp;__scatterload
</UL>

<P><STRONG><a name="[1c]"></a>__main_after_scatterload</STRONG> (Thumb, 0 bytes, Stack size unknown bytes, entry5.o(.ARM.Collect$$$$00000004))
<BR><BR>[Called By]<UL><LI><a href="#[18]">&gt;&gt;</a>&nbsp;&nbsp;&nbsp;__scatterload
</UL>

<P><STRONG><a name="[48]"></a>_main_clock</STRONG> (Thumb, 0 bytes, Stack size unknown bytes, entry7b.o(.ARM.Collect$$$$00000008))

<P><STRONG><a name="[49]"></a>_main_cpp_init</STRONG> (Thumb, 0 bytes, Stack size unknown bytes, entry8b.o(.ARM.Collect$$$$0000000A))

<P><STRONG><a name="[4a]"></a>_main_init</STRONG> (Thumb, 0 bytes, Stack size unknown bytes, entry9a.o(.ARM.Collect$$$$0000000B))

<P><STRONG><a name="[4b]"></a>__rt_final_cpp</STRONG> (Thumb, 0 bytes, Stack size unknown bytes, entry10a.o(.ARM.Collect$$$$0000000D))

<P><STRONG><a name="[4c]"></a>__rt_final_exit</STRONG> (Thumb, 0 bytes, Stack size unknown bytes, entry11a.o(.ARM.Collect$$$$0000000F))

<P><STRONG><a name="[0]"></a>Reset_Handler</STRONG> (Thumb, 8 bytes, Stack size 0 bytes, startup_py32f002bxx.o(.text))
<BR>[Address Reference Count : 1]<UL><LI> startup_py32f002bxx.o(RESET)
</UL>
<P><STRONG><a name="[b]"></a>ADC_COMP_IRQHandler</STRONG> (Thumb, 0 bytes, Stack size 0 bytes, startup_py32f002bxx.o(.text))
<BR><BR>[Calls]<UL><LI><a href="#[b]">&gt;&gt;</a>&nbsp;&nbsp;&nbsp;ADC_COMP_IRQHandler
</UL>
<BR>[Called By]<UL><LI><a href="#[b]">&gt;&gt;</a>&nbsp;&nbsp;&nbsp;ADC_COMP_IRQHandler
</UL>
<BR>[Address Reference Count : 1]<UL><LI> startup_py32f002bxx.o(RESET)
</UL>
<P><STRONG><a name="[8]"></a>EXTI0_1_IRQHandler</STRONG> (Thumb, 0 bytes, Stack size 0 bytes, startup_py32f002bxx.o(.text))
<BR>[Address Reference Count : 1]<UL><LI> startup_py32f002bxx.o(RESET)
</UL>
<P><STRONG><a name="[9]"></a>EXTI2_3_IRQHandler</STRONG> (Thumb, 0 bytes, Stack size 0 bytes, startup_py32f002bxx.o(.text))
<BR>[Address Reference Count : 1]<UL><LI> startup_py32f002bxx.o(RESET)
</UL>
<P><STRONG><a name="[a]"></a>EXTI4_15_IRQHandler</STRONG> (Thumb, 0 bytes, Stack size 0 bytes, startup_py32f002bxx.o(.text))
<BR>[Address Reference Count : 1]<UL><LI> startup_py32f002bxx.o(RESET)
</UL>
<P><STRONG><a name="[6]"></a>FLASH_IRQHandler</STRONG> (Thumb, 0 bytes, Stack size 0 bytes, startup_py32f002bxx.o(.text))
<BR>[Address Reference Count : 1]<UL><LI> startup_py32f002bxx.o(RESET)
</UL>
<P><STRONG><a name="[10]"></a>I2C1_IRQHandler</STRONG> (Thumb, 0 bytes, Stack size 0 bytes, startup_py32f002bxx.o(.text))
<BR>[Address Reference Count : 1]<UL><LI> startup_py32f002bxx.o(RESET)
</UL>
<P><STRONG><a name="[e]"></a>LPTIM1_IRQHandler</STRONG> (Thumb, 0 bytes, Stack size 0 bytes, startup_py32f002bxx.o(.text))
<BR>[Address Reference Count : 1]<UL><LI> startup_py32f002bxx.o(RESET)
</UL>
<P><STRONG><a name="[7]"></a>RCC_IRQHandler</STRONG> (Thumb, 0 bytes, Stack size 0 bytes, startup_py32f002bxx.o(.text))
<BR>[Address Reference Count : 1]<UL><LI> startup_py32f002bxx.o(RESET)
</UL>
<P><STRONG><a name="[11]"></a>SPI1_IRQHandler</STRONG> (Thumb, 0 bytes, Stack size 0 bytes, startup_py32f002bxx.o(.text))
<BR>[Address Reference Count : 1]<UL><LI> startup_py32f002bxx.o(RESET)
</UL>
<P><STRONG><a name="[f]"></a>TIM14_IRQHandler</STRONG> (Thumb, 0 bytes, Stack size 0 bytes, startup_py32f002bxx.o(.text))
<BR>[Address Reference Count : 1]<UL><LI> startup_py32f002bxx.o(RESET)
</UL>
<P><STRONG><a name="[c]"></a>TIM1_BRK_UP_TRG_COM_IRQHandler</STRONG> (Thumb, 0 bytes, Stack size 0 bytes, startup_py32f002bxx.o(.text))
<BR>[Address Reference Count : 1]<UL><LI> startup_py32f002bxx.o(RESET)
</UL>
<P><STRONG><a name="[d]"></a>TIM1_CC_IRQHandler</STRONG> (Thumb, 0 bytes, Stack size 0 bytes, startup_py32f002bxx.o(.text))
<BR>[Address Reference Count : 1]<UL><LI> startup_py32f002bxx.o(RESET)
</UL>
<P><STRONG><a name="[12]"></a>USART1_IRQHandler</STRONG> (Thumb, 0 bytes, Stack size 0 bytes, startup_py32f002bxx.o(.text))
<BR>[Address Reference Count : 1]<UL><LI> startup_py32f002bxx.o(RESET)
</UL>
<P><STRONG><a name="[4d]"></a>__aeabi_uidiv</STRONG> (Thumb, 0 bytes, Stack size 12 bytes, uidiv.o(.text), UNUSED)

<P><STRONG><a name="[1e]"></a>__aeabi_uidivmod</STRONG> (Thumb, 44 bytes, Stack size 12 bytes, uidiv.o(.text))
<BR><BR>[Stack]<UL><LI>Max Depth = 12<LI>Call Chain = __aeabi_uidivmod
</UL>
<BR>[Called By]<UL><LI><a href="#[1d]">&gt;&gt;</a>&nbsp;&nbsp;&nbsp;ADC_Enable
<LI><a href="#[34]">&gt;&gt;</a>&nbsp;&nbsp;&nbsp;HAL_InitTick
<LI><a href="#[22]">&gt;&gt;</a>&nbsp;&nbsp;&nbsp;HAL_ADC_ConfigChannel
<LI><a href="#[13]">&gt;&gt;</a>&nbsp;&nbsp;&nbsp;main
<LI><a href="#[3d]">&gt;&gt;</a>&nbsp;&nbsp;&nbsp;UART_SetConfig
<LI><a href="#[38]">&gt;&gt;</a>&nbsp;&nbsp;&nbsp;HAL_RCC_GetSysClockFreq
<LI><a href="#[44]">&gt;&gt;</a>&nbsp;&nbsp;&nbsp;_printf_core
</UL>

<P><STRONG><a name="[4e]"></a>__aeabi_memcpy</STRONG> (Thumb, 36 bytes, Stack size 0 bytes, memcpya.o(.text), UNUSED)

<P><STRONG><a name="[3b]"></a>__aeabi_memcpy4</STRONG> (Thumb, 0 bytes, Stack size 0 bytes, memcpya.o(.text))
<BR><BR>[Called By]<UL><LI><a href="#[38]">&gt;&gt;</a>&nbsp;&nbsp;&nbsp;HAL_RCC_GetSysClockFreq
</UL>

<P><STRONG><a name="[4f]"></a>__aeabi_memcpy8</STRONG> (Thumb, 0 bytes, Stack size 0 bytes, memcpya.o(.text), UNUSED)

<P><STRONG><a name="[1a]"></a>__aeabi_memset</STRONG> (Thumb, 14 bytes, Stack size 0 bytes, memseta.o(.text), UNUSED)
<BR><BR>[Called By]<UL><LI><a href="#[1b]">&gt;&gt;</a>&nbsp;&nbsp;&nbsp;_memset$wrapper
<LI><a href="#[19]">&gt;&gt;</a>&nbsp;&nbsp;&nbsp;__aeabi_memclr
</UL>

<P><STRONG><a name="[50]"></a>__aeabi_memset4</STRONG> (Thumb, 0 bytes, Stack size 0 bytes, memseta.o(.text), UNUSED)

<P><STRONG><a name="[51]"></a>__aeabi_memset8</STRONG> (Thumb, 0 bytes, Stack size 0 bytes, memseta.o(.text), UNUSED)

<P><STRONG><a name="[19]"></a>__aeabi_memclr</STRONG> (Thumb, 4 bytes, Stack size 0 bytes, memseta.o(.text), UNUSED)
<BR><BR>[Calls]<UL><LI><a href="#[1a]">&gt;&gt;</a>&nbsp;&nbsp;&nbsp;__aeabi_memset
</UL>

<P><STRONG><a name="[26]"></a>__aeabi_memclr4</STRONG> (Thumb, 0 bytes, Stack size 0 bytes, memseta.o(.text))
<BR><BR>[Called By]<UL><LI><a href="#[25]">&gt;&gt;</a>&nbsp;&nbsp;&nbsp;APP_SystemClockConfig
</UL>

<P><STRONG><a name="[52]"></a>__aeabi_memclr8</STRONG> (Thumb, 0 bytes, Stack size 0 bytes, memseta.o(.text), UNUSED)

<P><STRONG><a name="[1b]"></a>_memset$wrapper</STRONG> (Thumb, 18 bytes, Stack size 8 bytes, memseta.o(.text), UNUSED)
<BR><BR>[Calls]<UL><LI><a href="#[1a]">&gt;&gt;</a>&nbsp;&nbsp;&nbsp;__aeabi_memset
</UL>

<P><STRONG><a name="[18]"></a>__scatterload</STRONG> (Thumb, 28 bytes, Stack size 0 bytes, init.o(.text))
<BR><BR>[Calls]<UL><LI><a href="#[1c]">&gt;&gt;</a>&nbsp;&nbsp;&nbsp;__main_after_scatterload
</UL>
<BR>[Called By]<UL><LI><a href="#[17]">&gt;&gt;</a>&nbsp;&nbsp;&nbsp;_main_scatterload
</UL>

<P><STRONG><a name="[53]"></a>__scatterload_rt2</STRONG> (Thumb, 0 bytes, Stack size 0 bytes, init.o(.text), UNUSED)

<P><STRONG><a name="[21]"></a>APP_ErrorHandler</STRONG> (Thumb, 4 bytes, Stack size 0 bytes, main.o(i.APP_ErrorHandler))
<BR><BR>[Called By]<UL><LI><a href="#[25]">&gt;&gt;</a>&nbsp;&nbsp;&nbsp;APP_SystemClockConfig
<LI><a href="#[1f]">&gt;&gt;</a>&nbsp;&nbsp;&nbsp;APP_ADCConfig
</UL>

<P><STRONG><a name="[29]"></a>BSP_USART_Config</STRONG> (Thumb, 198 bytes, Stack size 32 bytes, py32f002bxx_start_kit.o(i.BSP_USART_Config))
<BR><BR>[Stack]<UL><LI>Max Depth = 84<LI>Call Chain = BSP_USART_Config &rArr; HAL_UART_Init &rArr; UART_SetConfig &rArr; __aeabi_uidivmod
</UL>
<BR>[Calls]<UL><LI><a href="#[2d]">&gt;&gt;</a>&nbsp;&nbsp;&nbsp;HAL_NVIC_EnableIRQ
<LI><a href="#[2c]">&gt;&gt;</a>&nbsp;&nbsp;&nbsp;HAL_NVIC_SetPriority
<LI><a href="#[2a]">&gt;&gt;</a>&nbsp;&nbsp;&nbsp;HAL_UART_Init
<LI><a href="#[2b]">&gt;&gt;</a>&nbsp;&nbsp;&nbsp;HAL_GPIO_Init
</UL>
<BR>[Called By]<UL><LI><a href="#[13]">&gt;&gt;</a>&nbsp;&nbsp;&nbsp;main
</UL>

<P><STRONG><a name="[24]"></a>HAL_ADC_Calibration_Start</STRONG> (Thumb, 158 bytes, Stack size 16 bytes, py32f002b_hal_adc.o(i.HAL_ADC_Calibration_Start))
<BR><BR>[Stack]<UL><LI>Max Depth = 16<LI>Call Chain = HAL_ADC_Calibration_Start
</UL>
<BR>[Calls]<UL><LI><a href="#[2e]">&gt;&gt;</a>&nbsp;&nbsp;&nbsp;HAL_GetTick
</UL>
<BR>[Called By]<UL><LI><a href="#[1f]">&gt;&gt;</a>&nbsp;&nbsp;&nbsp;APP_ADCConfig
</UL>

<P><STRONG><a name="[22]"></a>HAL_ADC_ConfigChannel</STRONG> (Thumb, 366 bytes, Stack size 24 bytes, py32f002b_hal_adc.o(i.HAL_ADC_ConfigChannel))
<BR><BR>[Stack]<UL><LI>Max Depth = 36<LI>Call Chain = HAL_ADC_ConfigChannel &rArr; __aeabi_uidivmod
</UL>
<BR>[Calls]<UL><LI><a href="#[1e]">&gt;&gt;</a>&nbsp;&nbsp;&nbsp;__aeabi_uidivmod
</UL>
<BR>[Called By]<UL><LI><a href="#[1f]">&gt;&gt;</a>&nbsp;&nbsp;&nbsp;APP_ADCConfig
</UL>

<P><STRONG><a name="[23]"></a>HAL_ADC_ConfigVrefBuf</STRONG> (Thumb, 74 bytes, Stack size 8 bytes, py32f002b_hal_adc.o(i.HAL_ADC_ConfigVrefBuf))
<BR><BR>[Stack]<UL><LI>Max Depth = 8<LI>Call Chain = HAL_ADC_ConfigVrefBuf
</UL>
<BR>[Called By]<UL><LI><a href="#[1f]">&gt;&gt;</a>&nbsp;&nbsp;&nbsp;APP_ADCConfig
</UL>

<P><STRONG><a name="[45]"></a>HAL_ADC_GetValue</STRONG> (Thumb, 8 bytes, Stack size 0 bytes, py32f002b_hal_adc.o(i.HAL_ADC_GetValue))
<BR><BR>[Called By]<UL><LI><a href="#[13]">&gt;&gt;</a>&nbsp;&nbsp;&nbsp;main
</UL>

<P><STRONG><a name="[20]"></a>HAL_ADC_Init</STRONG> (Thumb, 396 bytes, Stack size 16 bytes, py32f002b_hal_adc.o(i.HAL_ADC_Init))
<BR><BR>[Stack]<UL><LI>Max Depth = 16<LI>Call Chain = HAL_ADC_Init
</UL>
<BR>[Calls]<UL><LI><a href="#[2f]">&gt;&gt;</a>&nbsp;&nbsp;&nbsp;HAL_ADC_MspInit
</UL>
<BR>[Called By]<UL><LI><a href="#[1f]">&gt;&gt;</a>&nbsp;&nbsp;&nbsp;APP_ADCConfig
</UL>

<P><STRONG><a name="[2f]"></a>HAL_ADC_MspInit</STRONG> (Thumb, 2 bytes, Stack size 0 bytes, py32f002b_hal_adc.o(i.HAL_ADC_MspInit))
<BR><BR>[Called By]<UL><LI><a href="#[20]">&gt;&gt;</a>&nbsp;&nbsp;&nbsp;HAL_ADC_Init
</UL>

<P><STRONG><a name="[30]"></a>HAL_ADC_PollForConversion</STRONG> (Thumb, 194 bytes, Stack size 24 bytes, py32f002b_hal_adc.o(i.HAL_ADC_PollForConversion))
<BR><BR>[Stack]<UL><LI>Max Depth = 24<LI>Call Chain = HAL_ADC_PollForConversion
</UL>
<BR>[Calls]<UL><LI><a href="#[2e]">&gt;&gt;</a>&nbsp;&nbsp;&nbsp;HAL_GetTick
</UL>
<BR>[Called By]<UL><LI><a href="#[13]">&gt;&gt;</a>&nbsp;&nbsp;&nbsp;main
</UL>

<P><STRONG><a name="[31]"></a>HAL_ADC_Start</STRONG> (Thumb, 108 bytes, Stack size 16 bytes, py32f002b_hal_adc.o(i.HAL_ADC_Start))
<BR><BR>[Stack]<UL><LI>Max Depth = 44<LI>Call Chain = HAL_ADC_Start &rArr; ADC_Enable &rArr; __aeabi_uidivmod
</UL>
<BR>[Calls]<UL><LI><a href="#[1d]">&gt;&gt;</a>&nbsp;&nbsp;&nbsp;ADC_Enable
</UL>
<BR>[Called By]<UL><LI><a href="#[13]">&gt;&gt;</a>&nbsp;&nbsp;&nbsp;main
</UL>

<P><STRONG><a name="[32]"></a>HAL_Delay</STRONG> (Thumb, 38 bytes, Stack size 16 bytes, py32f002b_hal.o(i.HAL_Delay))
<BR><BR>[Stack]<UL><LI>Max Depth = 16<LI>Call Chain = HAL_Delay
</UL>
<BR>[Calls]<UL><LI><a href="#[2e]">&gt;&gt;</a>&nbsp;&nbsp;&nbsp;HAL_GetTick
</UL>
<BR>[Called By]<UL><LI><a href="#[13]">&gt;&gt;</a>&nbsp;&nbsp;&nbsp;main
</UL>

<P><STRONG><a name="[2b]"></a>HAL_GPIO_Init</STRONG> (Thumb, 428 bytes, Stack size 16 bytes, py32f002b_hal_gpio.o(i.HAL_GPIO_Init))
<BR><BR>[Stack]<UL><LI>Max Depth = 16<LI>Call Chain = HAL_GPIO_Init
</UL>
<BR>[Called By]<UL><LI><a href="#[29]">&gt;&gt;</a>&nbsp;&nbsp;&nbsp;BSP_USART_Config
</UL>

<P><STRONG><a name="[2e]"></a>HAL_GetTick</STRONG> (Thumb, 6 bytes, Stack size 0 bytes, py32f002b_hal.o(i.HAL_GetTick))
<BR><BR>[Called By]<UL><LI><a href="#[27]">&gt;&gt;</a>&nbsp;&nbsp;&nbsp;HAL_RCC_OscConfig
<LI><a href="#[28]">&gt;&gt;</a>&nbsp;&nbsp;&nbsp;HAL_RCC_ClockConfig
<LI><a href="#[32]">&gt;&gt;</a>&nbsp;&nbsp;&nbsp;HAL_Delay
<LI><a href="#[30]">&gt;&gt;</a>&nbsp;&nbsp;&nbsp;HAL_ADC_PollForConversion
<LI><a href="#[24]">&gt;&gt;</a>&nbsp;&nbsp;&nbsp;HAL_ADC_Calibration_Start
<LI><a href="#[3f]">&gt;&gt;</a>&nbsp;&nbsp;&nbsp;HAL_UART_Transmit
<LI><a href="#[40]">&gt;&gt;</a>&nbsp;&nbsp;&nbsp;UART_WaitOnFlagUntilTimeout
</UL>

<P><STRONG><a name="[41]"></a>HAL_IncTick</STRONG> (Thumb, 16 bytes, Stack size 0 bytes, py32f002b_hal.o(i.HAL_IncTick))
<BR><BR>[Called By]<UL><LI><a href="#[5]">&gt;&gt;</a>&nbsp;&nbsp;&nbsp;SysTick_Handler
</UL>

<P><STRONG><a name="[33]"></a>HAL_Init</STRONG> (Thumb, 26 bytes, Stack size 8 bytes, py32f002b_hal.o(i.HAL_Init))
<BR><BR>[Stack]<UL><LI>Max Depth = 56<LI>Call Chain = HAL_Init &rArr; HAL_InitTick &rArr; HAL_SYSTICK_Config &rArr; __NVIC_SetPriority
</UL>
<BR>[Calls]<UL><LI><a href="#[34]">&gt;&gt;</a>&nbsp;&nbsp;&nbsp;HAL_InitTick
<LI><a href="#[35]">&gt;&gt;</a>&nbsp;&nbsp;&nbsp;HAL_MspInit
</UL>
<BR>[Called By]<UL><LI><a href="#[13]">&gt;&gt;</a>&nbsp;&nbsp;&nbsp;main
</UL>

<P><STRONG><a name="[34]"></a>HAL_InitTick</STRONG> (Thumb, 82 bytes, Stack size 24 bytes, py32f002b_hal.o(i.HAL_InitTick))
<BR><BR>[Stack]<UL><LI>Max Depth = 48<LI>Call Chain = HAL_InitTick &rArr; HAL_SYSTICK_Config &rArr; __NVIC_SetPriority
</UL>
<BR>[Calls]<UL><LI><a href="#[36]">&gt;&gt;</a>&nbsp;&nbsp;&nbsp;HAL_SYSTICK_Config
<LI><a href="#[2c]">&gt;&gt;</a>&nbsp;&nbsp;&nbsp;HAL_NVIC_SetPriority
<LI><a href="#[1e]">&gt;&gt;</a>&nbsp;&nbsp;&nbsp;__aeabi_uidivmod
</UL>
<BR>[Called By]<UL><LI><a href="#[27]">&gt;&gt;</a>&nbsp;&nbsp;&nbsp;HAL_RCC_OscConfig
<LI><a href="#[28]">&gt;&gt;</a>&nbsp;&nbsp;&nbsp;HAL_RCC_ClockConfig
<LI><a href="#[33]">&gt;&gt;</a>&nbsp;&nbsp;&nbsp;HAL_Init
</UL>

<P><STRONG><a name="[35]"></a>HAL_MspInit</STRONG> (Thumb, 64 bytes, Stack size 8 bytes, py32f002b_hal_msp.o(i.HAL_MspInit))
<BR><BR>[Stack]<UL><LI>Max Depth = 8<LI>Call Chain = HAL_MspInit
</UL>
<BR>[Called By]<UL><LI><a href="#[33]">&gt;&gt;</a>&nbsp;&nbsp;&nbsp;HAL_Init
</UL>

<P><STRONG><a name="[2d]"></a>HAL_NVIC_EnableIRQ</STRONG> (Thumb, 30 bytes, Stack size 0 bytes, py32f002b_hal_cortex.o(i.HAL_NVIC_EnableIRQ))
<BR><BR>[Called By]<UL><LI><a href="#[29]">&gt;&gt;</a>&nbsp;&nbsp;&nbsp;BSP_USART_Config
</UL>

<P><STRONG><a name="[2c]"></a>HAL_NVIC_SetPriority</STRONG> (Thumb, 18 bytes, Stack size 16 bytes, py32f002b_hal_cortex.o(i.HAL_NVIC_SetPriority))
<BR><BR>[Stack]<UL><LI>Max Depth = 24<LI>Call Chain = HAL_NVIC_SetPriority &rArr; __NVIC_SetPriority
</UL>
<BR>[Calls]<UL><LI><a href="#[37]">&gt;&gt;</a>&nbsp;&nbsp;&nbsp;__NVIC_SetPriority
</UL>
<BR>[Called By]<UL><LI><a href="#[34]">&gt;&gt;</a>&nbsp;&nbsp;&nbsp;HAL_InitTick
<LI><a href="#[29]">&gt;&gt;</a>&nbsp;&nbsp;&nbsp;BSP_USART_Config
</UL>

<P><STRONG><a name="[28]"></a>HAL_RCC_ClockConfig</STRONG> (Thumb, 418 bytes, Stack size 16 bytes, py32f002b_hal_rcc.o(i.HAL_RCC_ClockConfig))
<BR><BR>[Stack]<UL><LI>Max Depth = 76<LI>Call Chain = HAL_RCC_ClockConfig &rArr; HAL_RCC_GetSysClockFreq &rArr; __aeabi_uidivmod
</UL>
<BR>[Calls]<UL><LI><a href="#[34]">&gt;&gt;</a>&nbsp;&nbsp;&nbsp;HAL_InitTick
<LI><a href="#[2e]">&gt;&gt;</a>&nbsp;&nbsp;&nbsp;HAL_GetTick
<LI><a href="#[38]">&gt;&gt;</a>&nbsp;&nbsp;&nbsp;HAL_RCC_GetSysClockFreq
</UL>
<BR>[Called By]<UL><LI><a href="#[25]">&gt;&gt;</a>&nbsp;&nbsp;&nbsp;APP_SystemClockConfig
</UL>

<P><STRONG><a name="[3a]"></a>HAL_RCC_GetHCLKFreq</STRONG> (Thumb, 6 bytes, Stack size 0 bytes, py32f002b_hal_rcc.o(i.HAL_RCC_GetHCLKFreq))
<BR><BR>[Called By]<UL><LI><a href="#[39]">&gt;&gt;</a>&nbsp;&nbsp;&nbsp;HAL_RCC_GetPCLK1Freq
</UL>

<P><STRONG><a name="[39]"></a>HAL_RCC_GetPCLK1Freq</STRONG> (Thumb, 32 bytes, Stack size 4 bytes, py32f002b_hal_rcc.o(i.HAL_RCC_GetPCLK1Freq))
<BR><BR>[Stack]<UL><LI>Max Depth = 4<LI>Call Chain = HAL_RCC_GetPCLK1Freq
</UL>
<BR>[Calls]<UL><LI><a href="#[3a]">&gt;&gt;</a>&nbsp;&nbsp;&nbsp;HAL_RCC_GetHCLKFreq
</UL>
<BR>[Called By]<UL><LI><a href="#[3d]">&gt;&gt;</a>&nbsp;&nbsp;&nbsp;UART_SetConfig
</UL>

<P><STRONG><a name="[38]"></a>HAL_RCC_GetSysClockFreq</STRONG> (Thumb, 180 bytes, Stack size 48 bytes, py32f002b_hal_rcc.o(i.HAL_RCC_GetSysClockFreq))
<BR><BR>[Stack]<UL><LI>Max Depth = 60<LI>Call Chain = HAL_RCC_GetSysClockFreq &rArr; __aeabi_uidivmod
</UL>
<BR>[Calls]<UL><LI><a href="#[3b]">&gt;&gt;</a>&nbsp;&nbsp;&nbsp;__aeabi_memcpy4
<LI><a href="#[1e]">&gt;&gt;</a>&nbsp;&nbsp;&nbsp;__aeabi_uidivmod
</UL>
<BR>[Called By]<UL><LI><a href="#[27]">&gt;&gt;</a>&nbsp;&nbsp;&nbsp;HAL_RCC_OscConfig
<LI><a href="#[28]">&gt;&gt;</a>&nbsp;&nbsp;&nbsp;HAL_RCC_ClockConfig
</UL>

<P><STRONG><a name="[27]"></a>HAL_RCC_OscConfig</STRONG> (Thumb, 930 bytes, Stack size 16 bytes, py32f002b_hal_rcc.o(i.HAL_RCC_OscConfig))
<BR><BR>[Stack]<UL><LI>Max Depth = 76<LI>Call Chain = HAL_RCC_OscConfig &rArr; HAL_RCC_GetSysClockFreq &rArr; __aeabi_uidivmod
</UL>
<BR>[Calls]<UL><LI><a href="#[34]">&gt;&gt;</a>&nbsp;&nbsp;&nbsp;HAL_InitTick
<LI><a href="#[2e]">&gt;&gt;</a>&nbsp;&nbsp;&nbsp;HAL_GetTick
<LI><a href="#[38]">&gt;&gt;</a>&nbsp;&nbsp;&nbsp;HAL_RCC_GetSysClockFreq
</UL>
<BR>[Called By]<UL><LI><a href="#[25]">&gt;&gt;</a>&nbsp;&nbsp;&nbsp;APP_SystemClockConfig
</UL>

<P><STRONG><a name="[36]"></a>HAL_SYSTICK_Config</STRONG> (Thumb, 46 bytes, Stack size 16 bytes, py32f002b_hal_cortex.o(i.HAL_SYSTICK_Config))
<BR><BR>[Stack]<UL><LI>Max Depth = 24<LI>Call Chain = HAL_SYSTICK_Config &rArr; __NVIC_SetPriority
</UL>
<BR>[Calls]<UL><LI><a href="#[37]">&gt;&gt;</a>&nbsp;&nbsp;&nbsp;__NVIC_SetPriority
</UL>
<BR>[Called By]<UL><LI><a href="#[34]">&gt;&gt;</a>&nbsp;&nbsp;&nbsp;HAL_InitTick
</UL>

<P><STRONG><a name="[2a]"></a>HAL_UART_Init</STRONG> (Thumb, 138 bytes, Stack size 8 bytes, py32f002b_hal_uart.o(i.HAL_UART_Init))
<BR><BR>[Stack]<UL><LI>Max Depth = 52<LI>Call Chain = HAL_UART_Init &rArr; UART_SetConfig &rArr; __aeabi_uidivmod
</UL>
<BR>[Calls]<UL><LI><a href="#[3c]">&gt;&gt;</a>&nbsp;&nbsp;&nbsp;HAL_UART_MspInit
<LI><a href="#[3d]">&gt;&gt;</a>&nbsp;&nbsp;&nbsp;UART_SetConfig
<LI><a href="#[3e]">&gt;&gt;</a>&nbsp;&nbsp;&nbsp;UART_AdvFeatureConfig
</UL>
<BR>[Called By]<UL><LI><a href="#[29]">&gt;&gt;</a>&nbsp;&nbsp;&nbsp;BSP_USART_Config
</UL>

<P><STRONG><a name="[3c]"></a>HAL_UART_MspInit</STRONG> (Thumb, 2 bytes, Stack size 0 bytes, py32f002b_hal_uart.o(i.HAL_UART_MspInit))
<BR><BR>[Called By]<UL><LI><a href="#[2a]">&gt;&gt;</a>&nbsp;&nbsp;&nbsp;HAL_UART_Init
</UL>

<P><STRONG><a name="[3f]"></a>HAL_UART_Transmit</STRONG> (Thumb, 254 bytes, Stack size 48 bytes, py32f002b_hal_uart.o(i.HAL_UART_Transmit))
<BR><BR>[Stack]<UL><LI>Max Depth = 88<LI>Call Chain = HAL_UART_Transmit &rArr; UART_WaitOnFlagUntilTimeout
</UL>
<BR>[Calls]<UL><LI><a href="#[2e]">&gt;&gt;</a>&nbsp;&nbsp;&nbsp;HAL_GetTick
<LI><a href="#[40]">&gt;&gt;</a>&nbsp;&nbsp;&nbsp;UART_WaitOnFlagUntilTimeout
</UL>
<BR>[Called By]<UL><LI><a href="#[16]">&gt;&gt;</a>&nbsp;&nbsp;&nbsp;fputc
</UL>

<P><STRONG><a name="[2]"></a>HardFault_Handler</STRONG> (Thumb, 4 bytes, Stack size 0 bytes, py32f002b_it.o(i.HardFault_Handler))
<BR>[Address Reference Count : 1]<UL><LI> startup_py32f002bxx.o(RESET)
</UL>
<P><STRONG><a name="[1]"></a>NMI_Handler</STRONG> (Thumb, 2 bytes, Stack size 0 bytes, py32f002b_it.o(i.NMI_Handler))
<BR>[Address Reference Count : 1]<UL><LI> startup_py32f002bxx.o(RESET)
</UL>
<P><STRONG><a name="[4]"></a>PendSV_Handler</STRONG> (Thumb, 2 bytes, Stack size 0 bytes, py32f002b_it.o(i.PendSV_Handler))
<BR>[Address Reference Count : 1]<UL><LI> startup_py32f002bxx.o(RESET)
</UL>
<P><STRONG><a name="[3]"></a>SVC_Handler</STRONG> (Thumb, 2 bytes, Stack size 0 bytes, py32f002b_it.o(i.SVC_Handler))
<BR>[Address Reference Count : 1]<UL><LI> startup_py32f002bxx.o(RESET)
</UL>
<P><STRONG><a name="[5]"></a>SysTick_Handler</STRONG> (Thumb, 8 bytes, Stack size 8 bytes, py32f002b_it.o(i.SysTick_Handler))
<BR><BR>[Stack]<UL><LI>Max Depth = 8<LI>Call Chain = SysTick_Handler
</UL>
<BR>[Calls]<UL><LI><a href="#[41]">&gt;&gt;</a>&nbsp;&nbsp;&nbsp;HAL_IncTick
</UL>
<BR>[Address Reference Count : 1]<UL><LI> startup_py32f002bxx.o(RESET)
</UL>
<P><STRONG><a name="[14]"></a>SystemInit</STRONG> (Thumb, 56 bytes, Stack size 8 bytes, system_py32f002b.o(i.SystemInit))
<BR><BR>[Stack]<UL><LI>Max Depth = 16<LI>Call Chain = SystemInit &rArr; DelayTime
</UL>
<BR>[Calls]<UL><LI><a href="#[42]">&gt;&gt;</a>&nbsp;&nbsp;&nbsp;DelayTime
</UL>
<BR>[Address Reference Count : 1]<UL><LI> startup_py32f002bxx.o(.text)
</UL>
<P><STRONG><a name="[43]"></a>__0printf$1</STRONG> (Thumb, 24 bytes, Stack size 24 bytes, printf1.o(i.__0printf$1), UNUSED)
<BR><BR>[Calls]<UL><LI><a href="#[44]">&gt;&gt;</a>&nbsp;&nbsp;&nbsp;_printf_core
</UL>

<P><STRONG><a name="[54]"></a>__1printf$1</STRONG> (Thumb, 0 bytes, Stack size 24 bytes, printf1.o(i.__0printf$1), UNUSED)

<P><STRONG><a name="[46]"></a>__2printf</STRONG> (Thumb, 0 bytes, Stack size 24 bytes, printf1.o(i.__0printf$1))
<BR><BR>[Stack]<UL><LI>Max Depth = 24<LI>Call Chain = __2printf
</UL>
<BR>[Called By]<UL><LI><a href="#[13]">&gt;&gt;</a>&nbsp;&nbsp;&nbsp;main
</UL>

<P><STRONG><a name="[55]"></a>__scatterload_copy</STRONG> (Thumb, 14 bytes, Stack size unknown bytes, handlers.o(i.__scatterload_copy), UNUSED)

<P><STRONG><a name="[56]"></a>__scatterload_null</STRONG> (Thumb, 2 bytes, Stack size unknown bytes, handlers.o(i.__scatterload_null), UNUSED)

<P><STRONG><a name="[57]"></a>__scatterload_zeroinit</STRONG> (Thumb, 14 bytes, Stack size unknown bytes, handlers.o(i.__scatterload_zeroinit), UNUSED)

<P><STRONG><a name="[16]"></a>fputc</STRONG> (Thumb, 22 bytes, Stack size 16 bytes, py32f002bxx_start_kit.o(i.fputc))
<BR><BR>[Stack]<UL><LI>Max Depth = 104<LI>Call Chain = fputc &rArr; HAL_UART_Transmit &rArr; UART_WaitOnFlagUntilTimeout
</UL>
<BR>[Calls]<UL><LI><a href="#[3f]">&gt;&gt;</a>&nbsp;&nbsp;&nbsp;HAL_UART_Transmit
</UL>
<BR>[Address Reference Count : 1]<UL><LI> printf1.o(i.__0printf$1)
</UL>
<P><STRONG><a name="[13]"></a>main</STRONG> (Thumb, 76 bytes, Stack size 0 bytes, main.o(i.main))
<BR><BR>[Stack]<UL><LI>Max Depth = 132<LI>Call Chain = main &rArr; APP_SystemClockConfig &rArr; HAL_RCC_OscConfig &rArr; HAL_RCC_GetSysClockFreq &rArr; __aeabi_uidivmod
</UL>
<BR>[Calls]<UL><LI><a href="#[33]">&gt;&gt;</a>&nbsp;&nbsp;&nbsp;HAL_Init
<LI><a href="#[32]">&gt;&gt;</a>&nbsp;&nbsp;&nbsp;HAL_Delay
<LI><a href="#[31]">&gt;&gt;</a>&nbsp;&nbsp;&nbsp;HAL_ADC_Start
<LI><a href="#[30]">&gt;&gt;</a>&nbsp;&nbsp;&nbsp;HAL_ADC_PollForConversion
<LI><a href="#[45]">&gt;&gt;</a>&nbsp;&nbsp;&nbsp;HAL_ADC_GetValue
<LI><a href="#[29]">&gt;&gt;</a>&nbsp;&nbsp;&nbsp;BSP_USART_Config
<LI><a href="#[25]">&gt;&gt;</a>&nbsp;&nbsp;&nbsp;APP_SystemClockConfig
<LI><a href="#[1f]">&gt;&gt;</a>&nbsp;&nbsp;&nbsp;APP_ADCConfig
<LI><a href="#[46]">&gt;&gt;</a>&nbsp;&nbsp;&nbsp;__2printf
<LI><a href="#[1e]">&gt;&gt;</a>&nbsp;&nbsp;&nbsp;__aeabi_uidivmod
</UL>
<BR>[Address Reference Count : 1]<UL><LI> entry9a.o(.ARM.Collect$$$$0000000B)
</UL><P>
<H3>
Local Symbols
</H3>
<P><STRONG><a name="[42]"></a>DelayTime</STRONG> (Thumb, 24 bytes, Stack size 8 bytes, system_py32f002b.o(i.DelayTime))
<BR><BR>[Stack]<UL><LI>Max Depth = 8<LI>Call Chain = DelayTime
</UL>
<BR>[Called By]<UL><LI><a href="#[14]">&gt;&gt;</a>&nbsp;&nbsp;&nbsp;SystemInit
</UL>

<P><STRONG><a name="[1f]"></a>APP_ADCConfig</STRONG> (Thumb, 148 bytes, Stack size 8 bytes, main.o(i.APP_ADCConfig))
<BR><BR>[Stack]<UL><LI>Max Depth = 44<LI>Call Chain = APP_ADCConfig &rArr; HAL_ADC_ConfigChannel &rArr; __aeabi_uidivmod
</UL>
<BR>[Calls]<UL><LI><a href="#[20]">&gt;&gt;</a>&nbsp;&nbsp;&nbsp;HAL_ADC_Init
<LI><a href="#[23]">&gt;&gt;</a>&nbsp;&nbsp;&nbsp;HAL_ADC_ConfigVrefBuf
<LI><a href="#[22]">&gt;&gt;</a>&nbsp;&nbsp;&nbsp;HAL_ADC_ConfigChannel
<LI><a href="#[24]">&gt;&gt;</a>&nbsp;&nbsp;&nbsp;HAL_ADC_Calibration_Start
<LI><a href="#[21]">&gt;&gt;</a>&nbsp;&nbsp;&nbsp;APP_ErrorHandler
</UL>
<BR>[Called By]<UL><LI><a href="#[13]">&gt;&gt;</a>&nbsp;&nbsp;&nbsp;main
</UL>

<P><STRONG><a name="[25]"></a>APP_SystemClockConfig</STRONG> (Thumb, 98 bytes, Stack size 56 bytes, main.o(i.APP_SystemClockConfig))
<BR><BR>[Stack]<UL><LI>Max Depth = 132<LI>Call Chain = APP_SystemClockConfig &rArr; HAL_RCC_OscConfig &rArr; HAL_RCC_GetSysClockFreq &rArr; __aeabi_uidivmod
</UL>
<BR>[Calls]<UL><LI><a href="#[27]">&gt;&gt;</a>&nbsp;&nbsp;&nbsp;HAL_RCC_OscConfig
<LI><a href="#[28]">&gt;&gt;</a>&nbsp;&nbsp;&nbsp;HAL_RCC_ClockConfig
<LI><a href="#[21]">&gt;&gt;</a>&nbsp;&nbsp;&nbsp;APP_ErrorHandler
<LI><a href="#[26]">&gt;&gt;</a>&nbsp;&nbsp;&nbsp;__aeabi_memclr4
</UL>
<BR>[Called By]<UL><LI><a href="#[13]">&gt;&gt;</a>&nbsp;&nbsp;&nbsp;main
</UL>

<P><STRONG><a name="[1d]"></a>ADC_Enable</STRONG> (Thumb, 110 bytes, Stack size 16 bytes, py32f002b_hal_adc.o(i.ADC_Enable))
<BR><BR>[Stack]<UL><LI>Max Depth = 28<LI>Call Chain = ADC_Enable &rArr; __aeabi_uidivmod
</UL>
<BR>[Calls]<UL><LI><a href="#[1e]">&gt;&gt;</a>&nbsp;&nbsp;&nbsp;__aeabi_uidivmod
</UL>
<BR>[Called By]<UL><LI><a href="#[31]">&gt;&gt;</a>&nbsp;&nbsp;&nbsp;HAL_ADC_Start
</UL>

<P><STRONG><a name="[37]"></a>__NVIC_SetPriority</STRONG> (Thumb, 110 bytes, Stack size 8 bytes, py32f002b_hal_cortex.o(i.__NVIC_SetPriority))
<BR><BR>[Stack]<UL><LI>Max Depth = 8<LI>Call Chain = __NVIC_SetPriority
</UL>
<BR>[Called By]<UL><LI><a href="#[36]">&gt;&gt;</a>&nbsp;&nbsp;&nbsp;HAL_SYSTICK_Config
<LI><a href="#[2c]">&gt;&gt;</a>&nbsp;&nbsp;&nbsp;HAL_NVIC_SetPriority
</UL>

<P><STRONG><a name="[3e]"></a>UART_AdvFeatureConfig</STRONG> (Thumb, 56 bytes, Stack size 0 bytes, py32f002b_hal_uart.o(i.UART_AdvFeatureConfig))
<BR><BR>[Called By]<UL><LI><a href="#[2a]">&gt;&gt;</a>&nbsp;&nbsp;&nbsp;HAL_UART_Init
</UL>

<P><STRONG><a name="[3d]"></a>UART_SetConfig</STRONG> (Thumb, 414 bytes, Stack size 32 bytes, py32f002b_hal_uart.o(i.UART_SetConfig))
<BR><BR>[Stack]<UL><LI>Max Depth = 44<LI>Call Chain = UART_SetConfig &rArr; __aeabi_uidivmod
</UL>
<BR>[Calls]<UL><LI><a href="#[39]">&gt;&gt;</a>&nbsp;&nbsp;&nbsp;HAL_RCC_GetPCLK1Freq
<LI><a href="#[1e]">&gt;&gt;</a>&nbsp;&nbsp;&nbsp;__aeabi_uidivmod
</UL>
<BR>[Called By]<UL><LI><a href="#[2a]">&gt;&gt;</a>&nbsp;&nbsp;&nbsp;HAL_UART_Init
</UL>

<P><STRONG><a name="[40]"></a>UART_WaitOnFlagUntilTimeout</STRONG> (Thumb, 112 bytes, Stack size 40 bytes, py32f002b_hal_uart.o(i.UART_WaitOnFlagUntilTimeout))
<BR><BR>[Stack]<UL><LI>Max Depth = 40<LI>Call Chain = UART_WaitOnFlagUntilTimeout
</UL>
<BR>[Calls]<UL><LI><a href="#[2e]">&gt;&gt;</a>&nbsp;&nbsp;&nbsp;HAL_GetTick
</UL>
<BR>[Called By]<UL><LI><a href="#[3f]">&gt;&gt;</a>&nbsp;&nbsp;&nbsp;HAL_UART_Transmit
</UL>

<P><STRONG><a name="[44]"></a>_printf_core</STRONG> (Thumb, 332 bytes, Stack size 88 bytes, printf1.o(i._printf_core), UNUSED)
<BR><BR>[Calls]<UL><LI><a href="#[1e]">&gt;&gt;</a>&nbsp;&nbsp;&nbsp;__aeabi_uidivmod
</UL>
<BR>[Called By]<UL><LI><a href="#[43]">&gt;&gt;</a>&nbsp;&nbsp;&nbsp;__0printf$1
</UL>
<P>
<H3>
Undefined Global Symbols
</H3><HR></body></html>
