<html>
<body>
<pre>
<h1>µVision Build Log</h1>
<h2>Tool Versions:</h2>
IDE-Version: ¦ÌVision V5.36.0.0
Copyright (C) 2021 ARM Ltd and ARM Germany GmbH. All rights reserved.
License Information: 1 huawei, 1, LIC=----
 
Tool Versions:
Toolchain:       MDK-Lite  Version: 5.36.0.0
Toolchain Path:  D:\Keil5\ARM\ARMCC\Bin
C Compiler:      Armcc.exe V5.06 update 7 (build 960)
Assembler:       Armasm.exe V5.06 update 7 (build 960)
Linker/Locator:  ArmLink.exe V5.06 update 7 (build 960)
Library Manager: ArmAr.exe V5.06 update 7 (build 960)
Hex Converter:   FromElf.exe V5.06 update 7 (build 960)
CPU DLL:         SARMCM3.DLL V5.36.0.0
Dialog DLL:      DARMCM1.DLL V1.19.4.0
Target DLL:      CMSIS_AGDI.dll V1.33.0.0
Dialog DLL:      TARMCM1.DLL V1.14.4.0
 
<h2>Project:</h2>
C:\Users\huawei\Desktop\PY32F002B-FLASH_OptionByteWrite_RST\MDK_ARM\PY32F002B.uvprojx
Project File Date:  07/16/2024

<h2>Output:</h2>
*** Using Compiler 'V5.06 update 7 (build 960)', folder: 'D:\Keil5\ARM\ARMCC\Bin'
Rebuild target 'Target 1'
assembling startup_py32f002bxx.s...
compiling system_py32f002b.c...
compiling py32f002b_hal_comp.c...
compiling py32f002b_hal_cortex.c...
compiling py32f002b_hal_crc.c...
compiling py32f002b_hal.c...
compiling py32f002b_hal_exti.c...
compiling py32f002b_hal_adc.c...
compiling py32f002b_hal_gpio.c...
compiling py32f002b_hal_iwdg.c...
compiling py32f002b_hal_lptim.c...
compiling py32f002b_hal_i2c.c...
compiling py32f002b_hal_pwr.c...
compiling py32f002b_hal_rcc.c...
compiling py32f002b_hal_tim.c...
compiling py32f002b_hal_spi.c...
compiling py32f002b_hal_tim_ex.c...
compiling py32f002b_it.c...
compiling py32f002b_hal_rcc_ex.c...
compiling py32f002b_hal_uart.c...
compiling py32f002b_hal_usart.c...
compiling main.c...
compiling py32f002b_hal_flash.c...
compiling User_LED.c...
compiling User_USART1.c...
compiling User_System_Clock_Config.c...
linking...
Program Size: Code=2224 RO-data=256 RW-data=20 ZI-data=1132  
FromELF: creating hex file...
".\Objects\PY32F002B.axf" - 0 Error(s), 0 Warning(s).

<h2>Software Packages used:</h2>

Package Vendor: Puya
                https://www.puyasemi.com/Puya.PY32F0xx_DFP.1.1.9.pack
                Puya.PY32F0xx_DFP.1.1.9
                Puya PY32F0 Series Device Support

<h2>Collection of Component include folders:</h2>
  D:\Keil5\Puya\PY32F0xx_DFP\1.1.9\Device\Include

<h2>Collection of Component Files used:</h2>
Build Time Elapsed:  00:00:02
</pre>
</body>
</html>
