<html>
<body>
<pre>
<h1>礦ision Build Log</h1>
<h2>Tool Versions:</h2>
IDE-Version: μVision V5.24.2.0
Copyright (C) 2017 ARM Ltd and ARM Germany GmbH. All rights reserved.
License Information: A Admin, A, LIC=CZLZX-H61ZS-VEVHA-10NPW-ANN02-Q3ALA
 
Tool Versions:
Toolchain:       MDK-ARM Plus  Version: 5.24.1
Toolchain Path:  C:\Keil_v5\ARM\ARMCC\Bin
C Compiler:      Armcc.exe V5.06 update 5 (build 528)
Assembler:       Armasm.exe V5.06 update 5 (build 528)
Linker/Locator:  ArmLink.exe V5.06 update 5 (build 528)
Library Manager: ArmAr.exe V5.06 update 5 (build 528)
Hex Converter:   FromElf.exe V5.06 update 5 (build 528)
CPU DLL:         SARMCM3.DLL V5.24.1
Dialog DLL:      DCM.DLL V1.16.0.0
Target DLL:      CMSIS_AGDI.dll V1.28.3.0
Dialog DLL:      TCM.DLL V1.32.0.0
 
<h2>Project:</h2>
C:\Users\wangy\Desktop\TXM_PRB480\TMX-PRB480-main\TMX-PRB480-main\PRB480demo\Template.uvprojx
Project File Date:  06/15/2026

<h2>Output:</h2>
*** Using Compiler 'V5.06 update 5 (build 528)', folder: 'C:\Keil_v5\ARM\ARMCC\Bin'
Build target 'Target 1'
compiling ds18b20.c...
APP\ds18b20\ds18b20.c(40): warning:  #550-D: variable "PRB480_DqClock"  was set but never used
  static u32 PRB480_DqClock  = RCC_AHB1Periph_GPIOC;                                   /* IO3/PC1：GPIO 时钟 */
APP\ds18b20\ds18b20.c(44): warning:  #550-D: variable "PRB480_ReadSampleDelayUs"  was set but never used
  static u8 PRB480_ReadSampleDelayUs = 4;                                              /* 图 12：进入 tREAD0 窗口后采样 */
APP\ds18b20\ds18b20.c: 2 warnings, 0 errors
linking...
Program Size: Code=12932 RO-data=712 RW-data=52 ZI-data=1420  
FromELF: creating hex file...
".\Obj\Template.axf" - 0 Error(s), 2 Warning(s).

<h2>Software Packages used:</h2>

Package Vendor: ARM
                http://www.keil.com/pack/ARM.CMSIS.5.6.0.pack
                ARM.CMSIS.5.6.0
                CMSIS (Cortex Microcontroller Software Interface Standard)

<h2>Collection of Component include folders:</h2>
  .\RTE\_Target_1
  C:\Keil_v5\ARM\PACK\ARM\CMSIS\5.6.0\Device\ARM\ARMCM4\Include

<h2>Collection of Component Files used:</h2>
Build Time Elapsed:  00:00:01
</pre>
</body>
</html>
