Component: ARM Compiler 5.06 update 5 (build 528) Tool: armlink [4d35e2]

==============================================================================

Section Cross References

    main.o(i.main) refers to memseta.o(.text) for __aeabi_memclr4
    main.o(i.main) refers to systick.o(i.SysTick_Init) for SysTick_Init
    main.o(i.main) refers to misc.o(i.NVIC_PriorityGroupConfig) for NVIC_PriorityGroupConfig
    main.o(i.main) refers to usart.o(i.USART1_Init) for USART1_Init
    main.o(i.main) refers to led.o(i.LED_Init) for LED_Init
    main.o(i.main) refers to ds18b20.o(i.PRB480_BoardInterfaceConfig) for PRB480_BoardInterfaceConfig
    main.o(i.main) refers to ds18b20.o(i.PRB480_Init) for PRB480_Init
    main.o(i.main) refers to printf8.o(i.__0printf$8) for __2printf
    main.o(i.main) refers to ds18b20.o(i.PRB480_ReadROM) for PRB480_ReadROM
    main.o(i.main) refers to systick.o(i.delay_ms) for delay_ms
    main.o(i.main) refers to ds18b20.o(i.PRB480_LoadFirstSecret) for PRB480_LoadFirstSecret
    main.o(i.main) refers to ds18b20.o(i.PRB480_ReadAuthenticatedPageEx) for PRB480_ReadAuthenticatedPageEx
    main.o(i.main) refers to ds18b20.o(i.PRB480_CopyScratchpadVerified) for PRB480_CopyScratchpadVerified
    main.o(i.main) refers to ds18b20.o(i.PRB480_ReadMemory) for PRB480_ReadMemory
    startup_stm32f40_41xxx.o(RESET) refers to startup_stm32f40_41xxx.o(STACK) for __initial_sp
    startup_stm32f40_41xxx.o(RESET) refers to startup_stm32f40_41xxx.o(.text) for Reset_Handler
    startup_stm32f40_41xxx.o(RESET) refers to stm32f4xx_it.o(i.NMI_Handler) for NMI_Handler
    startup_stm32f40_41xxx.o(RESET) refers to stm32f4xx_it.o(i.HardFault_Handler) for HardFault_Handler
    startup_stm32f40_41xxx.o(RESET) refers to stm32f4xx_it.o(i.MemManage_Handler) for MemManage_Handler
    startup_stm32f40_41xxx.o(RESET) refers to stm32f4xx_it.o(i.BusFault_Handler) for BusFault_Handler
    startup_stm32f40_41xxx.o(RESET) refers to stm32f4xx_it.o(i.UsageFault_Handler) for UsageFault_Handler
    startup_stm32f40_41xxx.o(RESET) refers to stm32f4xx_it.o(i.SVC_Handler) for SVC_Handler
    startup_stm32f40_41xxx.o(RESET) refers to stm32f4xx_it.o(i.DebugMon_Handler) for DebugMon_Handler
    startup_stm32f40_41xxx.o(RESET) refers to stm32f4xx_it.o(i.PendSV_Handler) for PendSV_Handler
    startup_stm32f40_41xxx.o(RESET) refers to stm32f4xx_it.o(i.SysTick_Handler) for SysTick_Handler
    startup_stm32f40_41xxx.o(RESET) refers to usart.o(i.USART1_IRQHandler) for USART1_IRQHandler
    startup_stm32f40_41xxx.o(.text) refers to system_stm32f4xx.o(i.SystemInit) for SystemInit
    startup_stm32f40_41xxx.o(.text) refers to entry.o(.ARM.Collect$$$$00000000) for __main
    stm32f4xx_gpio.o(i.GPIO_DeInit) refers to stm32f4xx_rcc.o(i.RCC_AHB1PeriphResetCmd) for RCC_AHB1PeriphResetCmd
    stm32f4xx_rcc.o(i.RCC_GetClocksFreq) refers to stm32f4xx_rcc.o(.data) for APBAHBPrescTable
    stm32f4xx_rcc.o(i.RCC_WaitForHSEStartUp) refers to stm32f4xx_rcc.o(i.RCC_GetFlagStatus) for RCC_GetFlagStatus
    stm32f4xx_syscfg.o(i.SYSCFG_DeInit) refers to stm32f4xx_rcc.o(i.RCC_APB2PeriphResetCmd) for RCC_APB2PeriphResetCmd
    stm32f4xx_tim.o(i.TIM_DeInit) refers to stm32f4xx_rcc.o(i.RCC_APB2PeriphResetCmd) for RCC_APB2PeriphResetCmd
    stm32f4xx_tim.o(i.TIM_DeInit) refers to stm32f4xx_rcc.o(i.RCC_APB1PeriphResetCmd) for RCC_APB1PeriphResetCmd
    stm32f4xx_tim.o(i.TIM_ETRClockMode1Config) refers to stm32f4xx_tim.o(i.TIM_ETRConfig) for TIM_ETRConfig
    stm32f4xx_tim.o(i.TIM_ETRClockMode2Config) refers to stm32f4xx_tim.o(i.TIM_ETRConfig) for TIM_ETRConfig
    stm32f4xx_tim.o(i.TIM_ICInit) refers to stm32f4xx_tim.o(i.TI1_Config) for TI1_Config
    stm32f4xx_tim.o(i.TIM_ICInit) refers to stm32f4xx_tim.o(i.TIM_SetIC1Prescaler) for TIM_SetIC1Prescaler
    stm32f4xx_tim.o(i.TIM_ICInit) refers to stm32f4xx_tim.o(i.TI2_Config) for TI2_Config
    stm32f4xx_tim.o(i.TIM_ICInit) refers to stm32f4xx_tim.o(i.TIM_SetIC2Prescaler) for TIM_SetIC2Prescaler
    stm32f4xx_tim.o(i.TIM_ICInit) refers to stm32f4xx_tim.o(i.TI3_Config) for TI3_Config
    stm32f4xx_tim.o(i.TIM_ICInit) refers to stm32f4xx_tim.o(i.TIM_SetIC3Prescaler) for TIM_SetIC3Prescaler
    stm32f4xx_tim.o(i.TIM_ICInit) refers to stm32f4xx_tim.o(i.TI4_Config) for TI4_Config
    stm32f4xx_tim.o(i.TIM_ICInit) refers to stm32f4xx_tim.o(i.TIM_SetIC4Prescaler) for TIM_SetIC4Prescaler
    stm32f4xx_tim.o(i.TIM_ITRxExternalClockConfig) refers to stm32f4xx_tim.o(i.TIM_SelectInputTrigger) for TIM_SelectInputTrigger
    stm32f4xx_tim.o(i.TIM_PWMIConfig) refers to stm32f4xx_tim.o(i.TI1_Config) for TI1_Config
    stm32f4xx_tim.o(i.TIM_PWMIConfig) refers to stm32f4xx_tim.o(i.TIM_SetIC1Prescaler) for TIM_SetIC1Prescaler
    stm32f4xx_tim.o(i.TIM_PWMIConfig) refers to stm32f4xx_tim.o(i.TI2_Config) for TI2_Config
    stm32f4xx_tim.o(i.TIM_PWMIConfig) refers to stm32f4xx_tim.o(i.TIM_SetIC2Prescaler) for TIM_SetIC2Prescaler
    stm32f4xx_tim.o(i.TIM_TIxExternalClockConfig) refers to stm32f4xx_tim.o(i.TI2_Config) for TI2_Config
[...]
    Removing stm32f4xx_tim.o(i.TIM_GetPrescaler), (6 bytes).
    Removing stm32f4xx_tim.o(i.TIM_ICInit), (110 bytes).
    Removing stm32f4xx_tim.o(i.TIM_ICStructInit), (18 bytes).
    Removing stm32f4xx_tim.o(i.TIM_ITConfig), (18 bytes).
    Removing stm32f4xx_tim.o(i.TIM_ITRxExternalClockConfig), (24 bytes).
    Removing stm32f4xx_tim.o(i.TIM_InternalClockConfig), (12 bytes).
    Removing stm32f4xx_tim.o(i.TIM_OC1FastConfig), (18 bytes).
    Removing stm32f4xx_tim.o(i.TIM_OC1Init), (124 bytes).
    Removing stm32f4xx_tim.o(i.TIM_OC1NPolarityConfig), (18 bytes).
    Removing stm32f4xx_tim.o(i.TIM_OC1PolarityConfig), (18 bytes).
    Removing stm32f4xx_tim.o(i.TIM_OC1PreloadConfig), (18 bytes).
    Removing stm32f4xx_tim.o(i.TIM_OC2FastConfig), (26 bytes).
    Removing stm32f4xx_tim.o(i.TIM_OC2Init), (164 bytes).
    Removing stm32f4xx_tim.o(i.TIM_OC2NPolarityConfig), (26 bytes).
    Removing stm32f4xx_tim.o(i.TIM_OC2PolarityConfig), (26 bytes).
    Removing stm32f4xx_tim.o(i.TIM_OC2PreloadConfig), (26 bytes).
    Removing stm32f4xx_tim.o(i.TIM_OC3FastConfig), (18 bytes).
    Removing stm32f4xx_tim.o(i.TIM_OC3Init), (160 bytes).
    Removing stm32f4xx_tim.o(i.TIM_OC3NPolarityConfig), (26 bytes).
    Removing stm32f4xx_tim.o(i.TIM_OC3PolarityConfig), (26 bytes).
    Removing stm32f4xx_tim.o(i.TIM_OC3PreloadConfig), (18 bytes).
    Removing stm32f4xx_tim.o(i.TIM_OC4FastConfig), (26 bytes).
    Removing stm32f4xx_tim.o(i.TIM_OC4Init), (120 bytes).
    Removing stm32f4xx_tim.o(i.TIM_OC4PolarityConfig), (26 bytes).
    Removing stm32f4xx_tim.o(i.TIM_OC4PreloadConfig), (26 bytes).
    Removing stm32f4xx_tim.o(i.TIM_OCStructInit), (20 bytes).
    Removing stm32f4xx_tim.o(i.TIM_PWMIConfig), (124 bytes).
    Removing stm32f4xx_tim.o(i.TIM_PrescalerConfig), (6 bytes).
    Removing stm32f4xx_tim.o(i.TIM_RemapConfig), (6 bytes).
    Removing stm32f4xx_tim.o(i.TIM_SelectCCDMA), (24 bytes).
    Removing stm32f4xx_tim.o(i.TIM_SelectCOM), (24 bytes).
    Removing stm32f4xx_tim.o(i.TIM_SelectHallSensor), (24 bytes).
    Removing stm32f4xx_tim.o(i.TIM_SelectInputTrigger), (18 bytes).
    Removing stm32f4xx_tim.o(i.TIM_SelectMasterSlaveMode), (18 bytes).
    Removing stm32f4xx_tim.o(i.TIM_SelectOCxM), (86 bytes).
    Removing stm32f4xx_tim.o(i.TIM_SelectOnePulseMode), (18 bytes).
    Removing stm32f4xx_tim.o(i.TIM_SelectOutputTrigger), (18 bytes).
    Removing stm32f4xx_tim.o(i.TIM_SelectSlaveMode), (18 bytes).
    Removing stm32f4xx_tim.o(i.TIM_SetAutoreload), (4 bytes).
    Removing stm32f4xx_tim.o(i.TIM_SetClockDivision), (18 bytes).
    Removing stm32f4xx_tim.o(i.TIM_SetCompare1), (4 bytes).
    Removing stm32f4xx_tim.o(i.TIM_SetCompare2), (4 bytes).
    Removing stm32f4xx_tim.o(i.TIM_SetCompare3), (4 bytes).
    Removing stm32f4xx_tim.o(i.TIM_SetCompare4), (4 bytes).
    Removing stm32f4xx_tim.o(i.TIM_SetCounter), (4 bytes).
    Removing stm32f4xx_tim.o(i.TIM_SetIC1Prescaler), (18 bytes).
    Removing stm32f4xx_tim.o(i.TIM_SetIC2Prescaler), (26 bytes).
    Removing stm32f4xx_tim.o(i.TIM_SetIC3Prescaler), (18 bytes).
    Removing stm32f4xx_tim.o(i.TIM_SetIC4Prescaler), (26 bytes).
    Removing stm32f4xx_tim.o(i.TIM_TIxExternalClockConfig), (62 bytes).
    Removing stm32f4xx_tim.o(i.TIM_TimeBaseInit), (132 bytes).
    Removing stm32f4xx_tim.o(i.TIM_TimeBaseStructInit), (18 bytes).
    Removing stm32f4xx_tim.o(i.TIM_UpdateDisableConfig), (24 bytes).
    Removing stm32f4xx_tim.o(i.TIM_UpdateRequestConfig), (24 bytes).
    Removing stm32f4xx_usart.o(.rev16_text), (4 bytes).
    Removing stm32f4xx_usart.o(.revsh_text), (4 bytes).
    Removing stm32f4xx_usart.o(.rrx_text), (6 bytes).
    Removing stm32f4xx_usart.o(i.USART_ClearITPendingBit), (30 bytes).
    Removing stm32f4xx_usart.o(i.USART_ClockInit), (32 bytes).
    Removing stm32f4xx_usart.o(i.USART_ClockStructInit), (12 bytes).
    Removing stm32f4xx_usart.o(i.USART_DMACmd), (18 bytes).
    Removing stm32f4xx_usart.o(i.USART_DeInit), (240 bytes).
    Removing stm32f4xx_usart.o(i.USART_HalfDuplexCmd), (24 bytes).
    Removing stm32f4xx_usart.o(i.USART_IrDACmd), (24 bytes).
    Removing stm32f4xx_usart.o(i.USART_IrDAConfig), (18 bytes).
    Removing stm32f4xx_usart.o(i.USART_LINBreakDetectLengthConfig), (18 bytes).
    Removing stm32f4xx_usart.o(i.USART_LINCmd), (24 bytes).
    Removing stm32f4xx_usart.o(i.USART_OneBitMethodCmd), (24 bytes).
    Removing stm32f4xx_usart.o(i.USART_OverSampling8Cmd), (22 bytes).
    Removing stm32f4xx_usart.o(i.USART_ReceiverWakeUpCmd), (24 bytes).
    Removing stm32f4xx_usart.o(i.USART_SendBreak), (10 bytes).
    Removing stm32f4xx_usart.o(i.USART_SetAddress), (18 bytes).
    Removing stm32f4xx_usart.o(i.USART_SetGuardTime), (16 bytes).
    Removing stm32f4xx_usart.o(i.USART_SetPrescaler), (16 bytes).
    Removing stm32f4xx_usart.o(i.USART_SmartCardCmd), (24 bytes).
    Removing stm32f4xx_usart.o(i.USART_SmartCardNACKCmd), (24 bytes).
    Removing stm32f4xx_usart.o(i.USART_StructInit), (24 bytes).
    Removing stm32f4xx_usart.o(i.USART_WakeUpConfig), (18 bytes).
    Removing stm32f4xx_iwdg.o(.rev16_text), (4 bytes).
    Removing stm32f4xx_iwdg.o(.revsh_text), (4 bytes).
    Removing stm32f4xx_iwdg.o(.rrx_text), (6 bytes).
    Removing stm32f4xx_iwdg.o(i.IWDG_Enable), (16 bytes).
    Removing stm32f4xx_iwdg.o(i.IWDG_GetFlagStatus), (24 bytes).
    Removing stm32f4xx_iwdg.o(i.IWDG_ReloadCounter), (16 bytes).
    Removing stm32f4xx_iwdg.o(i.IWDG_SetPrescaler), (12 bytes).
    Removing stm32f4xx_iwdg.o(i.IWDG_SetReload), (12 bytes).
    Removing stm32f4xx_iwdg.o(i.IWDG_WriteAccessCmd), (12 bytes).
    Removing stm32f4xx_wwdg.o(.rev16_text), (4 bytes).
    Removing stm32f4xx_wwdg.o(.revsh_text), (4 bytes).
    Removing stm32f4xx_wwdg.o(.rrx_text), (6 bytes).
    Removing stm32f4xx_wwdg.o(i.WWDG_ClearFlag), (12 bytes).
    Removing stm32f4xx_wwdg.o(i.WWDG_DeInit), (22 bytes).
    Removing stm32f4xx_wwdg.o(i.WWDG_Enable), (16 bytes).
    Removing stm32f4xx_wwdg.o(i.WWDG_EnableIT), (12 bytes).
    Removing stm32f4xx_wwdg.o(i.WWDG_GetFlagStatus), (20 bytes).
    Removing stm32f4xx_wwdg.o(i.WWDG_SetCounter), (16 bytes).
    Removing stm32f4xx_wwdg.o(i.WWDG_SetPrescaler), (24 bytes).
    Removing stm32f4xx_wwdg.o(i.WWDG_SetWindowValue), (40 bytes).
    Removing stm32f4xx_rng.o(.rev16_text), (4 bytes).
    Removing stm32f4xx_rng.o(.revsh_text), (4 bytes).
    Removing stm32f4xx_rng.o(.rrx_text), (6 bytes).
    Removing stm32f4xx_rng.o(i.RNG_ClearFlag), (16 bytes).
    Removing stm32f4xx_rng.o(i.RNG_ClearITPendingBit), (16 bytes).
    Removing stm32f4xx_rng.o(i.RNG_Cmd), (36 bytes).
    Removing stm32f4xx_rng.o(i.RNG_DeInit), (20 bytes).
    Removing stm32f4xx_rng.o(i.RNG_GetFlagStatus), (24 bytes).
    Removing stm32f4xx_rng.o(i.RNG_GetITStatus), (24 bytes).
    Removing stm32f4xx_rng.o(i.RNG_GetRandomNumber), (12 bytes).
    Removing stm32f4xx_rng.o(i.RNG_ITConfig), (36 bytes).
    Removing stm32f4xx_pwr.o(.rev16_text), (4 bytes).
    Removing stm32f4xx_pwr.o(.revsh_text), (4 bytes).
    Removing stm32f4xx_pwr.o(.rrx_text), (6 bytes).
    Removing stm32f4xx_pwr.o(i.PWR_BackupAccessCmd), (12 bytes).
    Removing stm32f4xx_pwr.o(i.PWR_BackupRegulatorCmd), (12 bytes).
    Removing stm32f4xx_pwr.o(i.PWR_ClearFlag), (20 bytes).
    Removing stm32f4xx_pwr.o(i.PWR_DeInit), (22 bytes).
    Removing stm32f4xx_pwr.o(i.PWR_EnterSTANDBYMode), (40 bytes).
    Removing stm32f4xx_pwr.o(i.PWR_EnterSTOPMode), (68 bytes).
    Removing stm32f4xx_pwr.o(i.PWR_EnterUnderDriveSTOPMode), (68 bytes).
    Removing stm32f4xx_pwr.o(i.PWR_FlashPowerDownCmd), (12 bytes).
    Removing stm32f4xx_pwr.o(i.PWR_GetFlagStatus), (24 bytes).
    Removing stm32f4xx_pwr.o(i.PWR_MainRegulatorModeConfig), (24 bytes).
    Removing stm32f4xx_pwr.o(i.PWR_OverDriveCmd), (12 bytes).
    Removing stm32f4xx_pwr.o(i.PWR_OverDriveSWCmd), (12 bytes).
    Removing stm32f4xx_pwr.o(i.PWR_PVDCmd), (12 bytes).
    Removing stm32f4xx_pwr.o(i.PWR_PVDLevelConfig), (24 bytes).
    Removing stm32f4xx_pwr.o(i.PWR_UnderDriveCmd), (36 bytes).
    Removing stm32f4xx_pwr.o(i.PWR_WakeUpPinCmd), (12 bytes).
    Removing stm32f4xx_adc.o(.rev16_text), (4 bytes).
    Removing stm32f4xx_adc.o(.revsh_text), (4 bytes).
    Removing stm32f4xx_adc.o(.rrx_text), (6 bytes).
    Removing stm32f4xx_adc.o(i.ADC_AnalogWatchdogCmd), (20 bytes).
    Removing stm32f4xx_adc.o(i.ADC_AnalogWatchdogSingleChannelConfig), (16 bytes).
    Removing stm32f4xx_adc.o(i.ADC_AnalogWatchdogThresholdsConfig), (6 bytes).
    Removing stm32f4xx_adc.o(i.ADC_AutoInjectedConvCmd), (22 bytes).
    Removing stm32f4xx_adc.o(i.ADC_ClearITPendingBit), (10 bytes).
    Removing stm32f4xx_adc.o(i.ADC_ContinuousModeCmd), (22 bytes).
    Removing stm32f4xx_adc.o(i.ADC_DMACmd), (22 bytes).
    Removing stm32f4xx_adc.o(i.ADC_DMARequestAfterLastTransferCmd), (22 bytes).
    Removing stm32f4xx_adc.o(i.ADC_DeInit), (22 bytes).
    Removing stm32f4xx_adc.o(i.ADC_DiscModeChannelCountConfig), (24 bytes).
    Removing stm32f4xx_adc.o(i.ADC_DiscModeCmd), (22 bytes).
    Removing stm32f4xx_adc.o(i.ADC_EOCOnEachRegularChannelCmd), (22 bytes).
    Removing stm32f4xx_adc.o(i.ADC_ExternalTrigInjectedConvConfig), (16 bytes).
    Removing stm32f4xx_adc.o(i.ADC_ExternalTrigInjectedConvEdgeConfig), (16 bytes).
    Removing stm32f4xx_adc.o(i.ADC_GetITStatus), (38 bytes).
    Removing stm32f4xx_adc.o(i.ADC_GetInjectedConversionValue), (28 bytes).
    Removing stm32f4xx_adc.o(i.ADC_GetMultiModeConversionValue), (12 bytes).
    Removing stm32f4xx_adc.o(i.ADC_GetSoftwareStartConvStatus), (20 bytes).
    Removing stm32f4xx_adc.o(i.ADC_GetSoftwareStartInjectedConvCmdStatus), (20 bytes).
    Removing stm32f4xx_adc.o(i.ADC_ITConfig), (32 bytes).
    Removing stm32f4xx_adc.o(i.ADC_InjectedChannelConfig), (130 bytes).
    Removing stm32f4xx_adc.o(i.ADC_InjectedDiscModeCmd), (22 bytes).
    Removing stm32f4xx_adc.o(i.ADC_InjectedSequencerLengthConfig), (24 bytes).
    Removing stm32f4xx_adc.o(i.ADC_MultiModeDMARequestAfterLastTransferCmd), (44 bytes).
    Removing stm32f4xx_adc.o(i.ADC_SetInjectedOffset), (20 bytes).
    Removing stm32f4xx_adc.o(i.ADC_SoftwareStartInjectedConv), (10 bytes).
    Removing stm32f4xx_adc.o(i.ADC_TempSensorVrefintCmd), (44 bytes).
    Removing stm32f4xx_adc.o(i.ADC_VBATCmd), (44 bytes).
    Removing stm32f4xx_dac.o(.rev16_text), (4 bytes).
    Removing stm32f4xx_dac.o(.revsh_text), (4 bytes).
    Removing stm32f4xx_dac.o(.rrx_text), (6 bytes).
    Removing stm32f4xx_dac.o(i.DAC_ClearFlag), (16 bytes).
    Removing stm32f4xx_dac.o(i.DAC_ClearITPendingBit), (16 bytes).
    Removing stm32f4xx_dac.o(i.DAC_Cmd), (40 bytes).
    Removing stm32f4xx_dac.o(i.DAC_DMACmd), (44 bytes).
    Removing stm32f4xx_dac.o(i.DAC_DeInit), (22 bytes).
    Removing stm32f4xx_dac.o(i.DAC_DualSoftwareTriggerCmd), (36 bytes).
    Removing stm32f4xx_dac.o(i.DAC_GetDataOutputValue), (36 bytes).
    Removing stm32f4xx_dac.o(i.DAC_GetFlagStatus), (32 bytes).
    Removing stm32f4xx_dac.o(i.DAC_GetITStatus), (48 bytes).
    Removing stm32f4xx_dac.o(i.DAC_ITConfig), (40 bytes).
    Removing stm32f4xx_dac.o(i.DAC_Init), (52 bytes).
    Removing stm32f4xx_dac.o(i.DAC_SetChannel1Data), (32 bytes).
    Removing stm32f4xx_dac.o(i.DAC_SetChannel2Data), (32 bytes).
    Removing stm32f4xx_dac.o(i.DAC_SetDualChannelData), (36 bytes).
    Removing stm32f4xx_dac.o(i.DAC_SoftwareTriggerCmd), (44 bytes).
    Removing stm32f4xx_dac.o(i.DAC_StructInit), (12 bytes).
    Removing stm32f4xx_dac.o(i.DAC_WaveGenerationCmd), (40 bytes).
    Removing stm32f4xx_dma.o(.rev16_text), (4 bytes).
    Removing stm32f4xx_dma.o(.revsh_text), (4 bytes).
    Removing stm32f4xx_dma.o(.rrx_text), (6 bytes).
    Removing stm32f4xx_dma.o(i.DMA_ClearFlag), (52 bytes).
    Removing stm32f4xx_dma.o(i.DMA_ClearITPendingBit), (52 bytes).
    Removing stm32f4xx_dma.o(i.DMA_Cmd), (22 bytes).
    Removing stm32f4xx_dma.o(i.DMA_DeInit), (344 bytes).
    Removing stm32f4xx_dma.o(i.DMA_DoubleBufferModeCmd), (22 bytes).
    Removing stm32f4xx_dma.o(i.DMA_DoubleBufferModeConfig), (24 bytes).
    Removing stm32f4xx_dma.o(i.DMA_FlowControllerConfig), (22 bytes).
    Removing stm32f4xx_dma.o(i.DMA_GetCmdStatus), (20 bytes).
    Removing stm32f4xx_dma.o(i.DMA_GetCurrDataCounter), (8 bytes).
    Removing stm32f4xx_dma.o(i.DMA_GetCurrentMemoryTarget), (20 bytes).
    Removing stm32f4xx_dma.o(i.DMA_GetFIFOStatus), (12 bytes).
    Removing stm32f4xx_dma.o(i.DMA_GetFlagStatus), (68 bytes).
    Removing stm32f4xx_dma.o(i.DMA_GetITStatus), (100 bytes).
    Removing stm32f4xx_dma.o(i.DMA_ITConfig), (58 bytes).
    Removing stm32f4xx_dma.o(i.DMA_Init), (88 bytes).
    Removing stm32f4xx_dma.o(i.DMA_MemoryTargetConfig), (10 bytes).
    Removing stm32f4xx_dma.o(i.DMA_PeriphIncOffsetSizeConfig), (22 bytes).
    Removing stm32f4xx_dma.o(i.DMA_SetCurrDataCounter), (4 bytes).
    Removing stm32f4xx_dma.o(i.DMA_StructInit), (34 bytes).
    Removing stm32f4xx_rtc.o(.rev16_text), (4 bytes).
    Removing stm32f4xx_rtc.o(.revsh_text), (4 bytes).
    Removing stm32f4xx_rtc.o(.rrx_text), (6 bytes).
    Removing stm32f4xx_rtc.o(i.RTC_AlarmCmd), (116 bytes).
    Removing stm32f4xx_rtc.o(i.RTC_AlarmStructInit), (22 bytes).
    Removing stm32f4xx_rtc.o(i.RTC_AlarmSubSecondConfig), (52 bytes).
    Removing stm32f4xx_rtc.o(i.RTC_Bcd2ToByte), (22 bytes).
    Removing stm32f4xx_rtc.o(i.RTC_BypassShadowCmd), (60 bytes).
    Removing stm32f4xx_rtc.o(i.RTC_ByteToBcd2), (28 bytes).
    Removing stm32f4xx_rtc.o(i.RTC_CalibOutputCmd), (60 bytes).
    Removing stm32f4xx_rtc.o(i.RTC_CalibOutputConfig), (48 bytes).
    Removing stm32f4xx_rtc.o(i.RTC_ClearFlag), (28 bytes).
    Removing stm32f4xx_rtc.o(i.RTC_ClearITPendingBit), (32 bytes).
    Removing stm32f4xx_rtc.o(i.RTC_CoarseCalibCmd), (80 bytes).
    Removing stm32f4xx_rtc.o(i.RTC_CoarseCalibConfig), (56 bytes).
    Removing stm32f4xx_rtc.o(i.RTC_DateStructInit), (14 bytes).
    Removing stm32f4xx_rtc.o(i.RTC_DayLightSavingConfig), (56 bytes).
    Removing stm32f4xx_rtc.o(i.RTC_DeInit), (212 bytes).
    Removing stm32f4xx_rtc.o(i.RTC_EnterInitMode), (80 bytes).
    Removing stm32f4xx_rtc.o(i.RTC_ExitInitMode), (20 bytes).
    Removing stm32f4xx_rtc.o(i.RTC_GetAlarm), (116 bytes).
    Removing stm32f4xx_rtc.o(i.RTC_GetAlarmSubSecond), (36 bytes).
    Removing stm32f4xx_rtc.o(i.RTC_GetDate), (76 bytes).
    Removing stm32f4xx_rtc.o(i.RTC_GetFlagStatus), (40 bytes).
    Removing stm32f4xx_rtc.o(i.RTC_GetITStatus), (64 bytes).
    Removing stm32f4xx_rtc.o(i.RTC_GetStoreOperation), (16 bytes).
    Removing stm32f4xx_rtc.o(i.RTC_GetSubSecond), (20 bytes).
    Removing stm32f4xx_rtc.o(i.RTC_GetTime), (80 bytes).
    Removing stm32f4xx_rtc.o(i.RTC_GetTimeStamp), (156 bytes).
    Removing stm32f4xx_rtc.o(i.RTC_GetTimeStampSubSecond), (12 bytes).
    Removing stm32f4xx_rtc.o(i.RTC_GetWakeUpCounter), (12 bytes).
    Removing stm32f4xx_rtc.o(i.RTC_ITConfig), (100 bytes).
    Removing stm32f4xx_rtc.o(i.RTC_Init), (100 bytes).
    Removing stm32f4xx_rtc.o(i.RTC_OutputConfig), (56 bytes).
    Removing stm32f4xx_rtc.o(i.RTC_OutputTypeConfig), (28 bytes).
    Removing stm32f4xx_rtc.o(i.RTC_ReadBackupRegister), (32 bytes).
    Removing stm32f4xx_rtc.o(i.RTC_RefClockCmd), (80 bytes).
    Removing stm32f4xx_rtc.o(i.RTC_SetAlarm), (236 bytes).
    Removing stm32f4xx_rtc.o(i.RTC_SetDate), (200 bytes).
    Removing stm32f4xx_rtc.o(i.RTC_SetTime), (208 bytes).
    Removing stm32f4xx_rtc.o(i.RTC_SetWakeUpCounter), (28 bytes).
    Removing stm32f4xx_rtc.o(i.RTC_SmoothCalibConfig), (96 bytes).
    Removing stm32f4xx_rtc.o(i.RTC_StructInit), (14 bytes).
    Removing stm32f4xx_rtc.o(i.RTC_SynchroShiftConfig), (124 bytes).
    Removing stm32f4xx_rtc.o(i.RTC_TamperCmd), (32 bytes).
    Removing stm32f4xx_rtc.o(i.RTC_TamperFilterConfig), (28 bytes).
    Removing stm32f4xx_rtc.o(i.RTC_TamperPinSelection), (28 bytes).
    Removing stm32f4xx_rtc.o(i.RTC_TamperPinsPrechargeDuration), (28 bytes).
    Removing stm32f4xx_rtc.o(i.RTC_TamperPullUpCmd), (36 bytes).
    Removing stm32f4xx_rtc.o(i.RTC_TamperSamplingFreqConfig), (28 bytes).
    Removing stm32f4xx_rtc.o(i.RTC_TamperTriggerConfig), (36 bytes).
    Removing stm32f4xx_rtc.o(i.RTC_TimeStampCmd), (56 bytes).
    Removing stm32f4xx_rtc.o(i.RTC_TimeStampOnTamperDetectionCmd), (36 bytes).
    Removing stm32f4xx_rtc.o(i.RTC_TimeStampPinSelection), (28 bytes).
    Removing stm32f4xx_rtc.o(i.RTC_TimeStructInit), (12 bytes).
    Removing stm32f4xx_rtc.o(i.RTC_WaitForSynchro), (96 bytes).
    Removing stm32f4xx_rtc.o(i.RTC_WakeUpClockConfig), (48 bytes).
    Removing stm32f4xx_rtc.o(i.RTC_WakeUpCmd), (120 bytes).
    Removing stm32f4xx_rtc.o(i.RTC_WriteBackupRegister), (28 bytes).
    Removing stm32f4xx_rtc.o(i.RTC_WriteProtectionCmd), (28 bytes).
    Removing system_stm32f4xx.o(.rev16_text), (4 bytes).
    Removing system_stm32f4xx.o(.revsh_text), (4 bytes).
    Removing system_stm32f4xx.o(.rrx_text), (6 bytes).
    Removing system_stm32f4xx.o(i.SystemCoreClockUpdate), (192 bytes).
    Removing system_stm32f4xx.o(.data), (20 bytes).
    Removing system.o(.rev16_text), (4 bytes).
    Removing system.o(.revsh_text), (4 bytes).
    Removing system.o(.rrx_text), (6 bytes).
    Removing systick.o(.rev16_text), (4 bytes).
    Removing systick.o(.revsh_text), (4 bytes).
    Removing systick.o(.rrx_text), (6 bytes).
    Removing usart.o(.rev16_text), (4 bytes).
    Removing usart.o(.revsh_text), (4 bytes).
    Removing usart.o(.rrx_text), (6 bytes).
    Removing led.o(.rev16_text), (4 bytes).
    Removing led.o(.revsh_text), (4 bytes).
    Removing led.o(.rrx_text), (6 bytes).
    Removing ds18b20.o(.rev16_text), (4 bytes).
    Removing ds18b20.o(.revsh_text), (4 bytes).
    Removing ds18b20.o(.rrx_text), (6 bytes).
    Removing ds18b20.o(i.PRB480_CalcSHA1), (38 bytes).
    Removing ds18b20.o(i.PRB480_CheckDataPageAddress), (24 bytes).
    Removing ds18b20.o(i.PRB480_ComputeNextSecret), (94 bytes).
    Removing ds18b20.o(i.PRB480_DebugAdcLevels), (88 bytes).
    Removing ds18b20.o(i.PRB480_DebugReadSlotLoop), (84 bytes).
    Removing ds18b20.o(i.PRB480_Delay_Read), (24 bytes).
    Removing ds18b20.o(i.PRB480_GetLastReadAdc), (12 bytes).
    Removing ds18b20.o(i.PRB480_IO_OUT), (8 bytes).
    Removing ds18b20.o(i.PRB480_LoadPartialSecretScratchpad), (54 bytes).
    Removing ds18b20.o(i.PRB480_ReadAdcValue), (20 bytes).
    Removing ds18b20.o(i.PRB480_ReadAuthenticatedPage), (160 bytes).
    Removing ds18b20.o(i.PRB480_SetAdcThreshold), (12 bytes).
    Removing ds18b20.o(i.PRB480_SetPinRoles), (52 bytes).
    Removing ds18b20.o(i.PRB480_SetReadSampleDelay), (12 bytes).
    Removing ds18b20.o(i.PRB480_VerifyScratchpadFilledAA), (66 bytes).
    Removing ds18b20.o(i.PRB480_WaitReady), (36 bytes).
    Removing ds18b20.o(i.PRB480_WriteAuthorizedBlock), (100 bytes).
    Removing crc16.o(.rev16_text), (4 bytes).
    Removing crc16.o(.revsh_text), (4 bytes).
    Removing crc16.o(.rrx_text), (6 bytes).
    Removing sha1.o(i.SHA1), (52 bytes).
    Removing sha1.o(i.SHA1Final), (168 bytes).
    Removing sha1.o(i.SHA1Init), (44 bytes).
    Removing sha1.o(i.SHA1Transform), (5864 bytes).
    Removing sha1.o(i.SHA1Update), (126 bytes).
    Removing sha1.o(i.SHA1_change), (120 bytes).
    Removing sha1.o(i.SHA1init), (28 bytes).
    Removing sha1.o(.bss), (220 bytes).
    Removing sha1.o(.data), (1 bytes).
    Removing dadd.o(.text), (334 bytes).
    Removing dmul.o(.text), (228 bytes).
    Removing ddiv.o(.text), (222 bytes).
    Removing dfixul.o(.text), (48 bytes).
    Removing cdrcmple.o(.text), (48 bytes).
    Removing depilogue.o(.text), (186 bytes).

456 unused section(s) (total 22643 bytes) removed from the image.

==============================================================================

Image Symbol Table

    Local Symbols

    Symbol Name                              Value     Ov Type        Size  Object(Section)

    RESET                                    0x00000000   Section      392  startup_stm32f40_41xxx.o(RESET)
    ../clib/microlib/division.c              0x00000000   Number         0  uidiv.o ABSOLUTE
    ../clib/microlib/division.c              0x00000000   Number         0  uldiv.o ABSOLUTE
    ../clib/microlib/init/entry.s            0x00000000   Number         0  entry10a.o ABSOLUTE
    ../clib/microlib/init/entry.s            0x00000000   Number         0  entry2.o ABSOLUTE
    ../clib/microlib/init/entry.s            0x00000000   Number         0  entry7b.o ABSOLUTE
    ../clib/microlib/init/entry.s            0x00000000   Number         0  entry7a.o ABSOLUTE
    ../clib/microlib/init/entry.s            0x00000000   Number         0  entry11b.o ABSOLUTE
    ../clib/microlib/init/entry.s            0x00000000   Number         0  entry11a.o ABSOLUTE
    ../clib/microlib/init/entry.s            0x00000000   Number         0  entry10b.o ABSOLUTE
    ../clib/microlib/init/entry.s            0x00000000   Number         0  entry.o ABSOLUTE
    ../clib/microlib/init/entry.s            0x00000000   Number         0  entry5.o ABSOLUTE
    ../clib/microlib/init/entry.s            0x00000000   Number         0  entry9b.o ABSOLUTE
    ../clib/microlib/init/entry.s            0x00000000   Number         0  entry9a.o ABSOLUTE
    ../clib/microlib/init/entry.s            0x00000000   Number         0  entry8b.o ABSOLUTE
    ../clib/microlib/init/entry.s            0x00000000   Number         0  entry8a.o ABSOLUTE
    ../clib/microlib/longlong.c              0x00000000   Number         0  llushr.o ABSOLUTE
    ../clib/microlib/longlong.c              0x00000000   Number         0  llsshr.o ABSOLUTE
    ../clib/microlib/longlong.c              0x00000000   Number         0  llshl.o ABSOLUTE
    ../clib/microlib/printf/printf.c         0x00000000   Number         0  printfb.o ABSOLUTE
    ../clib/microlib/printf/printf.c         0x00000000   Number         0  printf7.o ABSOLUTE
    ../clib/microlib/printf/printf.c         0x00000000   Number         0  printf6.o ABSOLUTE
    ../clib/microlib/printf/printf.c         0x00000000   Number         0  printf5.o ABSOLUTE
    ../clib/microlib/printf/printf.c         0x00000000   Number         0  printf4.o ABSOLUTE
    ../clib/microlib/printf/printf.c         0x00000000   Number         0  printf3.o ABSOLUTE
    ../clib/microlib/printf/printf.c         0x00000000   Number         0  printfa.o ABSOLUTE
    ../clib/microlib/printf/printf.c         0x00000000   Number         0  printf8.o ABSOLUTE
    ../clib/microlib/printf/printf.c         0x00000000   Number         0  printf2.o ABSOLUTE
    ../clib/microlib/printf/printf.c         0x00000000   Number         0  printf1.o ABSOLUTE
    ../clib/microlib/printf/printf.c         0x00000000   Number         0  printf0.o ABSOLUTE
    ../clib/microlib/printf/stubs.s          0x00000000   Number         0  stubs.o ABSOLUTE
    ../clib/microlib/stdio/streams.c         0x00000000   Number         0  stdout.o ABSOLUTE
    ../clib/microlib/string/memcmp.c         0x00000000   Number         0  memcmp.o ABSOLUTE
    ../clib/microlib/string/memcpy.c         0x00000000   Number         0  memcpyb.o ABSOLUTE
    ../clib/microlib/string/memcpy.c         0x00000000   Number         0  memcpya.o ABSOLUTE
    ../clib/microlib/string/memset.c         0x00000000   Number         0  memseta.o ABSOLUTE
    ../clib/microlib/stubs.s                 0x00000000   Number         0  iusefp.o ABSOLUTE
    ../fplib/microlib/fpadd.c                0x00000000   Number         0  dadd.o ABSOLUTE
    ../fplib/microlib/fpdiv.c                0x00000000   Number         0  ddiv.o ABSOLUTE
    ../fplib/microlib/fpepilogue.c           0x00000000   Number         0  depilogue.o ABSOLUTE
    ../fplib/microlib/fpfix.c                0x00000000   Number         0  dfixul.o ABSOLUTE
    ../fplib/microlib/fpmul.c                0x00000000   Number         0  dmul.o ABSOLUTE
    APP\\ds18b20\\CRC16.C                    0x00000000   Number         0  crc16.o ABSOLUTE
    APP\\ds18b20\\ds18b20.c                  0x00000000   Number         0  ds18b20.o ABSOLUTE
    APP\\led\\led.c                          0x00000000   Number         0  led.o ABSOLUTE
    APP\ds18b20\CRC16.C                      0x00000000   Number         0  crc16.o ABSOLUTE
    APP\ds18b20\SHA1.C                       0x00000000   Number         0  sha1.o ABSOLUTE
    APP\ds18b20\ds18b20.c                    0x00000000   Number         0  ds18b20.o ABSOLUTE
    APP\led\led.c                            0x00000000   Number         0  led.o ABSOLUTE
    Libraries\CMSIS\startup_stm32f40_41xxx.s 0x00000000   Number         0  startup_stm32f40_41xxx.o ABSOLUTE
    Libraries\CMSIS\system_stm32f4xx.c       0x00000000   Number         0  system_stm32f4xx.o ABSOLUTE
    Libraries\STM32F4xx_StdPeriph_Driver\src\misc.c 0x00000000   Number         0  misc.o ABSOLUTE
    Libraries\STM32F4xx_StdPeriph_Driver\src\stm32f4xx_adc.c 0x00000000   Number         0  stm32f4xx_adc.o ABSOLUTE
    Libraries\STM32F4xx_StdPeriph_Driver\src\stm32f4xx_dac.c 0x00000000   Number         0  stm32f4xx_dac.o ABSOLUTE
    Libraries\STM32F4xx_StdPeriph_Driver\src\stm32f4xx_dma.c 0x00000000   Number         0  stm32f4xx_dma.o ABSOLUTE
    Libraries\STM32F4xx_StdPeriph_Driver\src\stm32f4xx_exti.c 0x00000000   Number         0  stm32f4xx_exti.o ABSOLUTE
    Libraries\STM32F4xx_StdPeriph_Driver\src\stm32f4xx_gpio.c 0x00000000   Number         0  stm32f4xx_gpio.o ABSOLUTE
    Libraries\STM32F4xx_StdPeriph_Driver\src\stm32f4xx_iwdg.c 0x00000000   Number         0  stm32f4xx_iwdg.o ABSOLUTE
    Libraries\STM32F4xx_StdPeriph_Driver\src\stm32f4xx_pwr.c 0x00000000   Number         0  stm32f4xx_pwr.o ABSOLUTE
    Libraries\STM32F4xx_StdPeriph_Driver\src\stm32f4xx_rcc.c 0x00000000   Number         0  stm32f4xx_rcc.o ABSOLUTE
    Libraries\STM32F4xx_StdPeriph_Driver\src\stm32f4xx_rng.c 0x00000000   Number         0  stm32f4xx_rng.o ABSOLUTE
    Libraries\STM32F4xx_StdPeriph_Driver\src\stm32f4xx_rtc.c 0x00000000   Number         0  stm32f4xx_rtc.o ABSOLUTE
    Libraries\STM32F4xx_StdPeriph_Driver\src\stm32f4xx_syscfg.c 0x00000000   Number         0  stm32f4xx_syscfg.o ABSOLUTE
    Libraries\STM32F4xx_StdPeriph_Driver\src\stm32f4xx_tim.c 0x00000000   Number         0  stm32f4xx_tim.o ABSOLUTE
    Libraries\STM32F4xx_StdPeriph_Driver\src\stm32f4xx_usart.c 0x00000000   Number         0  stm32f4xx_usart.o ABSOLUTE
    Libraries\STM32F4xx_StdPeriph_Driver\src\stm32f4xx_wwdg.c 0x00000000   Number         0  stm32f4xx_wwdg.o ABSOLUTE
    Libraries\\CMSIS\\system_stm32f4xx.c     0x00000000   Number         0  system_stm32f4xx.o ABSOLUTE
    Libraries\\STM32F4xx_StdPeriph_Driver\\src\\misc.c 0x00000000   Number         0  misc.o ABSOLUTE
    Libraries\\STM32F4xx_StdPeriph_Driver\\src\\stm32f4xx_adc.c 0x00000000   Number         0  stm32f4xx_adc.o ABSOLUTE
    Libraries\\STM32F4xx_StdPeriph_Driver\\src\\stm32f4xx_dac.c 0x00000000   Number         0  stm32f4xx_dac.o ABSOLUTE
    Libraries\\STM32F4xx_StdPeriph_Driver\\src\\stm32f4xx_dma.c 0x00000000   Number         0  stm32f4xx_dma.o ABSOLUTE
    Libraries\\STM32F4xx_StdPeriph_Driver\\src\\stm32f4xx_exti.c 0x00000000   Number         0  stm32f4xx_exti.o ABSOLUTE
    Libraries\\STM32F4xx_StdPeriph_Driver\\src\\stm32f4xx_gpio.c 0x00000000   Number         0  stm32f4xx_gpio.o ABSOLUTE
    Libraries\\STM32F4xx_StdPeriph_Driver\\src\\stm32f4xx_iwdg.c 0x00000000   Number         0  stm32f4xx_iwdg.o ABSOLUTE
    Libraries\\STM32F4xx_StdPeriph_Driver\\src\\stm32f4xx_pwr.c 0x00000000   Number         0  stm32f4xx_pwr.o ABSOLUTE
    Libraries\\STM32F4xx_StdPeriph_Driver\\src\\stm32f4xx_rcc.c 0x00000000   Number         0  stm32f4xx_rcc.o ABSOLUTE
    Libraries\\STM32F4xx_StdPeriph_Driver\\src\\stm32f4xx_rng.c 0x00000000   Number         0  stm32f4xx_rng.o ABSOLUTE
    Libraries\\STM32F4xx_StdPeriph_Driver\\src\\stm32f4xx_rtc.c 0x00000000   Number         0  stm32f4xx_rtc.o ABSOLUTE
    Libraries\\STM32F4xx_StdPeriph_Driver\\src\\stm32f4xx_syscfg.c 0x00000000   Number         0  stm32f4xx_syscfg.o ABSOLUTE
    Libraries\\STM32F4xx_StdPeriph_Driver\\src\\stm32f4xx_tim.c 0x00000000   Number         0  stm32f4xx_tim.o ABSOLUTE
    Libraries\\STM32F4xx_StdPeriph_Driver\\src\\stm32f4xx_usart.c 0x00000000   Number         0  stm32f4xx_usart.o ABSOLUTE
    Libraries\\STM32F4xx_StdPeriph_Driver\\src\\stm32f4xx_wwdg.c 0x00000000   Number         0  stm32f4xx_wwdg.o ABSOLUTE
    Public\SysTick.c                         0x00000000   Number         0  systick.o ABSOLUTE
    Public\\SysTick.c                        0x00000000   Number         0  systick.o ABSOLUTE
    Public\\system.c                         0x00000000   Number         0  system.o ABSOLUTE
    Public\\usart.c                          0x00000000   Number         0  usart.o ABSOLUTE
    Public\system.c                          0x00000000   Number         0  system.o ABSOLUTE
    Public\usart.c                           0x00000000   Number         0  usart.o ABSOLUTE
    User\\main.c                             0x00000000   Number         0  main.o ABSOLUTE
    User\\stm32f4xx_it.c                     0x00000000   Number         0  stm32f4xx_it.o ABSOLUTE
    User\main.c                              0x00000000   Number         0  main.o ABSOLUTE
    User\stm32f4xx_it.c                      0x00000000   Number         0  stm32f4xx_it.o ABSOLUTE
    cdrcmple.s                               0x00000000   Number         0  cdrcmple.o ABSOLUTE
    dc.s                                     0x00000000   Number         0  dc.o ABSOLUTE
    handlers.s                               0x00000000   Number         0  handlers.o ABSOLUTE
    init.s                                   0x00000000   Number         0  init.o ABSOLUTE
    .ARM.Collect$$$$00000000                 0x00000188   Section        0  entry.o(.ARM.Collect$$$$00000000)
    .ARM.Collect$$$$00000001                 0x00000188   Section        4  entry2.o(.ARM.Collect$$$$00000001)
    .ARM.Collect$$$$00000004                 0x0000018c   Section        4  entry5.o(.ARM.Collect$$$$00000004)
    .ARM.Collect$$$$00000008                 0x00000190   Section        0  entry7b.o(.ARM.Collect$$$$00000008)
    .ARM.Collect$$$$0000000A                 0x00000190   Section        0  entry8b.o(.ARM.Collect$$$$0000000A)
    .ARM.Collect$$$$0000000B                 0x00000190   Section        8  entry9a.o(.ARM.Collect$$$$0000000B)
    .ARM.Collect$$$$0000000D                 0x00000198   Section        0  entry10a.o(.ARM.Collect$$$$0000000D)
    .ARM.Collect$$$$0000000F                 0x00000198   Section        0  entry11a.o(.ARM.Collect$$$$0000000F)
    .ARM.Collect$$$$00002712                 0x00000198   Section        4  entry2.o(.ARM.Collect$$$$00002712)
    __lit__00000000                          0x00000198   Data           4  entry2.o(.ARM.Collect$$$$00002712)
    .text                                    0x0000019c   Section       36  startup_stm32f40_41xxx.o(.text)
    $v0                                      0x0000019c   Number         0  startup_stm32f40_41xxx.o(.text)
    .text                                    0x000001c0   Section        0  memcpya.o(.text)
    .text                                    0x000001e4   Section        0  memseta.o(.text)
    .text                                    0x00000208   Section        0  memcmp.o(.text)
    .text                                    0x00000222   Section        0  uldiv.o(.text)
    .text                                    0x00000284   Section       36  init.o(.text)
    .text                                    0x000002a8   Section        0  llshl.o(.text)
    .text                                    0x000002c6   Section        0  llushr.o(.text)
    i.ADC_ClearFlag                          0x000002e6   Section        0  stm32f4xx_adc.o(i.ADC_ClearFlag)
    i.ADC_Cmd                                0x000002ec   Section        0  stm32f4xx_adc.o(i.ADC_Cmd)
    i.ADC_CommonInit                         0x00000304   Section        0  stm32f4xx_adc.o(i.ADC_CommonInit)
    i.ADC_CommonStructInit                   0x00000334   Section        0  stm32f4xx_adc.o(i.ADC_CommonStructInit)
    i.ADC_GetConversionValue                 0x00000340   Section        0  stm32f4xx_adc.o(i.ADC_GetConversionValue)
    i.ADC_GetFlagStatus                      0x00000348   Section        0  stm32f4xx_adc.o(i.ADC_GetFlagStatus)
    i.ADC_Init                               0x0000035c   Section        0  stm32f4xx_adc.o(i.ADC_Init)
    i.ADC_RegularChannelConfig               0x000003b0   Section        0  stm32f4xx_adc.o(i.ADC_RegularChannelConfig)
    i.ADC_SoftwareStartConv                  0x00000468   Section        0  stm32f4xx_adc.o(i.ADC_SoftwareStartConv)
    i.ADC_StructInit                         0x00000472   Section        0  stm32f4xx_adc.o(i.ADC_StructInit)
    i.BusFault_Handler                       0x00000486   Section        0  stm32f4xx_it.o(i.BusFault_Handler)
    i.Cal_Crc16                              0x0000048a   Section        0  crc16.o(i.Cal_Crc16)
    i.Cal_Crc16_bit                          0x000004c8   Section        0  crc16.o(i.Cal_Crc16_bit)
    i.DebugMon_Handler                       0x0000050a   Section        0  stm32f4xx_it.o(i.DebugMon_Handler)
    i.GPIO_Init                              0x0000050c   Section        0  stm32f4xx_gpio.o(i.GPIO_Init)
    i.GPIO_PinAFConfig                       0x0000059c   Section        0  stm32f4xx_gpio.o(i.GPIO_PinAFConfig)
    i.GPIO_SetBits                           0x000005e2   Section        0  stm32f4xx_gpio.o(i.GPIO_SetBits)
    i.GPIO_StructInit                        0x000005e6   Section        0  stm32f4xx_gpio.o(i.GPIO_StructInit)
    i.HardFault_Handler                      0x000005f8   Section        0  stm32f4xx_it.o(i.HardFault_Handler)
    i.LED_Init                               0x000005fc   Section        0  led.o(i.LED_Init)
    i.MemManage_Handler                      0x00000654   Section        0  stm32f4xx_it.o(i.MemManage_Handler)
    i.NMI_Handler                            0x00000658   Section        0  stm32f4xx_it.o(i.NMI_Handler)
    i.NVIC_Init                              0x0000065c   Section        0  misc.o(i.NVIC_Init)
    i.NVIC_PriorityGroupConfig               0x000006d4   Section        0  misc.o(i.NVIC_PriorityGroupConfig)
    i.PRB480_ADC_Config                      0x000006e8   Section        0  ds18b20.o(i.PRB480_ADC_Config)
    PRB480_ADC_Config                        0x000006e9   Thumb Code    88  ds18b20.o(i.PRB480_ADC_Config)
    i.PRB480_AdcLogDump                      0x00000744   Section        0  ds18b20.o(i.PRB480_AdcLogDump)
    PRB480_AdcLogDump                        0x00000745   Thumb Code    58  ds18b20.o(i.PRB480_AdcLogDump)
    i.PRB480_AdcLogStart                     0x000007cc   Section        0  ds18b20.o(i.PRB480_AdcLogStart)
    PRB480_AdcLogStart                       0x000007cd   Thumb Code    38  ds18b20.o(i.PRB480_AdcLogStart)
    i.PRB480_BoardInterfaceConfig            0x00000804   Section        0  ds18b20.o(i.PRB480_BoardInterfaceConfig)
    i.PRB480_CalcCRC16                       0x00000890   Section        0  ds18b20.o(i.PRB480_CalcCRC16)
    i.PRB480_CalcCRC8                        0x000008a0   Section        0  ds18b20.o(i.PRB480_CalcCRC8)
    PRB480_CalcCRC8                          0x000008a1   Thumb Code    54  ds18b20.o(i.PRB480_CalcCRC8)
    i.PRB480_CheckAlternatingResponse        0x000008d6   Section        0  ds18b20.o(i.PRB480_CheckAlternatingResponse)
    PRB480_CheckAlternatingResponse          0x000008d7   Thumb Code    30  ds18b20.o(i.PRB480_CheckAlternatingResponse)
    i.PRB480_CheckPostCopyES                 0x000008f4   Section        0  ds18b20.o(i.PRB480_CheckPostCopyES)
    PRB480_CheckPostCopyES                   0x000008f5   Thumb Code    38  ds18b20.o(i.PRB480_CheckPostCopyES)
    i.PRB480_CheckScratchpadES               0x0000091a   Section        0  ds18b20.o(i.PRB480_CheckScratchpadES)
    PRB480_CheckScratchpadES                 0x0000091b   Thumb Code    38  ds18b20.o(i.PRB480_CheckScratchpadES)
    i.PRB480_CheckWriteAddress               0x00000940   Section        0  ds18b20.o(i.PRB480_CheckWriteAddress)
    PRB480_CheckWriteAddress                 0x00000941   Thumb Code    24  ds18b20.o(i.PRB480_CheckWriteAddress)
    i.PRB480_CommandStart                    0x00000958   Section        0  ds18b20.o(i.PRB480_CommandStart)
    PRB480_CommandStart                      0x00000959   Thumb Code    32  ds18b20.o(i.PRB480_CommandStart)
    i.PRB480_CopyScratchpad                  0x00000978   Section        0  ds18b20.o(i.PRB480_CopyScratchpad)
    i.PRB480_CopyScratchpadVerified          0x00000b0c   Section        0  ds18b20.o(i.PRB480_CopyScratchpadVerified)
    i.PRB480_DelayTlow                       0x00000d64   Section        0  ds18b20.o(i.PRB480_DelayTlow)
    PRB480_DelayTlow                         0x00000d65   Thumb Code    24  ds18b20.o(i.PRB480_DelayTlow)
    i.PRB480_GenerateCopyConfigPageMAC       0x00000d7c   Section        0  ds18b20.o(i.PRB480_GenerateCopyConfigPageMAC)
    PRB480_GenerateCopyConfigPageMAC         0x00000d7d   Thumb Code   302  ds18b20.o(i.PRB480_GenerateCopyConfigPageMAC)
    i.PRB480_GenerateCopyDataPageMAC         0x00000eaa   Section        0  ds18b20.o(i.PRB480_GenerateCopyDataPageMAC)
    PRB480_GenerateCopyDataPageMAC           0x00000eab   Thumb Code   228  ds18b20.o(i.PRB480_GenerateCopyDataPageMAC)
    i.PRB480_GenerateCopyMAC                 0x00000f90   Section        0  ds18b20.o(i.PRB480_GenerateCopyMAC)
    PRB480_GenerateCopyMAC                   0x00000f91   Thumb Code    80  ds18b20.o(i.PRB480_GenerateCopyMAC)
    i.PRB480_GenerateReadAuthPageMAC         0x0000100c   Section        0  ds18b20.o(i.PRB480_GenerateReadAuthPageMAC)
    PRB480_GenerateReadAuthPageMAC           0x0000100d   Thumb Code   230  ds18b20.o(i.PRB480_GenerateReadAuthPageMAC)
    i.PRB480_GetCopyTargetArea               0x000010f2   Section        0  ds18b20.o(i.PRB480_GetCopyTargetArea)
    PRB480_GetCopyTargetArea                 0x000010f3   Thumb Code    26  ds18b20.o(i.PRB480_GetCopyTargetArea)
    i.PRB480_IO_ANALOG                       0x0000110c   Section        0  ds18b20.o(i.PRB480_IO_ANALOG)
    PRB480_IO_ANALOG                         0x0000110d   Thumb Code    38  ds18b20.o(i.PRB480_IO_ANALOG)
    i.PRB480_IO_IN                           0x0000113c   Section        0  ds18b20.o(i.PRB480_IO_IN)
    i.PRB480_Init                            0x00001168   Section        0  ds18b20.o(i.PRB480_Init)
    i.PRB480_LoadChallengeScratchpad         0x00001182   Section        0  ds18b20.o(i.PRB480_LoadChallengeScratchpad)
    PRB480_LoadChallengeScratchpad           0x00001183   Thumb Code    60  ds18b20.o(i.PRB480_LoadChallengeScratchpad)
    i.PRB480_LoadFirstSecret                 0x000011c0   Section        0  ds18b20.o(i.PRB480_LoadFirstSecret)
    i.PRB480_MatchROM                        0x000013a4   Section        0  ds18b20.o(i.PRB480_MatchROM)
    i.PRB480_PageStart                       0x000013c2   Section        0  ds18b20.o(i.PRB480_PageStart)
    PRB480_PageStart                         0x000013c3   Thumb Code    10  ds18b20.o(i.PRB480_PageStart)
    i.PRB480_PowerPMOS_Off                   0x000013cc   Section        0  ds18b20.o(i.PRB480_PowerPMOS_Off)
    PRB480_PowerPMOS_Off                     0x000013cd   Thumb Code     8  ds18b20.o(i.PRB480_PowerPMOS_Off)
    i.PRB480_PowerPMOS_On                    0x000013d8   Section        0  ds18b20.o(i.PRB480_PowerPMOS_On)
    PRB480_PowerPMOS_On                      0x000013d9   Thumb Code     8  ds18b20.o(i.PRB480_PowerPMOS_On)
    i.PRB480_ReadAdcRaw                      0x000013e4   Section        0  ds18b20.o(i.PRB480_ReadAdcRaw)
    PRB480_ReadAdcRaw                        0x000013e5   Thumb Code    50  ds18b20.o(i.PRB480_ReadAdcRaw)
    i.PRB480_ReadAuthenticatedPageEx         0x0000141c   Section        0  ds18b20.o(i.PRB480_ReadAuthenticatedPageEx)
    i.PRB480_ReadAuthenticatedPageRaw        0x00001474   Section        0  ds18b20.o(i.PRB480_ReadAuthenticatedPageRaw)
    PRB480_ReadAuthenticatedPageRaw          0x00001475   Thumb Code   336  ds18b20.o(i.PRB480_ReadAuthenticatedPageRaw)
    i.PRB480_ReadBit                         0x000015c4   Section        0  ds18b20.o(i.PRB480_ReadBit)
    i.PRB480_ReadByte                        0x00001650   Section        0  ds18b20.o(i.PRB480_ReadByte)
    i.PRB480_ReadMemory                      0x00001672   Section        0  ds18b20.o(i.PRB480_ReadMemory)
    i.PRB480_ReadROM                         0x000016b4   Section        0  ds18b20.o(i.PRB480_ReadROM)
    i.PRB480_ReadScratchpad                  0x00001794   Section        0  ds18b20.o(i.PRB480_ReadScratchpad)
    i.PRB480_Reset                           0x0000185a   Section        0  ds18b20.o(i.PRB480_Reset)
    i.PRB480_ResponsePMOS_Off                0x00001880   Section        0  ds18b20.o(i.PRB480_ResponsePMOS_Off)
    PRB480_ResponsePMOS_Off                  0x00001881   Thumb Code     8  ds18b20.o(i.PRB480_ResponsePMOS_Off)
    i.PRB480_ResponsePMOS_On                 0x0000188c   Section        0  ds18b20.o(i.PRB480_ResponsePMOS_On)
    PRB480_ResponsePMOS_On                   0x0000188d   Thumb Code     8  ds18b20.o(i.PRB480_ResponsePMOS_On)
    i.PRB480_RunMacCompression               0x00001898   Section        0  ds18b20.o(i.PRB480_RunMacCompression)
    PRB480_RunMacCompression                 0x00001899   Thumb Code   336  ds18b20.o(i.PRB480_RunMacCompression)
    i.PRB480_SkipROM                         0x00001a04   Section        0  ds18b20.o(i.PRB480_SkipROM)
    i.PRB480_StateToBusMAC                   0x00001a0e   Section        0  ds18b20.o(i.PRB480_StateToBusMAC)
    PRB480_StateToBusMAC                     0x00001a0f   Thumb Code    72  ds18b20.o(i.PRB480_StateToBusMAC)
    i.PRB480_VerifyPostCopyScratchpad        0x00001a56   Section        0  ds18b20.o(i.PRB480_VerifyPostCopyScratchpad)
    PRB480_VerifyPostCopyScratchpad          0x00001a57   Thumb Code    96  ds18b20.o(i.PRB480_VerifyPostCopyScratchpad)
    i.PRB480_VerifyReadAuthPageCRC           0x00001ab6   Section        0  ds18b20.o(i.PRB480_VerifyReadAuthPageCRC)
    PRB480_VerifyReadAuthPageCRC             0x00001ab7   Thumb Code    96  ds18b20.o(i.PRB480_VerifyReadAuthPageCRC)
    i.PRB480_VerifyScratchpad                0x00001b16   Section        0  ds18b20.o(i.PRB480_VerifyScratchpad)
    PRB480_VerifyScratchpad                  0x00001b17   Thumb Code   110  ds18b20.o(i.PRB480_VerifyScratchpad)
    i.PRB480_WaitCopyResult                  0x00001b84   Section        0  ds18b20.o(i.PRB480_WaitCopyResult)
    PRB480_WaitCopyResult                    0x00001b85   Thumb Code    66  ds18b20.o(i.PRB480_WaitCopyResult)
    i.PRB480_WriteAndVerifyScratchpad        0x00001bc6   Section        0  ds18b20.o(i.PRB480_WriteAndVerifyScratchpad)
    i.PRB480_WriteBit                        0x00001c16   Section        0  ds18b20.o(i.PRB480_WriteBit)
    i.PRB480_WriteByte                       0x00001c58   Section        0  ds18b20.o(i.PRB480_WriteByte)
    i.PRB480_WriteScratchpad                 0x00001c7c   Section        0  ds18b20.o(i.PRB480_WriteScratchpad)
    i.PendSV_Handler                         0x00001d28   Section        0  stm32f4xx_it.o(i.PendSV_Handler)
    i.RCC_AHB1PeriphClockCmd                 0x00001d2c   Section        0  stm32f4xx_rcc.o(i.RCC_AHB1PeriphClockCmd)
    i.RCC_APB2PeriphClockCmd                 0x00001d4c   Section        0  stm32f4xx_rcc.o(i.RCC_APB2PeriphClockCmd)
    i.RCC_GetClocksFreq                      0x00001d6c   Section        0  stm32f4xx_rcc.o(i.RCC_GetClocksFreq)
    i.SVC_Handler                            0x00001e54   Section        0  stm32f4xx_it.o(i.SVC_Handler)
    i.SetSysClock                            0x00001e58   Section        0  system_stm32f4xx.o(i.SetSysClock)
    SetSysClock                              0x00001e59   Thumb Code   220  system_stm32f4xx.o(i.SetSysClock)
    i.SysTick_CLKSourceConfig                0x00001f44   Section        0  misc.o(i.SysTick_CLKSourceConfig)
    i.SysTick_Handler                        0x00001f6c   Section        0  stm32f4xx_it.o(i.SysTick_Handler)
    i.SysTick_Init                           0x00001f70   Section        0  systick.o(i.SysTick_Init)
    i.SystemInit                             0x00001fac   Section        0  system_stm32f4xx.o(i.SystemInit)
    i.USART1_IRQHandler                      0x00002014   Section        0  usart.o(i.USART1_IRQHandler)
    i.USART1_Init                            0x0000209c   Section        0  usart.o(i.USART1_Init)
    i.USART_ClearFlag                        0x00002150   Section        0  stm32f4xx_usart.o(i.USART_ClearFlag)
    i.USART_Cmd                              0x00002162   Section        0  stm32f4xx_usart.o(i.USART_Cmd)
    i.USART_GetFlagStatus                    0x0000217a   Section        0  stm32f4xx_usart.o(i.USART_GetFlagStatus)
    i.USART_GetITStatus                      0x00002194   Section        0  stm32f4xx_usart.o(i.USART_GetITStatus)
    i.USART_ITConfig                         0x000021e8   Section        0  stm32f4xx_usart.o(i.USART_ITConfig)
    i.USART_Init                             0x00002234   Section        0  stm32f4xx_usart.o(i.USART_Init)
    i.USART_ReceiveData                      0x00002308   Section        0  stm32f4xx_usart.o(i.USART_ReceiveData)
    i.USART_SendData                         0x00002312   Section        0  stm32f4xx_usart.o(i.USART_SendData)
    i.UsageFault_Handler                     0x0000231a   Section        0  stm32f4xx_it.o(i.UsageFault_Handler)
    i.__0printf$8                            0x00002320   Section        0  printf8.o(i.__0printf$8)
    i.__scatterload_copy                     0x00002340   Section       14  handlers.o(i.__scatterload_copy)
    i.__scatterload_null                     0x0000234e   Section        2  handlers.o(i.__scatterload_null)
    i.__scatterload_zeroinit                 0x00002350   Section       14  handlers.o(i.__scatterload_zeroinit)
    i._printf_core                           0x00002360   Section        0  printf8.o(i._printf_core)
    _printf_core                             0x00002361   Thumb Code   996  printf8.o(i._printf_core)
    i._printf_post_padding                   0x00002770   Section        0  printf8.o(i._printf_post_padding)
    _printf_post_padding                     0x00002771   Thumb Code    36  printf8.o(i._printf_post_padding)
    i._printf_pre_padding                    0x00002794   Section        0  printf8.o(i._printf_pre_padding)
    _printf_pre_padding                      0x00002795   Thumb Code    46  printf8.o(i._printf_pre_padding)
    i.delay_ms                               0x000027c2   Section        0  systick.o(i.delay_ms)
    i.delay_nms                              0x000027fc   Section        0  systick.o(i.delay_nms)
    i.delay_us                               0x00002848   Section        0  systick.o(i.delay_us)
    i.fputc                                  0x00002894   Section        0  usart.o(i.fputc)
    i.main                                   0x000028b8   Section        0  main.o(i.main)
    .conststring                             0x00002d74   Section      147  ds18b20.o(.conststring)
    .data                                    0x20000000   Section       16  stm32f4xx_rcc.o(.data)
    APBAHBPrescTable                         0x20000000   Data          16  stm32f4xx_rcc.o(.data)
    .data                                    0x20000010   Section        4  systick.o(.data)
    fac_us                                   0x20000010   Data           1  systick.o(.data)
    fac_ms                                   0x20000012   Data           2  systick.o(.data)
    .data                                    0x20000014   Section        2  usart.o(.data)
    .data                                    0x20000018   Section       23  ds18b20.o(.data)
    PRB480_DqPort                            0x20000018   Data           4  ds18b20.o(.data)
    PRB480_DqClock                           0x2000001c   Data           4  ds18b20.o(.data)
    PRB480_DqPin                             0x20000020   Data           2  ds18b20.o(.data)
    PRB480_RespPin                           0x20000022   Data           2  ds18b20.o(.data)
    PRB480_PowerPin                          0x20000024   Data           2  ds18b20.o(.data)
    PRB480_ReadSampleDelayUs                 0x20000026   Data           1  ds18b20.o(.data)
    PRB480_AdcThreshold                      0x20000028   Data           2  ds18b20.o(.data)
    PRB480_LastReadAdc                       0x2000002a   Data           2  ds18b20.o(.data)
    PRB480_AdcLogIndex                       0x2000002c   Data           1  ds18b20.o(.data)
    PRB480_AdcLogEnabled                     0x2000002d   Data           1  ds18b20.o(.data)
    PRB480_LastCopyStatus                    0x2000002e   Data           1  ds18b20.o(.data)
    .data                                    0x20000030   Section        4  stdout.o(.data)
    .bss                                     0x20000034   Section      200  usart.o(.bss)
    .bss                                     0x200000fc   Section      192  ds18b20.o(.bss)
    PRB480_AdcLog                            0x200000fc   Data         128  ds18b20.o(.bss)
    PRB480_BitLog                            0x2000017c   Data          64  ds18b20.o(.bss)
    STACK                                    0x200001c0   Section     1024  startup_stm32f40_41xxx.o(STACK)

    Global Symbols

    Symbol Name                              Value     Ov Type        Size  Object(Section)

    BuildAttributes$$THM_ISAv4$E$P$D$K$B$S$7EM$VFPi3$EXTD16$VFPS$VFMA$PE$A:L22UL41UL21$X:L11$S22US41US21$IEEE1$IW$USESV6$~STKCKD$USESV7$~SHL$OSPACE$ROPI$EBA8$MICROLIB$REQ8$PRES8$EABIv2 0x00000000   Number         0  anon$$obj.o ABSOLUTE
    __ARM_use_no_argv                        0x00000000   Number         0  main.o ABSOLUTE
    __Vectors                                0x00000000   Data           4  startup_stm32f40_41xxx.o(RESET)
    _printf_a                                0x00000000   Number         0  stubs.o ABSOLUTE
    _printf_c                                0x00000000   Number         0  stubs.o ABSOLUTE
    _printf_charcount                        0x00000000   Number         0  stubs.o ABSOLUTE
    _printf_d                                0x00000000   Number         0  stubs.o ABSOLUTE
    _printf_e                                0x00000000   Number         0  stubs.o ABSOLUTE
    _printf_f                                0x00000000   Number         0  stubs.o ABSOLUTE
    _printf_flags                            0x00000000   Number         0  stubs.o ABSOLUTE
    _printf_fp_dec                           0x00000000   Number         0  stubs.o ABSOLUTE
    _printf_fp_hex                           0x00000000   Number         0  stubs.o ABSOLUTE
    _printf_g                                0x00000000   Number         0  stubs.o ABSOLUTE
    _printf_i                                0x00000000   Number         0  stubs.o ABSOLUTE
    _printf_int_dec                          0x00000000   Number         0  stubs.o ABSOLUTE
    _printf_l                                0x00000000   Number         0  stubs.o ABSOLUTE
    _printf_lc                               0x00000000   Number         0  stubs.o ABSOLUTE
    _printf_ll                               0x00000000   Number         0  stubs.o ABSOLUTE
    _printf_lld                              0x00000000   Number         0  stubs.o ABSOLUTE
    _printf_lli                              0x00000000   Number         0  stubs.o ABSOLUTE
    _printf_llo                              0x00000000   Number         0  stubs.o ABSOLUTE
    _printf_llu                              0x00000000   Number         0  stubs.o ABSOLUTE
    _printf_llx                              0x00000000   Number         0  stubs.o ABSOLUTE
    _printf_longlong_dec                     0x00000000   Number         0  stubs.o ABSOLUTE
    _printf_longlong_hex                     0x00000000   Number         0  stubs.o ABSOLUTE
    _printf_longlong_oct                     0x00000000   Number         0  stubs.o ABSOLUTE
    _printf_ls                               0x00000000   Number         0  stubs.o ABSOLUTE
    _printf_mbtowc                           0x00000000   Number         0  stubs.o ABSOLUTE
    _printf_n                                0x00000000   Number         0  stubs.o ABSOLUTE
    _printf_o                                0x00000000   Number         0  stubs.o ABSOLUTE
    _printf_p                                0x00000000   Number         0  stubs.o ABSOLUTE
    _printf_percent                          0x00000000   Number         0  stubs.o ABSOLUTE
    _printf_pre_padding                      0x00000000   Number         0  stubs.o ABSOLUTE
    _printf_return_value                     0x00000000   Number         0  stubs.o ABSOLUTE
    _printf_s                                0x00000000   Number         0  stubs.o ABSOLUTE
    _printf_sizespec                         0x00000000   Number         0  stubs.o ABSOLUTE
    _printf_str                              0x00000000   Number         0  stubs.o ABSOLUTE
    _printf_truncate_signed                  0x00000000   Number         0  stubs.o ABSOLUTE
    _printf_truncate_unsigned                0x00000000   Number         0  stubs.o ABSOLUTE
    _printf_u                                0x00000000   Number         0  stubs.o ABSOLUTE
    _printf_wc                               0x00000000   Number         0  stubs.o ABSOLUTE
    _printf_wctomb                           0x00000000   Number         0  stubs.o ABSOLUTE
    _printf_widthprec                        0x00000000   Number         0  stubs.o ABSOLUTE
    _printf_x                                0x00000000   Number         0  stubs.o ABSOLUTE
    __cpp_initialize__aeabi_                  - Undefined Weak Reference
    __cxa_finalize                            - Undefined Weak Reference
    __decompress                              - Undefined Weak Reference
    _clock_init                               - Undefined Weak Reference
    _microlib_exit                            - Undefined Weak Reference
    __Vectors_End                            0x00000188   Data           0  startup_stm32f40_41xxx.o(RESET)
    __Vectors_Size                           0x00000188   Number         0  startup_stm32f40_41xxx.o ABSOLUTE
    __main                                   0x00000189   Thumb Code     0  entry.o(.ARM.Collect$$$$00000000)
    _main_stk                                0x00000189   Thumb Code     0  entry2.o(.ARM.Collect$$$$00000001)
    _main_scatterload                        0x0000018d   Thumb Code     0  entry5.o(.ARM.Collect$$$$00000004)
    __main_after_scatterload                 0x00000191   Thumb Code     0  entry5.o(.ARM.Collect$$$$00000004)
    _main_clock                              0x00000191   Thumb Code     0  entry7b.o(.ARM.Collect$$$$00000008)
    _main_cpp_init                           0x00000191   Thumb Code     0  entry8b.o(.ARM.Collect$$$$0000000A)
    _main_init                               0x00000191   Thumb Code     0  entry9a.o(.ARM.Collect$$$$0000000B)
    __rt_final_cpp                           0x00000199   Thumb Code     0  entry10a.o(.ARM.Collect$$$$0000000D)
    __rt_final_exit                          0x00000199   Thumb Code     0  entry11a.o(.ARM.Collect$$$$0000000F)
    Reset_Handler                            0x0000019d   Thumb Code     8  startup_stm32f40_41xxx.o(.text)
    ADC_IRQHandler                           0x000001b7   Thumb Code     0  startup_stm32f40_41xxx.o(.text)
    CAN1_RX0_IRQHandler                      0x000001b7   Thumb Code     0  startup_stm32f40_41xxx.o(.text)
    CAN1_RX1_IRQHandler                      0x000001b7   Thumb Code     0  startup_stm32f40_41xxx.o(.text)
    CAN1_SCE_IRQHandler                      0x000001b7   Thumb Code     0  startup_stm32f40_41xxx.o(.text)
    CAN1_TX_IRQHandler                       0x000001b7   Thumb Code     0  startup_stm32f40_41xxx.o(.text)
    CAN2_RX0_IRQHandler                      0x000001b7   Thumb Code     0  startup_stm32f40_41xxx.o(.text)
    CAN2_RX1_IRQHandler                      0x000001b7   Thumb Code     0  startup_stm32f40_41xxx.o(.text)
    CAN2_SCE_IRQHandler                      0x000001b7   Thumb Code     0  startup_stm32f40_41xxx.o(.text)
    CAN2_TX_IRQHandler                       0x000001b7   Thumb Code     0  startup_stm32f40_41xxx.o(.text)
    CRYP_IRQHandler                          0x000001b7   Thumb Code     0  startup_stm32f40_41xxx.o(.text)
    DCMI_IRQHandler                          0x000001b7   Thumb Code     0  startup_stm32f40_41xxx.o(.text)
    DMA1_Stream0_IRQHandler                  0x000001b7   Thumb Code     0  startup_stm32f40_41xxx.o(.text)
    DMA1_Stream1_IRQHandler                  0x000001b7   Thumb Code     0  startup_stm32f40_41xxx.o(.text)
    DMA1_Stream2_IRQHandler                  0x000001b7   Thumb Code     0  startup_stm32f40_41xxx.o(.text)
    DMA1_Stream3_IRQHandler                  0x000001b7   Thumb Code     0  startup_stm32f40_41xxx.o(.text)
    DMA1_Stream4_IRQHandler                  0x000001b7   Thumb Code     0  startup_stm32f40_41xxx.o(.text)
    DMA1_Stream5_IRQHandler                  0x000001b7   Thumb Code     0  startup_stm32f40_41xxx.o(.text)
    DMA1_Stream6_IRQHandler                  0x000001b7   Thumb Code     0  startup_stm32f40_41xxx.o(.text)
    DMA1_Stream7_IRQHandler                  0x000001b7   Thumb Code     0  startup_stm32f40_41xxx.o(.text)
    DMA2_Stream0_IRQHandler                  0x000001b7   Thumb Code     0  startup_stm32f40_41xxx.o(.text)
    DMA2_Stream1_IRQHandler                  0x000001b7   Thumb Code     0  startup_stm32f40_41xxx.o(.text)
    DMA2_Stream2_IRQHandler                  0x000001b7   Thumb Code     0  startup_stm32f40_41xxx.o(.text)
    DMA2_Stream3_IRQHandler                  0x000001b7   Thumb Code     0  startup_stm32f40_41xxx.o(.text)
    DMA2_Stream4_IRQHandler                  0x000001b7   Thumb Code     0  startup_stm32f40_41xxx.o(.text)
    DMA2_Stream5_IRQHandler                  0x000001b7   Thumb Code     0  startup_stm32f40_41xxx.o(.text)
    DMA2_Stream6_IRQHandler                  0x000001b7   Thumb Code     0  startup_stm32f40_41xxx.o(.text)
    DMA2_Stream7_IRQHandler                  0x000001b7   Thumb Code     0  startup_stm32f40_41xxx.o(.text)
    ETH_IRQHandler                           0x000001b7   Thumb Code     0  startup_stm32f40_41xxx.o(.text)
    ETH_WKUP_IRQHandler                      0x000001b7   Thumb Code     0  startup_stm32f40_41xxx.o(.text)
    EXTI0_IRQHandler                         0x000001b7   Thumb Code     0  startup_stm32f40_41xxx.o(.text)
    EXTI15_10_IRQHandler                     0x000001b7   Thumb Code     0  startup_stm32f40_41xxx.o(.text)
    EXTI1_IRQHandler                         0x000001b7   Thumb Code     0  startup_stm32f40_41xxx.o(.text)
    EXTI2_IRQHandler                         0x000001b7   Thumb Code     0  startup_stm32f40_41xxx.o(.text)
    EXTI3_IRQHandler                         0x000001b7   Thumb Code     0  startup_stm32f40_41xxx.o(.text)
    EXTI4_IRQHandler                         0x000001b7   Thumb Code     0  startup_stm32f40_41xxx.o(.text)
    EXTI9_5_IRQHandler                       0x000001b7   Thumb Code     0  startup_stm32f40_41xxx.o(.text)
    FLASH_IRQHandler                         0x000001b7   Thumb Code     0  startup_stm32f40_41xxx.o(.text)
    FPU_IRQHandler                           0x000001b7   Thumb Code     0  startup_stm32f40_41xxx.o(.text)
    FSMC_IRQHandler                          0x000001b7   Thumb Code     0  startup_stm32f40_41xxx.o(.text)
    HASH_RNG_IRQHandler                      0x000001b7   Thumb Code     0  startup_stm32f40_41xxx.o(.text)
    I2C1_ER_IRQHandler                       0x000001b7   Thumb Code     0  startup_stm32f40_41xxx.o(.text)
    I2C1_EV_IRQHandler                       0x000001b7   Thumb Code     0  startup_stm32f40_41xxx.o(.text)
    I2C2_ER_IRQHandler                       0x000001b7   Thumb Code     0  startup_stm32f40_41xxx.o(.text)
    I2C2_EV_IRQHandler                       0x000001b7   Thumb Code     0  startup_stm32f40_41xxx.o(.text)
    I2C3_ER_IRQHandler                       0x000001b7   Thumb Code     0  startup_stm32f40_41xxx.o(.text)
    I2C3_EV_IRQHandler                       0x000001b7   Thumb Code     0  startup_stm32f40_41xxx.o(.text)
    OTG_FS_IRQHandler                        0x000001b7   Thumb Code     0  startup_stm32f40_41xxx.o(.text)
    OTG_FS_WKUP_IRQHandler                   0x000001b7   Thumb Code     0  startup_stm32f40_41xxx.o(.text)
    OTG_HS_EP1_IN_IRQHandler                 0x000001b7   Thumb Code     0  startup_stm32f40_41xxx.o(.text)
    OTG_HS_EP1_OUT_IRQHandler                0x000001b7   Thumb Code     0  startup_stm32f40_41xxx.o(.text)
    OTG_HS_IRQHandler                        0x000001b7   Thumb Code     0  startup_stm32f40_41xxx.o(.text)
    OTG_HS_WKUP_IRQHandler                   0x000001b7   Thumb Code     0  startup_stm32f40_41xxx.o(.text)
    PVD_IRQHandler                           0x000001b7   Thumb Code     0  startup_stm32f40_41xxx.o(.text)
    RCC_IRQHandler                           0x000001b7   Thumb Code     0  startup_stm32f40_41xxx.o(.text)
    RTC_Alarm_IRQHandler                     0x000001b7   Thumb Code     0  startup_stm32f40_41xxx.o(.text)
    RTC_WKUP_IRQHandler                      0x000001b7   Thumb Code     0  startup_stm32f40_41xxx.o(.text)
    SDIO_IRQHandler                          0x000001b7   Thumb Code     0  startup_stm32f40_41xxx.o(.text)
    SPI1_IRQHandler                          0x000001b7   Thumb Code     0  startup_stm32f40_41xxx.o(.text)
    SPI2_IRQHandler                          0x000001b7   Thumb Code     0  startup_stm32f40_41xxx.o(.text)
    SPI3_IRQHandler                          0x000001b7   Thumb Code     0  startup_stm32f40_41xxx.o(.text)
    TAMP_STAMP_IRQHandler                    0x000001b7   Thumb Code     0  startup_stm32f40_41xxx.o(.text)
    TIM1_BRK_TIM9_IRQHandler                 0x000001b7   Thumb Code     0  startup_stm32f40_41xxx.o(.text)
    TIM1_CC_IRQHandler                       0x000001b7   Thumb Code     0  startup_stm32f40_41xxx.o(.text)
    TIM1_TRG_COM_TIM11_IRQHandler            0x000001b7   Thumb Code     0  startup_stm32f40_41xxx.o(.text)
    TIM1_UP_TIM10_IRQHandler                 0x000001b7   Thumb Code     0  startup_stm32f40_41xxx.o(.text)
    TIM2_IRQHandler                          0x000001b7   Thumb Code     0  startup_stm32f40_41xxx.o(.text)
    TIM3_IRQHandler                          0x000001b7   Thumb Code     0  startup_stm32f40_41xxx.o(.text)
    TIM4_IRQHandler                          0x000001b7   Thumb Code     0  startup_stm32f40_41xxx.o(.text)
    TIM5_IRQHandler                          0x000001b7   Thumb Code     0  startup_stm32f40_41xxx.o(.text)
    TIM6_DAC_IRQHandler                      0x000001b7   Thumb Code     0  startup_stm32f40_41xxx.o(.text)
    TIM7_IRQHandler                          0x000001b7   Thumb Code     0  startup_stm32f40_41xxx.o(.text)
    TIM8_BRK_TIM12_IRQHandler                0x000001b7   Thumb Code     0  startup_stm32f40_41xxx.o(.text)
    TIM8_CC_IRQHandler                       0x000001b7   Thumb Code     0  startup_stm32f40_41xxx.o(.text)
    TIM8_TRG_COM_TIM14_IRQHandler            0x000001b7   Thumb Code     0  startup_stm32f40_41xxx.o(.text)
    TIM8_UP_TIM13_IRQHandler                 0x000001b7   Thumb Code     0  startup_stm32f40_41xxx.o(.text)
    UART4_IRQHandler                         0x000001b7   Thumb Code     0  startup_stm32f40_41xxx.o(.text)
    UART5_IRQHandler                         0x000001b7   Thumb Code     0  startup_stm32f40_41xxx.o(.text)
    USART2_IRQHandler                        0x000001b7   Thumb Code     0  startup_stm32f40_41xxx.o(.text)
    USART3_IRQHandler                        0x000001b7   Thumb Code     0  startup_stm32f40_41xxx.o(.text)
    USART6_IRQHandler                        0x000001b7   Thumb Code     0  startup_stm32f40_41xxx.o(.text)
    WWDG_IRQHandler                          0x000001b7   Thumb Code     0  startup_stm32f40_41xxx.o(.text)
    __aeabi_memcpy                           0x000001c1   Thumb Code    36  memcpya.o(.text)
    __aeabi_memcpy4                          0x000001c1   Thumb Code     0  memcpya.o(.text)
    __aeabi_memcpy8                          0x000001c1   Thumb Code     0  memcpya.o(.text)
    __aeabi_memset                           0x000001e5   Thumb Code    14  memseta.o(.text)
    __aeabi_memset4                          0x000001e5   Thumb Code     0  memseta.o(.text)
    __aeabi_memset8                          0x000001e5   Thumb Code     0  memseta.o(.text)
    __aeabi_memclr                           0x000001f3   Thumb Code     4  memseta.o(.text)
    __aeabi_memclr4                          0x000001f3   Thumb Code     0  memseta.o(.text)
    __aeabi_memclr8                          0x000001f3   Thumb Code     0  memseta.o(.text)
    _memset$wrapper                          0x000001f7   Thumb Code    18  memseta.o(.text)
    memcmp                                   0x00000209   Thumb Code    26  memcmp.o(.text)
    __aeabi_uldivmod                         0x00000223   Thumb Code    98  uldiv.o(.text)
    __scatterload                            0x00000285   Thumb Code    28  init.o(.text)
    __scatterload_rt2                        0x00000285   Thumb Code     0  init.o(.text)
    __aeabi_llsl                             0x000002a9   Thumb Code    30  llshl.o(.text)
    _ll_shift_l                              0x000002a9   Thumb Code     0  llshl.o(.text)
    __aeabi_llsr                             0x000002c7   Thumb Code    32  llushr.o(.text)
    _ll_ushift_r                             0x000002c7   Thumb Code     0  llushr.o(.text)
    ADC_ClearFlag                            0x000002e7   Thumb Code     6  stm32f4xx_adc.o(i.ADC_ClearFlag)
    ADC_Cmd                                  0x000002ed   Thumb Code    22  stm32f4xx_adc.o(i.ADC_Cmd)
    ADC_CommonInit                           0x00000305   Thumb Code    34  stm32f4xx_adc.o(i.ADC_CommonInit)
    ADC_CommonStructInit                     0x00000335   Thumb Code    12  stm32f4xx_adc.o(i.ADC_CommonStructInit)
    ADC_GetConversionValue                   0x00000341   Thumb Code     8  stm32f4xx_adc.o(i.ADC_GetConversionValue)
    ADC_GetFlagStatus                        0x00000349   Thumb Code    18  stm32f4xx_adc.o(i.ADC_GetFlagStatus)
    ADC_Init                                 0x0000035d   Thumb Code    74  stm32f4xx_adc.o(i.ADC_Init)
    ADC_RegularChannelConfig                 0x000003b1   Thumb Code   184  stm32f4xx_adc.o(i.ADC_RegularChannelConfig)
    ADC_SoftwareStartConv                    0x00000469   Thumb Code    10  stm32f4xx_adc.o(i.ADC_SoftwareStartConv)
    ADC_StructInit                           0x00000473   Thumb Code    20  stm32f4xx_adc.o(i.ADC_StructInit)
    BusFault_Handler                         0x00000487   Thumb Code     4  stm32f4xx_it.o(i.BusFault_Handler)
    Cal_Crc16                                0x0000048b   Thumb Code    62  crc16.o(i.Cal_Crc16)
    Cal_Crc16_bit                            0x000004c9   Thumb Code    66  crc16.o(i.Cal_Crc16_bit)
    DebugMon_Handler                         0x0000050b   Thumb Code     2  stm32f4xx_it.o(i.DebugMon_Handler)
    GPIO_Init                                0x0000050d   Thumb Code   144  stm32f4xx_gpio.o(i.GPIO_Init)
    GPIO_PinAFConfig                         0x0000059d   Thumb Code    70  stm32f4xx_gpio.o(i.GPIO_PinAFConfig)
    GPIO_SetBits                             0x000005e3   Thumb Code     4  stm32f4xx_gpio.o(i.GPIO_SetBits)
    GPIO_StructInit                          0x000005e7   Thumb Code    18  stm32f4xx_gpio.o(i.GPIO_StructInit)
    HardFault_Handler                        0x000005f9   Thumb Code     4  stm32f4xx_it.o(i.HardFault_Handler)
    LED_Init                                 0x000005fd   Thumb Code    82  led.o(i.LED_Init)
    MemManage_Handler                        0x00000655   Thumb Code     4  stm32f4xx_it.o(i.MemManage_Handler)
    NMI_Handler                              0x00000659   Thumb Code     2  stm32f4xx_it.o(i.NMI_Handler)
    NVIC_Init                                0x0000065d   Thumb Code   106  misc.o(i.NVIC_Init)
    NVIC_PriorityGroupConfig                 0x000006d5   Thumb Code    10  misc.o(i.NVIC_PriorityGroupConfig)
    PRB480_BoardInterfaceConfig              0x00000805   Thumb Code   108  ds18b20.o(i.PRB480_BoardInterfaceConfig)
    PRB480_CalcCRC16                         0x00000891   Thumb Code    16  ds18b20.o(i.PRB480_CalcCRC16)
    PRB480_CopyScratchpad                    0x00000979   Thumb Code   262  ds18b20.o(i.PRB480_CopyScratchpad)
    PRB480_CopyScratchpadVerified            0x00000b0d   Thumb Code   470  ds18b20.o(i.PRB480_CopyScratchpadVerified)
    PRB480_IO_IN                             0x0000113d   Thumb Code    36  ds18b20.o(i.PRB480_IO_IN)
    PRB480_Init                              0x00001169   Thumb Code    26  ds18b20.o(i.PRB480_Init)
    PRB480_LoadFirstSecret                   0x000011c1   Thumb Code   330  ds18b20.o(i.PRB480_LoadFirstSecret)
    PRB480_MatchROM                          0x000013a5   Thumb Code    30  ds18b20.o(i.PRB480_MatchROM)
    PRB480_ReadAuthenticatedPageEx           0x0000141d   Thumb Code    88  ds18b20.o(i.PRB480_ReadAuthenticatedPageEx)
    PRB480_ReadBit                           0x000015c5   Thumb Code   116  ds18b20.o(i.PRB480_ReadBit)
    PRB480_ReadByte                          0x00001651   Thumb Code    34  ds18b20.o(i.PRB480_ReadByte)
    PRB480_ReadMemory                        0x00001673   Thumb Code    66  ds18b20.o(i.PRB480_ReadMemory)
    PRB480_ReadROM                           0x000016b5   Thumb Code   136  ds18b20.o(i.PRB480_ReadROM)
    PRB480_ReadScratchpad                    0x00001795   Thumb Code   198  ds18b20.o(i.PRB480_ReadScratchpad)
    PRB480_Reset                             0x0000185b   Thumb Code    36  ds18b20.o(i.PRB480_Reset)
    PRB480_SkipROM                           0x00001a05   Thumb Code    10  ds18b20.o(i.PRB480_SkipROM)
    PRB480_WriteAndVerifyScratchpad          0x00001bc7   Thumb Code    80  ds18b20.o(i.PRB480_WriteAndVerifyScratchpad)
    PRB480_WriteBit                          0x00001c17   Thumb Code    66  ds18b20.o(i.PRB480_WriteBit)
    PRB480_WriteByte                         0x00001c59   Thumb Code    36  ds18b20.o(i.PRB480_WriteByte)
    PRB480_WriteScratchpad                   0x00001c7d   Thumb Code   172  ds18b20.o(i.PRB480_WriteScratchpad)
    PendSV_Handler                           0x00001d29   Thumb Code     2  stm32f4xx_it.o(i.PendSV_Handler)
    RCC_AHB1PeriphClockCmd                   0x00001d2d   Thumb Code    26  stm32f4xx_rcc.o(i.RCC_AHB1PeriphClockCmd)
    RCC_APB2PeriphClockCmd                   0x00001d4d   Thumb Code    26  stm32f4xx_rcc.o(i.RCC_APB2PeriphClockCmd)
    RCC_GetClocksFreq                        0x00001d6d   Thumb Code   214  stm32f4xx_rcc.o(i.RCC_GetClocksFreq)
    SVC_Handler                              0x00001e55   Thumb Code     2  stm32f4xx_it.o(i.SVC_Handler)
    SysTick_CLKSourceConfig                  0x00001f45   Thumb Code    40  misc.o(i.SysTick_CLKSourceConfig)
    SysTick_Handler                          0x00001f6d   Thumb Code     2  stm32f4xx_it.o(i.SysTick_Handler)
    SysTick_Init                             0x00001f71   Thumb Code    52  systick.o(i.SysTick_Init)
    SystemInit                               0x00001fad   Thumb Code    88  system_stm32f4xx.o(i.SystemInit)
    USART1_IRQHandler                        0x00002015   Thumb Code   122  usart.o(i.USART1_IRQHandler)
    USART1_Init                              0x0000209d   Thumb Code   172  usart.o(i.USART1_Init)
    USART_ClearFlag                          0x00002151   Thumb Code    18  stm32f4xx_usart.o(i.USART_ClearFlag)
    USART_Cmd                                0x00002163   Thumb Code    24  stm32f4xx_usart.o(i.USART_Cmd)
    USART_GetFlagStatus                      0x0000217b   Thumb Code    26  stm32f4xx_usart.o(i.USART_GetFlagStatus)
    USART_GetITStatus                        0x00002195   Thumb Code    84  stm32f4xx_usart.o(i.USART_GetITStatus)
    USART_ITConfig                           0x000021e9   Thumb Code    74  stm32f4xx_usart.o(i.USART_ITConfig)
    USART_Init                               0x00002235   Thumb Code   204  stm32f4xx_usart.o(i.USART_Init)
    USART_ReceiveData                        0x00002309   Thumb Code    10  stm32f4xx_usart.o(i.USART_ReceiveData)
    USART_SendData                           0x00002313   Thumb Code     8  stm32f4xx_usart.o(i.USART_SendData)
    UsageFault_Handler                       0x0000231b   Thumb Code     4  stm32f4xx_it.o(i.UsageFault_Handler)
    __0printf$8                              0x00002321   Thumb Code    22  printf8.o(i.__0printf$8)
    __1printf$8                              0x00002321   Thumb Code     0  printf8.o(i.__0printf$8)
    __2printf                                0x00002321   Thumb Code     0  printf8.o(i.__0printf$8)
    __scatterload_copy                       0x00002341   Thumb Code    14  handlers.o(i.__scatterload_copy)
    __scatterload_null                       0x0000234f   Thumb Code     2  handlers.o(i.__scatterload_null)
    __scatterload_zeroinit                   0x00002351   Thumb Code    14  handlers.o(i.__scatterload_zeroinit)
    delay_ms                                 0x000027c3   Thumb Code    56  systick.o(i.delay_ms)
    delay_nms                                0x000027fd   Thumb Code    72  systick.o(i.delay_nms)
    delay_us                                 0x00002849   Thumb Code    72  systick.o(i.delay_us)
    fputc                                    0x00002895   Thumb Code    32  usart.o(i.fputc)
    main                                     0x000028b9   Thumb Code   644  main.o(i.main)
    Region$$Table$$Base                      0x00002e08   Number         0  anon$$obj.o(Region$$Table)
    Region$$Table$$Limit                     0x00002e28   Number         0  anon$$obj.o(Region$$Table)
    USART1_RX_STA                            0x20000014   Data           2  usart.o(.data)
    __stdout                                 0x20000030   Data           4  stdout.o(.data)
    USART1_RX_BUF                            0x20000034   Data         200  usart.o(.bss)
    __initial_sp                             0x200005c0   Data           0  startup_stm32f40_41xxx.o(STACK)



==============================================================================

Memory Map of the image

  Image Entry point : 0x00000189

  Load Region LR_IROM1 (Base: 0x00000000, Size: 0x00002e5c, Max: 0x00040000, ABSOLUTE)

    Execution Region ER_IROM1 (Exec base: 0x00000000, Load base: 0x00000000, Size: 0x00002e28, Max: 0x00040000, ABSOLUTE)

    Exec Addr    Load Addr    Size         Type   Attr      Idx    E Section Name        Object

    0x00000000   0x00000000   0x00000188   Data   RO          251    RESET               startup_stm32f40_41xxx.o
    0x00000188   0x00000188   0x00000000   Code   RO         3451  * .ARM.Collect$$$$00000000  mc_w.l(entry.o)
    0x00000188   0x00000188   0x00000004   Code   RO         3723    .ARM.Collect$$$$00000001  mc_w.l(entry2.o)
    0x0000018c   0x0000018c   0x00000004   Code   RO         3726    .ARM.Collect$$$$00000004  mc_w.l(entry5.o)
    0x00000190   0x00000190   0x00000000   Code   RO         3728    .ARM.Collect$$$$00000008  mc_w.l(entry7b.o)
    0x00000190   0x00000190   0x00000000   Code   RO         3730    .ARM.Collect$$$$0000000A  mc_w.l(entry8b.o)
    0x00000190   0x00000190   0x00000008   Code   RO         3731    .ARM.Collect$$$$0000000B  mc_w.l(entry9a.o)
    0x00000198   0x00000198   0x00000000   Code   RO         3733    .ARM.Collect$$$$0000000D  mc_w.l(entry10a.o)
    0x00000198   0x00000198   0x00000000   Code   RO         3735    .ARM.Collect$$$$0000000F  mc_w.l(entry11a.o)
    0x00000198   0x00000198   0x00000004   Code   RO         3724    .ARM.Collect$$$$00002712  mc_w.l(entry2.o)
    0x0000019c   0x0000019c   0x00000024   Code   RO          252    .text               startup_stm32f40_41xxx.o
    0x000001c0   0x000001c0   0x00000024   Code   RO         3454    .text               mc_w.l(memcpya.o)
    0x000001e4   0x000001e4   0x00000024   Code   RO         3456    .text               mc_w.l(memseta.o)
    0x00000208   0x00000208   0x0000001a   Code   RO         3458    .text               mc_w.l(memcmp.o)
    0x00000222   0x00000222   0x00000062   Code   RO         3740    .text               mc_w.l(uldiv.o)
    0x00000284   0x00000284   0x00000024   Code   RO         3753    .text               mc_w.l(init.o)
    0x000002a8   0x000002a8   0x0000001e   Code   RO         3755    .text               mc_w.l(llshl.o)
    0x000002c6   0x000002c6   0x00000020   Code   RO         3757    .text               mc_w.l(llushr.o)
    0x000002e6   0x000002e6   0x00000006   Code   RO         1935    i.ADC_ClearFlag     stm32f4xx_adc.o
    0x000002ec   0x000002ec   0x00000016   Code   RO         1937    i.ADC_Cmd           stm32f4xx_adc.o
    0x00000302   0x00000302   0x00000002   PAD
    0x00000304   0x00000304   0x00000030   Code   RO         1938    i.ADC_CommonInit    stm32f4xx_adc.o
    0x00000334   0x00000334   0x0000000c   Code   RO         1939    i.ADC_CommonStructInit  stm32f4xx_adc.o
    0x00000340   0x00000340   0x00000008   Code   RO         1949    i.ADC_GetConversionValue  stm32f4xx_adc.o
    0x00000348   0x00000348   0x00000012   Code   RO         1950    i.ADC_GetFlagStatus  stm32f4xx_adc.o
    0x0000035a   0x0000035a   0x00000002   PAD
    0x0000035c   0x0000035c   0x00000054   Code   RO         1957    i.ADC_Init          stm32f4xx_adc.o
    0x000003b0   0x000003b0   0x000000b8   Code   RO         1962    i.ADC_RegularChannelConfig  stm32f4xx_adc.o
    0x00000468   0x00000468   0x0000000a   Code   RO         1964    i.ADC_SoftwareStartConv  stm32f4xx_adc.o
    0x00000472   0x00000472   0x00000014   Code   RO         1966    i.ADC_StructInit    stm32f4xx_adc.o
    0x00000486   0x00000486   0x00000004   Code   RO          155    i.BusFault_Handler  stm32f4xx_it.o
    0x0000048a   0x0000048a   0x0000003e   Code   RO         3370    i.Cal_Crc16         crc16.o
    0x000004c8   0x000004c8   0x00000042   Code   RO         3371    i.Cal_Crc16_bit     crc16.o
    0x0000050a   0x0000050a   0x00000002   Code   RO          156    i.DebugMon_Handler  stm32f4xx_it.o
    0x0000050c   0x0000050c   0x00000090   Code   RO          260    i.GPIO_Init         stm32f4xx_gpio.o
    0x0000059c   0x0000059c   0x00000046   Code   RO          261    i.GPIO_PinAFConfig  stm32f4xx_gpio.o
    0x000005e2   0x000005e2   0x00000004   Code   RO          268    i.GPIO_SetBits      stm32f4xx_gpio.o
    0x000005e6   0x000005e6   0x00000012   Code   RO          269    i.GPIO_StructInit   stm32f4xx_gpio.o
    0x000005f8   0x000005f8   0x00000004   Code   RO          157    i.HardFault_Handler  stm32f4xx_it.o
    0x000005fc   0x000005fc   0x00000058   Code   RO         2939    i.LED_Init          led.o
    0x00000654   0x00000654   0x00000004   Code   RO          158    i.MemManage_Handler  stm32f4xx_it.o
    0x00000658   0x00000658   0x00000002   Code   RO          159    i.NMI_Handler       stm32f4xx_it.o
    0x0000065a   0x0000065a   0x00000002   PAD
    0x0000065c   0x0000065c   0x00000078   Code   RO          759    i.NVIC_Init         misc.o
    0x000006d4   0x000006d4   0x00000014   Code   RO          760    i.NVIC_PriorityGroupConfig  misc.o
    0x000006e8   0x000006e8   0x0000005c   Code   RO         2966    i.PRB480_ADC_Config  ds18b20.o
    0x00000744   0x00000744   0x00000088   Code   RO         2967    i.PRB480_AdcLogDump  ds18b20.o
    0x000007cc   0x000007cc   0x00000038   Code   RO         2968    i.PRB480_AdcLogStart  ds18b20.o
    0x00000804   0x00000804   0x0000008c   Code   RO         2969    i.PRB480_BoardInterfaceConfig  ds18b20.o
    0x00000890   0x00000890   0x00000010   Code   RO         2970    i.PRB480_CalcCRC16  ds18b20.o
    0x000008a0   0x000008a0   0x00000036   Code   RO         2971    i.PRB480_CalcCRC8   ds18b20.o
    0x000008d6   0x000008d6   0x0000001e   Code   RO         2973    i.PRB480_CheckAlternatingResponse  ds18b20.o
    0x000008f4   0x000008f4   0x00000026   Code   RO         2975    i.PRB480_CheckPostCopyES  ds18b20.o
    0x0000091a   0x0000091a   0x00000026   Code   RO         2976    i.PRB480_CheckScratchpadES  ds18b20.o
    0x00000940   0x00000940   0x00000018   Code   RO         2977    i.PRB480_CheckWriteAddress  ds18b20.o
    0x00000958   0x00000958   0x00000020   Code   RO         2978    i.PRB480_CommandStart  ds18b20.o
    0x00000978   0x00000978   0x00000194   Code   RO         2980    i.PRB480_CopyScratchpad  ds18b20.o
    0x00000b0c   0x00000b0c   0x00000258   Code   RO         2981    i.PRB480_CopyScratchpadVerified  ds18b20.o
    0x00000d64   0x00000d64   0x00000018   Code   RO         2984    i.PRB480_DelayTlow  ds18b20.o
    0x00000d7c   0x00000d7c   0x0000012e   Code   RO         2986    i.PRB480_GenerateCopyConfigPageMAC  ds18b20.o
    0x00000eaa   0x00000eaa   0x000000e4   Code   RO         2987    i.PRB480_GenerateCopyDataPageMAC  ds18b20.o
    0x00000f8e   0x00000f8e   0x00000002   PAD
    0x00000f90   0x00000f90   0x0000007c   Code   RO         2988    i.PRB480_GenerateCopyMAC  ds18b20.o
    0x0000100c   0x0000100c   0x000000e6   Code   RO         2989    i.PRB480_GenerateReadAuthPageMAC  ds18b20.o
    0x000010f2   0x000010f2   0x0000001a   Code   RO         2990    i.PRB480_GetCopyTargetArea  ds18b20.o
    0x0000110c   0x0000110c   0x00000030   Code   RO         2992    i.PRB480_IO_ANALOG  ds18b20.o
    0x0000113c   0x0000113c   0x0000002c   Code   RO         2993    i.PRB480_IO_IN      ds18b20.o
    0x00001168   0x00001168   0x0000001a   Code   RO         2995    i.PRB480_Init       ds18b20.o
    0x00001182   0x00001182   0x0000003c   Code   RO         2996    i.PRB480_LoadChallengeScratchpad  ds18b20.o
    0x000011be   0x000011be   0x00000002   PAD
    0x000011c0   0x000011c0   0x000001e4   Code   RO         2997    i.PRB480_LoadFirstSecret  ds18b20.o
    0x000013a4   0x000013a4   0x0000001e   Code   RO         2999    i.PRB480_MatchROM   ds18b20.o
    0x000013c2   0x000013c2   0x0000000a   Code   RO         3000    i.PRB480_PageStart  ds18b20.o
    0x000013cc   0x000013cc   0x0000000c   Code   RO         3001    i.PRB480_PowerPMOS_Off  ds18b20.o
    0x000013d8   0x000013d8   0x0000000c   Code   RO         3002    i.PRB480_PowerPMOS_On  ds18b20.o
    0x000013e4   0x000013e4   0x00000038   Code   RO         3003    i.PRB480_ReadAdcRaw  ds18b20.o
    0x0000141c   0x0000141c   0x00000058   Code   RO         3006    i.PRB480_ReadAuthenticatedPageEx  ds18b20.o
    0x00001474   0x00001474   0x00000150   Code   RO         3007    i.PRB480_ReadAuthenticatedPageRaw  ds18b20.o
    0x000015c4   0x000015c4   0x0000008c   Code   RO         3008    i.PRB480_ReadBit    ds18b20.o
    0x00001650   0x00001650   0x00000022   Code   RO         3009    i.PRB480_ReadByte   ds18b20.o
    0x00001672   0x00001672   0x00000042   Code   RO         3010    i.PRB480_ReadMemory  ds18b20.o
    0x000016b4   0x000016b4   0x000000e0   Code   RO         3011    i.PRB480_ReadROM    ds18b20.o
    0x00001794   0x00001794   0x000000c6   Code   RO         3012    i.PRB480_ReadScratchpad  ds18b20.o
    0x0000185a   0x0000185a   0x00000024   Code   RO         3013    i.PRB480_Reset      ds18b20.o
    0x0000187e   0x0000187e   0x00000002   PAD
    0x00001880   0x00001880   0x0000000c   Code   RO         3014    i.PRB480_ResponsePMOS_Off  ds18b20.o
    0x0000188c   0x0000188c   0x0000000c   Code   RO         3015    i.PRB480_ResponsePMOS_On  ds18b20.o
    0x00001898   0x00001898   0x0000016c   Code   RO         3016    i.PRB480_RunMacCompression  ds18b20.o
    0x00001a04   0x00001a04   0x0000000a   Code   RO         3020    i.PRB480_SkipROM    ds18b20.o
    0x00001a0e   0x00001a0e   0x00000048   Code   RO         3021    i.PRB480_StateToBusMAC  ds18b20.o
    0x00001a56   0x00001a56   0x00000060   Code   RO         3022    i.PRB480_VerifyPostCopyScratchpad  ds18b20.o
    0x00001ab6   0x00001ab6   0x00000060   Code   RO         3023    i.PRB480_VerifyReadAuthPageCRC  ds18b20.o
    0x00001b16   0x00001b16   0x0000006e   Code   RO         3024    i.PRB480_VerifyScratchpad  ds18b20.o
    0x00001b84   0x00001b84   0x00000042   Code   RO         3026    i.PRB480_WaitCopyResult  ds18b20.o
    0x00001bc6   0x00001bc6   0x00000050   Code   RO         3028    i.PRB480_WriteAndVerifyScratchpad  ds18b20.o
    0x00001c16   0x00001c16   0x00000042   Code   RO         3030    i.PRB480_WriteBit   ds18b20.o
    0x00001c58   0x00001c58   0x00000024   Code   RO         3031    i.PRB480_WriteByte  ds18b20.o
    0x00001c7c   0x00001c7c   0x000000ac   Code   RO         3032    i.PRB480_WriteScratchpad  ds18b20.o
    0x00001d28   0x00001d28   0x00000002   Code   RO          160    i.PendSV_Handler    stm32f4xx_it.o
    0x00001d2a   0x00001d2a   0x00000002   PAD
    0x00001d2c   0x00001d2c   0x00000020   Code   RO          361    i.RCC_AHB1PeriphClockCmd  stm32f4xx_rcc.o
    0x00001d4c   0x00001d4c   0x00000020   Code   RO          373    i.RCC_APB2PeriphClockCmd  stm32f4xx_rcc.o
    0x00001d6c   0x00001d6c   0x000000e8   Code   RO          382    i.RCC_GetClocksFreq  stm32f4xx_rcc.o
    0x00001e54   0x00001e54   0x00000002   Code   RO          161    i.SVC_Handler       stm32f4xx_it.o
    0x00001e56   0x00001e56   0x00000002   PAD
    0x00001e58   0x00001e58   0x000000ec   Code   RO         2787    i.SetSysClock       system_stm32f4xx.o
    0x00001f44   0x00001f44   0x00000028   Code   RO          763    i.SysTick_CLKSourceConfig  misc.o
    0x00001f6c   0x00001f6c   0x00000002   Code   RO          162    i.SysTick_Handler   stm32f4xx_it.o
    0x00001f6e   0x00001f6e   0x00000002   PAD
    0x00001f70   0x00001f70   0x0000003c   Code   RO         2849    i.SysTick_Init      systick.o
    0x00001fac   0x00001fac   0x00000068   Code   RO         2789    i.SystemInit        system_stm32f4xx.o
    0x00002014   0x00002014   0x00000088   Code   RO         2896    i.USART1_IRQHandler  usart.o
    0x0000209c   0x0000209c   0x000000b4   Code   RO         2897    i.USART1_Init       usart.o
    0x00002150   0x00002150   0x00000012   Code   RO         1439    i.USART_ClearFlag   stm32f4xx_usart.o
    0x00002162   0x00002162   0x00000018   Code   RO         1443    i.USART_Cmd         stm32f4xx_usart.o
    0x0000217a   0x0000217a   0x0000001a   Code   RO         1446    i.USART_GetFlagStatus  stm32f4xx_usart.o
    0x00002194   0x00002194   0x00000054   Code   RO         1447    i.USART_GetITStatus  stm32f4xx_usart.o
    0x000021e8   0x000021e8   0x0000004a   Code   RO         1449    i.USART_ITConfig    stm32f4xx_usart.o
    0x00002232   0x00002232   0x00000002   PAD
    0x00002234   0x00002234   0x000000d4   Code   RO         1450    i.USART_Init        stm32f4xx_usart.o
    0x00002308   0x00002308   0x0000000a   Code   RO         1457    i.USART_ReceiveData  stm32f4xx_usart.o
    0x00002312   0x00002312   0x00000008   Code   RO         1460    i.USART_SendData    stm32f4xx_usart.o
    0x0000231a   0x0000231a   0x00000004   Code   RO          163    i.UsageFault_Handler  stm32f4xx_it.o
    0x0000231e   0x0000231e   0x00000002   PAD
    0x00002320   0x00002320   0x00000020   Code   RO         3669    i.__0printf$8       mc_w.l(printf8.o)
    0x00002340   0x00002340   0x0000000e   Code   RO         3765    i.__scatterload_copy  mc_w.l(handlers.o)
    0x0000234e   0x0000234e   0x00000002   Code   RO         3766    i.__scatterload_null  mc_w.l(handlers.o)
    0x00002350   0x00002350   0x0000000e   Code   RO         3767    i.__scatterload_zeroinit  mc_w.l(handlers.o)
    0x0000235e   0x0000235e   0x00000002   PAD
    0x00002360   0x00002360   0x00000410   Code   RO         3676    i._printf_core      mc_w.l(printf8.o)
    0x00002770   0x00002770   0x00000024   Code   RO         3677    i._printf_post_padding  mc_w.l(printf8.o)
    0x00002794   0x00002794   0x0000002e   Code   RO         3678    i._printf_pre_padding  mc_w.l(printf8.o)
    0x000027c2   0x000027c2   0x00000038   Code   RO         2850    i.delay_ms          systick.o
    0x000027fa   0x000027fa   0x00000002   PAD
    0x000027fc   0x000027fc   0x0000004c   Code   RO         2851    i.delay_nms         systick.o
    0x00002848   0x00002848   0x0000004c   Code   RO         2852    i.delay_us          systick.o
    0x00002894   0x00002894   0x00000024   Code   RO         2898    i.fputc             usart.o
    0x000028b8   0x000028b8   0x000004bc   Code   RO            4    i.main              main.o
    0x00002d74   0x00002d74   0x00000093   Data   RO         3034    .conststring        ds18b20.o
    0x00002e07   0x00002e07   0x00000001   PAD
    0x00002e08   0x00002e08   0x00000020   Data   RO         3763    Region$$Table       anon$$obj.o


    Execution Region RW_IRAM1 (Exec base: 0x20000000, Load base: 0x00002e28, Size: 0x000005c0, Max: 0x00020000, ABSOLUTE)

    Exec Addr    Load Addr    Size         Type   Attr      Idx    E Section Name        Object

    0x20000000   0x00002e28   0x00000010   Data   RW          414    .data               stm32f4xx_rcc.o
    0x20000010   0x00002e38   0x00000004   Data   RW         2853    .data               systick.o
    0x20000014   0x00002e3c   0x00000002   Data   RW         2900    .data               usart.o
    0x20000016   0x00002e3e   0x00000002   PAD
    0x20000018   0x00002e40   0x00000017   Data   RW         3035    .data               ds18b20.o
    0x2000002f   0x00002e57   0x00000001   PAD
    0x20000030   0x00002e58   0x00000004   Data   RW         3737    .data               mc_w.l(stdout.o)
    0x20000034        -       0x000000c8   Zero   RW         2899    .bss                usart.o
    0x200000fc        -       0x000000c0   Zero   RW         3033    .bss                ds18b20.o
    0x200001bc   0x00002e5c   0x00000004   PAD
    0x200001c0        -       0x00000400   Zero   RW          249    STACK               startup_stm32f40_41xxx.o


==============================================================================

Image component sizes


      Code (inc. data)   RO Data    RW Data    ZI Data      Debug   Object Name

       128          0          0          0          0       1640   crc16.o
      5690        782        147         23        192      39554   ds18b20.o
        88          6          0          0          0        551   led.o
      1212        568          0          0          0     286087   main.o
       180         24          0          0          0       2417   misc.o
        36          8        392          0       1024        876   startup_stm32f40_41xxx.o
       412         24          0          0          0       8066   stm32f4xx_adc.o
       236          0          0          0          0       3268   stm32f4xx_gpio.o
        26          0          0          0          0       4334   stm32f4xx_it.o
       296         30          0         16          0       4414   stm32f4xx_rcc.o
       456          8          0          0          0       6767   stm32f4xx_usart.o
       340         32          0          0          0       1641   system_stm32f4xx.o
       268         16          0          4          0       2565   systick.o
       352         26          0          2        200       2544   usart.o

    ----------------------------------------------------------------------
      9744       1524        572         48       1420     364724   Object Totals
         0          0         32          0          0          0   (incl. Generated)
        24          0          1          3          4          0   (incl. Padding)

    ----------------------------------------------------------------------

      Code (inc. data)   RO Data    RW Data    ZI Data      Debug   Library Member Name

         0          0          0          0          0          0   entry.o
         0          0          0          0          0          0   entry10a.o
         0          0          0          0          0          0   entry11a.o
         8          4          0          0          0          0   entry2.o
         4          0          0          0          0          0   entry5.o
         0          0          0          0          0          0   entry7b.o
         0          0          0          0          0          0   entry8b.o
         8          4          0          0          0          0   entry9a.o
        30          0          0          0          0          0   handlers.o
        36          8          0          0          0         68   init.o
        30          0          0          0          0         68   llshl.o
        32          0          0          0          0         68   llushr.o
        26          0          0          0          0         80   memcmp.o
        36          0          0          0          0         68   memcpya.o
        36          0          0          0          0        108   memseta.o
      1154         54          0          0          0        352   printf8.o
         0          0          0          4          0          0   stdout.o
        98          0          0          0          0         92   uldiv.o

    ----------------------------------------------------------------------
      1500         70          0          4          0        904   Library Totals
         2          0          0          0          0          0   (incl. Padding)

    ----------------------------------------------------------------------

      Code (inc. data)   RO Data    RW Data    ZI Data      Debug   Library Name

      1498         70          0          4          0        904   mc_w.l

    ----------------------------------------------------------------------
      1500         70          0          4          0        904   Library Totals

    ----------------------------------------------------------------------

==============================================================================


      Code (inc. data)   RO Data    RW Data    ZI Data      Debug   

     11244       1594        572         52       1420     355916   Grand Totals
     11244       1594        572         52       1420     355916   ELF Image Totals
     11244       1594        572         52          0          0   ROM Totals

==============================================================================

    Total RO  Size (Code + RO Data)                11816 (  11.54kB)
    Total RW  Size (RW Data + ZI Data)              1472 (   1.44kB)
    Total ROM Size (Code + RO Data + RW Data)      11868 (  11.59kB)

==============================================================================

