<!doctype html public "-//w3c//dtd html 4.0 transitional//en">
<html><head>
<title>Static Call Graph - [.\Output\Debug\Project.axf]</title></head>
<body><HR>
<H1>Static Call Graph for image .\Output\Debug\Project.axf</H1><HR>
<BR><P>#&#060CALLGRAPH&#062# ARM Linker, 5060528: Last Updated: Fri Aug 07 10:30:39 2026
<BR><P>
<H3>Maximum Stack Usage =       1024 bytes + Unknown(Cycles, Untraceable Function Pointers)</H3><H3>
Call chain for Maximum Stack Depth:</H3>
main &rArr; PRB480_CopyScratchpadVerified &rArr; PRB480_GenerateCopyMAC &rArr; PRB480_GenerateCopyDataPageMAC &rArr; PRB480_RunMacCompression
<P>
<H3>
Mutually Recursive functions
</H3> <LI><a href="#[c]">ADC1_IRQHandler</a>&nbsp;&nbsp;&nbsp;&rArr;&nbsp;&nbsp;&nbsp;<a href="#[c]">ADC1_IRQHandler</a><BR>
</UL>
<P>
<H3>
Function Pointers
</H3><UL>
 <LI><a href="#[c]">ADC1_IRQHandler</a> from startup_py32ca70xx.o(.text) referenced from startup_py32ca70xx.o(RESET)
 <LI><a href="#[9]">EXTI0_1_IRQHandler</a> from startup_py32ca70xx.o(.text) referenced from startup_py32ca70xx.o(RESET)
 <LI><a href="#[a]">EXTI2_3_IRQHandler</a> from startup_py32ca70xx.o(.text) referenced from startup_py32ca70xx.o(RESET)
 <LI><a href="#[b]">EXTI4_7_IRQHandler</a> from startup_py32ca70xx.o(.text) referenced from startup_py32ca70xx.o(RESET)
 <LI><a href="#[7]">FLASH_IRQHandler</a> from startup_py32ca70xx.o(.text) referenced from startup_py32ca70xx.o(RESET)
 <LI><a href="#[2]">HardFault_Handler</a> from py32ca70_it.o(i.HardFault_Handler) referenced from startup_py32ca70xx.o(RESET)
 <LI><a href="#[f]">LPTIM1_IRQHandler</a> from startup_py32ca70xx.o(.text) referenced from startup_py32ca70xx.o(RESET)
 <LI><a href="#[1]">NMI_Handler</a> from py32ca70_it.o(i.NMI_Handler) referenced from startup_py32ca70xx.o(RESET)
 <LI><a href="#[6]">PVD_IRQHandler</a> from startup_py32ca70xx.o(.text) referenced from startup_py32ca70xx.o(RESET)
 <LI><a href="#[11]">PWM1_IRQHandler</a> from startup_py32ca70xx.o(.text) referenced from startup_py32ca70xx.o(RESET)
 <LI><a href="#[4]">PendSV_Handler</a> from py32ca70_it.o(i.PendSV_Handler) referenced from startup_py32ca70xx.o(RESET)
 <LI><a href="#[8]">RCC_IRQHandler</a> from startup_py32ca70xx.o(.text) referenced from startup_py32ca70xx.o(RESET)
 <LI><a href="#[0]">Reset_Handler</a> from startup_py32ca70xx.o(.text) referenced from startup_py32ca70xx.o(RESET)
 <LI><a href="#[3]">SVC_Handler</a> from py32ca70_it.o(i.SVC_Handler) referenced from startup_py32ca70xx.o(RESET)
 <LI><a href="#[5]">SysTick_Handler</a> from py32ca70_it.o(i.SysTick_Handler) referenced from startup_py32ca70xx.o(RESET)
 <LI><a href="#[14]">SystemInit</a> from system_py32ca70.o(i.SystemInit) referenced from startup_py32ca70xx.o(.text)
 <LI><a href="#[10]">TIM14_IRQHandler</a> from startup_py32ca70xx.o(.text) referenced from startup_py32ca70xx.o(RESET)
 <LI><a href="#[d]">TIM1_BRK_UP_TRG_COM_IRQHandler</a> from startup_py32ca70xx.o(.text) referenced from startup_py32ca70xx.o(RESET)
 <LI><a href="#[e]">TIM1_CC_IRQHandler</a> from startup_py32ca70xx.o(.text) referenced from startup_py32ca70xx.o(RESET)
 <LI><a href="#[12]">UART1_IRQHandler</a> from startup_py32ca70xx.o(.text) referenced from startup_py32ca70xx.o(RESET)
 <LI><a href="#[15]">__main</a> from entry.o(.ARM.Collect$$$$00000000) referenced from startup_py32ca70xx.o(.text)
 <LI><a href="#[16]">fputc</a> from py32ca70xx_ll_start_kit.o(i.fputc) referenced from printf8.o(i.__0printf$8)
 <LI><a href="#[13]">main</a> from main.o(i.main) referenced from entry9a.o(.ARM.Collect$$$$0000000B)
</UL>
<P>
<H3>
Global Symbols
</H3>
<P><STRONG><a name="[15]"></a>__main</STRONG> (Thumb, 0 bytes, Stack size unknown bytes, entry.o(.ARM.Collect$$$$00000000))
<BR>[Address Reference Count : 1]<UL><LI> startup_py32ca70xx.o(.text)
</UL>
<P><STRONG><a name="[71]"></a>_main_stk</STRONG> (Thumb, 0 bytes, Stack size unknown bytes, entry2.o(.ARM.Collect$$$$00000001))

<P><STRONG><a name="[17]"></a>_main_scatterload</STRONG> (Thumb, 0 bytes, Stack size unknown bytes, entry5.o(.ARM.Collect$$$$00000004))
<BR><BR>[Calls]<UL><LI><a href="#[18]">&gt;&gt;</a>&nbsp;&nbsp;&nbsp;__scatterload
</UL>

<P><STRONG><a name="[1f]"></a>__main_after_scatterload</STRONG> (Thumb, 0 bytes, Stack size unknown bytes, entry5.o(.ARM.Collect$$$$00000004))
<BR><BR>[Called By]<UL><LI><a href="#[18]">&gt;&gt;</a>&nbsp;&nbsp;&nbsp;__scatterload
</UL>

<P><STRONG><a name="[72]"></a>_main_clock</STRONG> (Thumb, 0 bytes, Stack size unknown bytes, entry7b.o(.ARM.Collect$$$$00000008))

<P><STRONG><a name="[73]"></a>_main_cpp_init</STRONG> (Thumb, 0 bytes, Stack size unknown bytes, entry8b.o(.ARM.Collect$$$$0000000A))

<P><STRONG><a name="[74]"></a>_main_init</STRONG> (Thumb, 0 bytes, Stack size unknown bytes, entry9a.o(.ARM.Collect$$$$0000000B))

<P><STRONG><a name="[75]"></a>__rt_final_cpp</STRONG> (Thumb, 0 bytes, Stack size unknown bytes, entry10a.o(.ARM.Collect$$$$0000000D))

<P><STRONG><a name="[76]"></a>__rt_final_exit</STRONG> (Thumb, 0 bytes, Stack size unknown bytes, entry11a.o(.ARM.Collect$$$$0000000F))

<P><STRONG><a name="[0]"></a>Reset_Handler</STRONG> (Thumb, 8 bytes, Stack size 0 bytes, startup_py32ca70xx.o(.text))
<BR>[Address Reference Count : 1]<UL><LI> startup_py32ca70xx.o(RESET)
</UL>
<P><STRONG><a name="[c]"></a>ADC1_IRQHandler</STRONG> (Thumb, 0 bytes, Stack size 0 bytes, startup_py32ca70xx.o(.text))
<BR><BR>[Calls]<UL><LI><a href="#[c]">&gt;&gt;</a>&nbsp;&nbsp;&nbsp;ADC1_IRQHandler
</UL>
<BR>[Called By]<UL><LI><a href="#[c]">&gt;&gt;</a>&nbsp;&nbsp;&nbsp;ADC1_IRQHandler
</UL>
<BR>[Address Reference Count : 1]<UL><LI> startup_py32ca70xx.o(RESET)
</UL>
<P><STRONG><a name="[9]"></a>EXTI0_1_IRQHandler</STRONG> (Thumb, 0 bytes, Stack size 0 bytes, startup_py32ca70xx.o(.text))
<BR>[Address Reference Count : 1]<UL><LI> startup_py32ca70xx.o(RESET)
</UL>
<P><STRONG><a name="[a]"></a>EXTI2_3_IRQHandler</STRONG> (Thumb, 0 bytes, Stack size 0 bytes, startup_py32ca70xx.o(.text))
<BR>[Address Reference Count : 1]<UL><LI> startup_py32ca70xx.o(RESET)
</UL>
<P><STRONG><a name="[b]"></a>EXTI4_7_IRQHandler</STRONG> (Thumb, 0 bytes, Stack size 0 bytes, startup_py32ca70xx.o(.text))
<BR>[Address Reference Count : 1]<UL><LI> startup_py32ca70xx.o(RESET)
</UL>
<P><STRONG><a name="[7]"></a>FLASH_IRQHandler</STRONG> (Thumb, 0 bytes, Stack size 0 bytes, startup_py32ca70xx.o(.text))
<BR>[Address Reference Count : 1]<UL><LI> startup_py32ca70xx.o(RESET)
</UL>
<P><STRONG><a name="[f]"></a>LPTIM1_IRQHandler</STRONG> (Thumb, 0 bytes, Stack size 0 bytes, startup_py32ca70xx.o(.text))
<BR>[Address Reference Count : 1]<UL><LI> startup_py32ca70xx.o(RESET)
</UL>
<P><STRONG><a name="[6]"></a>PVD_IRQHandler</STRONG> (Thumb, 0 bytes, Stack size 0 bytes, startup_py32ca70xx.o(.text))
<BR>[Address Reference Count : 1]<UL><LI> startup_py32ca70xx.o(RESET)
</UL>
<P><STRONG><a name="[11]"></a>PWM1_IRQHandler</STRONG> (Thumb, 0 bytes, Stack size 0 bytes, startup_py32ca70xx.o(.text))
<BR>[Address Reference Count : 1]<UL><LI> startup_py32ca70xx.o(RESET)
</UL>
<P><STRONG><a name="[8]"></a>RCC_IRQHandler</STRONG> (Thumb, 0 bytes, Stack size 0 bytes, startup_py32ca70xx.o(.text))
<BR>[Address Reference Count : 1]<UL><LI> startup_py32ca70xx.o(RESET)
</UL>
<P><STRONG><a name="[10]"></a>TIM14_IRQHandler</STRONG> (Thumb, 0 bytes, Stack size 0 bytes, startup_py32ca70xx.o(.text))
<BR>[Address Reference Count : 1]<UL><LI> startup_py32ca70xx.o(RESET)
</UL>
<P><STRONG><a name="[d]"></a>TIM1_BRK_UP_TRG_COM_IRQHandler</STRONG> (Thumb, 0 bytes, Stack size 0 bytes, startup_py32ca70xx.o(.text))
<BR>[Address Reference Count : 1]<UL><LI> startup_py32ca70xx.o(RESET)
</UL>
<P><STRONG><a name="[e]"></a>TIM1_CC_IRQHandler</STRONG> (Thumb, 0 bytes, Stack size 0 bytes, startup_py32ca70xx.o(.text))
<BR>[Address Reference Count : 1]<UL><LI> startup_py32ca70xx.o(RESET)
</UL>
<P><STRONG><a name="[12]"></a>UART1_IRQHandler</STRONG> (Thumb, 0 bytes, Stack size 0 bytes, startup_py32ca70xx.o(.text))
<BR>[Address Reference Count : 1]<UL><LI> startup_py32ca70xx.o(RESET)
</UL>
<P><STRONG><a name="[77]"></a>__aeabi_uidiv</STRONG> (Thumb, 0 bytes, Stack size 12 bytes, uidiv.o(.text), UNUSED)

<P><STRONG><a name="[2c]"></a>__aeabi_uidivmod</STRONG> (Thumb, 44 bytes, Stack size 12 bytes, uidiv.o(.text))
<BR><BR>[Stack]<UL><LI>Max Depth = 12<LI>Call Chain = __aeabi_uidivmod
</UL>
<BR>[Called By]<UL><LI><a href="#[6a]">&gt;&gt;</a>&nbsp;&nbsp;&nbsp;PRB480_WaitSlotEnd
<LI><a href="#[24]">&gt;&gt;</a>&nbsp;&nbsp;&nbsp;LL_UART_SetBaudRate
<LI><a href="#[21]">&gt;&gt;</a>&nbsp;&nbsp;&nbsp;LL_Init1msTick
<LI><a href="#[4f]">&gt;&gt;</a>&nbsp;&nbsp;&nbsp;TMX_Delay_us
</UL>

<P><STRONG><a name="[61]"></a>__aeabi_memcpy</STRONG> (Thumb, 36 bytes, Stack size 0 bytes, memcpya.o(.text))
<BR><BR>[Called By]<UL><LI><a href="#[60]">&gt;&gt;</a>&nbsp;&nbsp;&nbsp;PRB480_ReadAuthenticatedPageRaw
</UL>

<P><STRONG><a name="[78]"></a>__aeabi_memcpy4</STRONG> (Thumb, 0 bytes, Stack size 0 bytes, memcpya.o(.text), UNUSED)

<P><STRONG><a name="[79]"></a>__aeabi_memcpy8</STRONG> (Thumb, 0 bytes, Stack size 0 bytes, memcpya.o(.text), UNUSED)

<P><STRONG><a name="[1a]"></a>__aeabi_memset</STRONG> (Thumb, 14 bytes, Stack size 0 bytes, memseta.o(.text))
<BR><BR>[Called By]<UL><LI><a href="#[1b]">&gt;&gt;</a>&nbsp;&nbsp;&nbsp;_memset$wrapper
<LI><a href="#[19]">&gt;&gt;</a>&nbsp;&nbsp;&nbsp;__aeabi_memclr
</UL>

<P><STRONG><a name="[7a]"></a>__aeabi_memset4</STRONG> (Thumb, 0 bytes, Stack size 0 bytes, memseta.o(.text), UNUSED)

<P><STRONG><a name="[7b]"></a>__aeabi_memset8</STRONG> (Thumb, 0 bytes, Stack size 0 bytes, memseta.o(.text), UNUSED)

<P><STRONG><a name="[19]"></a>__aeabi_memclr</STRONG> (Thumb, 4 bytes, Stack size 0 bytes, memseta.o(.text))
<BR><BR>[Calls]<UL><LI><a href="#[1a]">&gt;&gt;</a>&nbsp;&nbsp;&nbsp;__aeabi_memset
</UL>
<BR>[Called By]<UL><LI><a href="#[60]">&gt;&gt;</a>&nbsp;&nbsp;&nbsp;PRB480_ReadAuthenticatedPageRaw
</UL>

<P><STRONG><a name="[4b]"></a>__aeabi_memclr4</STRONG> (Thumb, 0 bytes, Stack size 0 bytes, memseta.o(.text))
<BR><BR>[Called By]<UL><LI><a href="#[55]">&gt;&gt;</a>&nbsp;&nbsp;&nbsp;PRB480_GenerateReadAuthPageMAC
<LI><a href="#[54]">&gt;&gt;</a>&nbsp;&nbsp;&nbsp;PRB480_GenerateCopyDataPageMAC
<LI><a href="#[51]">&gt;&gt;</a>&nbsp;&nbsp;&nbsp;PRB480_GenerateCopyConfigPageMAC
<LI><a href="#[48]">&gt;&gt;</a>&nbsp;&nbsp;&nbsp;PRB480_DebugPrintCopyMACInputs
<LI><a href="#[13]">&gt;&gt;</a>&nbsp;&nbsp;&nbsp;main
</UL>

<P><STRONG><a name="[7c]"></a>__aeabi_memclr8</STRONG> (Thumb, 0 bytes, Stack size 0 bytes, memseta.o(.text), UNUSED)

<P><STRONG><a name="[1b]"></a>_memset$wrapper</STRONG> (Thumb, 18 bytes, Stack size 8 bytes, memseta.o(.text), UNUSED)
<BR><BR>[Calls]<UL><LI><a href="#[1a]">&gt;&gt;</a>&nbsp;&nbsp;&nbsp;__aeabi_memset
</UL>

<P><STRONG><a name="[47]"></a>memcmp</STRONG> (Thumb, 26 bytes, Stack size 12 bytes, memcmp.o(.text))
<BR><BR>[Stack]<UL><LI>Max Depth = 12<LI>Call Chain = memcmp
</UL>
<BR>[Called By]<UL><LI><a href="#[5f]">&gt;&gt;</a>&nbsp;&nbsp;&nbsp;PRB480_ReadAuthenticatedPageEx
<LI><a href="#[3f]">&gt;&gt;</a>&nbsp;&nbsp;&nbsp;PRB480_CopyScratchpadVerified
</UL>

<P><STRONG><a name="[1c]"></a>__aeabi_uldivmod</STRONG> (Thumb, 96 bytes, Stack size 48 bytes, uldiv.o(.text), UNUSED)
<BR><BR>[Calls]<UL><LI><a href="#[1d]">&gt;&gt;</a>&nbsp;&nbsp;&nbsp;__aeabi_llsr
<LI><a href="#[1e]">&gt;&gt;</a>&nbsp;&nbsp;&nbsp;__aeabi_llsl
</UL>
<BR>[Called By]<UL><LI><a href="#[6d]">&gt;&gt;</a>&nbsp;&nbsp;&nbsp;_printf_core
</UL>

<P><STRONG><a name="[18]"></a>__scatterload</STRONG> (Thumb, 28 bytes, Stack size 0 bytes, init.o(.text))
<BR><BR>[Calls]<UL><LI><a href="#[1f]">&gt;&gt;</a>&nbsp;&nbsp;&nbsp;__main_after_scatterload
</UL>
<BR>[Called By]<UL><LI><a href="#[17]">&gt;&gt;</a>&nbsp;&nbsp;&nbsp;_main_scatterload
</UL>

<P><STRONG><a name="[7d]"></a>__scatterload_rt2</STRONG> (Thumb, 0 bytes, Stack size 0 bytes, init.o(.text), UNUSED)

<P><STRONG><a name="[1e]"></a>__aeabi_llsl</STRONG> (Thumb, 32 bytes, Stack size 8 bytes, llshl.o(.text), UNUSED)
<BR><BR>[Called By]<UL><LI><a href="#[1c]">&gt;&gt;</a>&nbsp;&nbsp;&nbsp;__aeabi_uldivmod
</UL>

<P><STRONG><a name="[7e]"></a>_ll_shift_l</STRONG> (Thumb, 0 bytes, Stack size 8 bytes, llshl.o(.text), UNUSED)

<P><STRONG><a name="[1d]"></a>__aeabi_llsr</STRONG> (Thumb, 34 bytes, Stack size 8 bytes, llushr.o(.text), UNUSED)
<BR><BR>[Called By]<UL><LI><a href="#[1c]">&gt;&gt;</a>&nbsp;&nbsp;&nbsp;__aeabi_uldivmod
</UL>

<P><STRONG><a name="[7f]"></a>_ll_ushift_r</STRONG> (Thumb, 0 bytes, Stack size 8 bytes, llushr.o(.text), UNUSED)

<P><STRONG><a name="[23]"></a>BSP_UART_Config</STRONG> (Thumb, 254 bytes, Stack size 8 bytes, py32ca70xx_ll_start_kit.o(i.BSP_UART_Config))
<BR><BR>[Stack]<UL><LI>Max Depth = 60<LI>Call Chain = BSP_UART_Config &rArr; LL_UART_SetBaudRate &rArr; __aeabi_uidivmod
</UL>
<BR>[Calls]<UL><LI><a href="#[24]">&gt;&gt;</a>&nbsp;&nbsp;&nbsp;LL_UART_SetBaudRate
<LI><a href="#[25]">&gt;&gt;</a>&nbsp;&nbsp;&nbsp;LL_IOP_GRP1_EnableClock
<LI><a href="#[28]">&gt;&gt;</a>&nbsp;&nbsp;&nbsp;LL_GPIO_SetPinSpeed
<LI><a href="#[29]">&gt;&gt;</a>&nbsp;&nbsp;&nbsp;LL_GPIO_SetPinPull
<LI><a href="#[27]">&gt;&gt;</a>&nbsp;&nbsp;&nbsp;LL_GPIO_SetPinMode
<LI><a href="#[26]">&gt;&gt;</a>&nbsp;&nbsp;&nbsp;LL_GPIO_SetAFPin
</UL>
<BR>[Called By]<UL><LI><a href="#[13]">&gt;&gt;</a>&nbsp;&nbsp;&nbsp;main
</UL>

<P><STRONG><a name="[2a]"></a>Cal_Crc16</STRONG> (Thumb, 60 bytes, Stack size 24 bytes, crc16.o(i.Cal_Crc16))
<BR><BR>[Stack]<UL><LI>Max Depth = 32<LI>Call Chain = Cal_Crc16 &rArr; Cal_Crc16_bit
</UL>
<BR>[Calls]<UL><LI><a href="#[2b]">&gt;&gt;</a>&nbsp;&nbsp;&nbsp;Cal_Crc16_bit
</UL>
<BR>[Called By]<UL><LI><a href="#[3a]">&gt;&gt;</a>&nbsp;&nbsp;&nbsp;PRB480_CalcCRC16
</UL>

<P><STRONG><a name="[2b]"></a>Cal_Crc16_bit</STRONG> (Thumb, 64 bytes, Stack size 8 bytes, crc16.o(i.Cal_Crc16_bit))
<BR><BR>[Stack]<UL><LI>Max Depth = 8<LI>Call Chain = Cal_Crc16_bit
</UL>
<BR>[Called By]<UL><LI><a href="#[2a]">&gt;&gt;</a>&nbsp;&nbsp;&nbsp;Cal_Crc16
</UL>

<P><STRONG><a name="[2]"></a>HardFault_Handler</STRONG> (Thumb, 4 bytes, Stack size 0 bytes, py32ca70_it.o(i.HardFault_Handler))
<BR>[Address Reference Count : 1]<UL><LI> startup_py32ca70xx.o(RESET)
</UL>
<P><STRONG><a name="[21]"></a>LL_Init1msTick</STRONG> (Thumb, 34 bytes, Stack size 16 bytes, py32ca70_ll_utils.o(i.LL_Init1msTick))
<BR><BR>[Stack]<UL><LI>Max Depth = 28<LI>Call Chain = LL_Init1msTick &rArr; __aeabi_uidivmod
</UL>
<BR>[Calls]<UL><LI><a href="#[2c]">&gt;&gt;</a>&nbsp;&nbsp;&nbsp;__aeabi_uidivmod
</UL>
<BR>[Called By]<UL><LI><a href="#[20]">&gt;&gt;</a>&nbsp;&nbsp;&nbsp;APP_SystemClockConfig
</UL>

<P><STRONG><a name="[22]"></a>LL_SetSystemCoreClock</STRONG> (Thumb, 6 bytes, Stack size 0 bytes, py32ca70_ll_utils.o(i.LL_SetSystemCoreClock))
<BR><BR>[Called By]<UL><LI><a href="#[20]">&gt;&gt;</a>&nbsp;&nbsp;&nbsp;APP_SystemClockConfig
</UL>

<P><STRONG><a name="[6b]"></a>LL_mDelay</STRONG> (Thumb, 46 bytes, Stack size 8 bytes, py32ca70_ll_utils.o(i.LL_mDelay))
<BR><BR>[Stack]<UL><LI>Max Depth = 8<LI>Call Chain = LL_mDelay
</UL>
<BR>[Called By]<UL><LI><a href="#[13]">&gt;&gt;</a>&nbsp;&nbsp;&nbsp;main
<LI><a href="#[59]">&gt;&gt;</a>&nbsp;&nbsp;&nbsp;TMX_Delay_ms
</UL>

<P><STRONG><a name="[1]"></a>NMI_Handler</STRONG> (Thumb, 2 bytes, Stack size 0 bytes, py32ca70_it.o(i.NMI_Handler))
<BR>[Address Reference Count : 1]<UL><LI> startup_py32ca70xx.o(RESET)
</UL>
<P><STRONG><a name="[31]"></a>PRB480_BoardInterfaceConfig</STRONG> (Thumb, 158 bytes, Stack size 8 bytes, prb480.o(i.PRB480_BoardInterfaceConfig))
<BR><BR>[Stack]<UL><LI>Max Depth = 56<LI>Call Chain = PRB480_BoardInterfaceConfig &rArr; PRB480_ADC_Config &rArr; __2printf
</UL>
<BR>[Calls]<UL><LI><a href="#[2d]">&gt;&gt;</a>&nbsp;&nbsp;&nbsp;PRB480_ADC_Config
<LI><a href="#[32]">&gt;&gt;</a>&nbsp;&nbsp;&nbsp;LL_IOP_GRP1_EnableClock
<LI><a href="#[36]">&gt;&gt;</a>&nbsp;&nbsp;&nbsp;LL_GPIO_SetPinSpeed
<LI><a href="#[35]">&gt;&gt;</a>&nbsp;&nbsp;&nbsp;LL_GPIO_SetPinPull
<LI><a href="#[34]">&gt;&gt;</a>&nbsp;&nbsp;&nbsp;LL_GPIO_SetPinOutputType
<LI><a href="#[33]">&gt;&gt;</a>&nbsp;&nbsp;&nbsp;LL_GPIO_SetPinMode
<LI><a href="#[37]">&gt;&gt;</a>&nbsp;&nbsp;&nbsp;PRB480_ResponsePMOS_Off
<LI><a href="#[38]">&gt;&gt;</a>&nbsp;&nbsp;&nbsp;PRB480_PowerPMOS_Off
<LI><a href="#[39]">&gt;&gt;</a>&nbsp;&nbsp;&nbsp;PRB480_IO_IN
</UL>
<BR>[Called By]<UL><LI><a href="#[13]">&gt;&gt;</a>&nbsp;&nbsp;&nbsp;main
</UL>

<P><STRONG><a name="[3a]"></a>PRB480_CalcCRC16</STRONG> (Thumb, 16 bytes, Stack size 16 bytes, prb480.o(i.PRB480_CalcCRC16))
<BR><BR>[Stack]<UL><LI>Max Depth = 48<LI>Call Chain = PRB480_CalcCRC16 &rArr; Cal_Crc16 &rArr; Cal_Crc16_bit
</UL>
<BR>[Calls]<UL><LI><a href="#[2a]">&gt;&gt;</a>&nbsp;&nbsp;&nbsp;Cal_Crc16
</UL>
<BR>[Called By]<UL><LI><a href="#[62]">&gt;&gt;</a>&nbsp;&nbsp;&nbsp;PRB480_VerifyReadAuthPageDataCRC
<LI><a href="#[63]">&gt;&gt;</a>&nbsp;&nbsp;&nbsp;PRB480_VerifyReadAuthPageCRC
<LI><a href="#[44]">&gt;&gt;</a>&nbsp;&nbsp;&nbsp;PRB480_WriteScratchpad
<LI><a href="#[45]">&gt;&gt;</a>&nbsp;&nbsp;&nbsp;PRB480_Step5_ReadScratchpad
</UL>

<P><STRONG><a name="[3f]"></a>PRB480_CopyScratchpadVerified</STRONG> (Thumb, 528 bytes, Stack size 88 bytes, prb480.o(i.PRB480_CopyScratchpadVerified))
<BR><BR>[Stack]<UL><LI>Max Depth = 616<LI>Call Chain = PRB480_CopyScratchpadVerified &rArr; PRB480_GenerateCopyMAC &rArr; PRB480_GenerateCopyDataPageMAC &rArr; PRB480_RunMacCompression
</UL>
<BR>[Calls]<UL><LI><a href="#[4a]">&gt;&gt;</a>&nbsp;&nbsp;&nbsp;PRB480_Step5_CopyScratchpad
<LI><a href="#[42]">&gt;&gt;</a>&nbsp;&nbsp;&nbsp;PRB480_PageStart
<LI><a href="#[40]">&gt;&gt;</a>&nbsp;&nbsp;&nbsp;PRB480_GetCopyTargetArea
<LI><a href="#[49]">&gt;&gt;</a>&nbsp;&nbsp;&nbsp;PRB480_GenerateCopyMAC
<LI><a href="#[48]">&gt;&gt;</a>&nbsp;&nbsp;&nbsp;PRB480_DebugPrintCopyMACInputs
<LI><a href="#[41]">&gt;&gt;</a>&nbsp;&nbsp;&nbsp;PRB480_CheckWriteAddress
<LI><a href="#[46]">&gt;&gt;</a>&nbsp;&nbsp;&nbsp;PRB480_CheckScratchpadES
<LI><a href="#[43]">&gt;&gt;</a>&nbsp;&nbsp;&nbsp;PRB480_ReadMemory
<LI><a href="#[2f]">&gt;&gt;</a>&nbsp;&nbsp;&nbsp;__2printf
<LI><a href="#[47]">&gt;&gt;</a>&nbsp;&nbsp;&nbsp;memcmp
<LI><a href="#[44]">&gt;&gt;</a>&nbsp;&nbsp;&nbsp;PRB480_WriteScratchpad
<LI><a href="#[45]">&gt;&gt;</a>&nbsp;&nbsp;&nbsp;PRB480_Step5_ReadScratchpad
</UL>
<BR>[Called By]<UL><LI><a href="#[13]">&gt;&gt;</a>&nbsp;&nbsp;&nbsp;main
</UL>

<P><STRONG><a name="[4c]"></a>PRB480_FRAM_Verify</STRONG> (Thumb, 436 bytes, Stack size 24 bytes, prb480.o(i.PRB480_FRAM_Verify))
<BR><BR>[Stack]<UL><LI>Max Depth = 100<LI>Call Chain = PRB480_FRAM_Verify &rArr; PRB480_WriteByte &rArr; PRB480_WriteBit &rArr; PRB480_WaitSlotEnd &rArr; __aeabi_uidivmod
</UL>
<BR>[Calls]<UL><LI><a href="#[2f]">&gt;&gt;</a>&nbsp;&nbsp;&nbsp;__2printf
<LI><a href="#[4f]">&gt;&gt;</a>&nbsp;&nbsp;&nbsp;TMX_Delay_us
<LI><a href="#[4d]">&gt;&gt;</a>&nbsp;&nbsp;&nbsp;PRB480_WriteByte
<LI><a href="#[4e]">&gt;&gt;</a>&nbsp;&nbsp;&nbsp;PRB480_WriteBit
<LI><a href="#[3c]">&gt;&gt;</a>&nbsp;&nbsp;&nbsp;PRB480_Reset
<LI><a href="#[50]">&gt;&gt;</a>&nbsp;&nbsp;&nbsp;PRB480_ReadByte
</UL>
<BR>[Called By]<UL><LI><a href="#[13]">&gt;&gt;</a>&nbsp;&nbsp;&nbsp;main
</UL>

<P><STRONG><a name="[39]"></a>PRB480_IO_IN</STRONG> (Thumb, 84 bytes, Stack size 16 bytes, prb480.o(i.PRB480_IO_IN))
<BR><BR>[Stack]<UL><LI>Max Depth = 16<LI>Call Chain = PRB480_IO_IN
</UL>
<BR>[Calls]<UL><LI><a href="#[56]">&gt;&gt;</a>&nbsp;&nbsp;&nbsp;PRB480_GetPinPos
</UL>
<BR>[Called By]<UL><LI><a href="#[57]">&gt;&gt;</a>&nbsp;&nbsp;&nbsp;PRB480_Init
<LI><a href="#[31]">&gt;&gt;</a>&nbsp;&nbsp;&nbsp;PRB480_BoardInterfaceConfig
<LI><a href="#[50]">&gt;&gt;</a>&nbsp;&nbsp;&nbsp;PRB480_ReadByte
</UL>

<P><STRONG><a name="[57]"></a>PRB480_Init</STRONG> (Thumb, 24 bytes, Stack size 8 bytes, prb480.o(i.PRB480_Init))
<BR><BR>[Stack]<UL><LI>Max Depth = 24<LI>Call Chain = PRB480_Init &rArr; TMX_Delay_ms &rArr; LL_mDelay
</UL>
<BR>[Calls]<UL><LI><a href="#[38]">&gt;&gt;</a>&nbsp;&nbsp;&nbsp;PRB480_PowerPMOS_Off
<LI><a href="#[59]">&gt;&gt;</a>&nbsp;&nbsp;&nbsp;TMX_Delay_ms
<LI><a href="#[58]">&gt;&gt;</a>&nbsp;&nbsp;&nbsp;PRB480_ResponsePMOS_On
<LI><a href="#[39]">&gt;&gt;</a>&nbsp;&nbsp;&nbsp;PRB480_IO_IN
</UL>
<BR>[Called By]<UL><LI><a href="#[13]">&gt;&gt;</a>&nbsp;&nbsp;&nbsp;main
</UL>

<P><STRONG><a name="[5c]"></a>PRB480_LoadFirstSecret</STRONG> (Thumb, 338 bytes, Stack size 72 bytes, prb480.o(i.PRB480_LoadFirstSecret))
<BR><BR>[Stack]<UL><LI>Max Depth = 236<LI>Call Chain = PRB480_LoadFirstSecret &rArr; PRB480_WriteScratchpad &rArr; PRB480_CommandStart &rArr; PRB480_MatchROM &rArr; PRB480_WriteByte &rArr; PRB480_WriteBit &rArr; PRB480_WaitSlotEnd &rArr; __aeabi_uidivmod
</UL>
<BR>[Calls]<UL><LI><a href="#[5d]">&gt;&gt;</a>&nbsp;&nbsp;&nbsp;PRB480_DelayNop
<LI><a href="#[41]">&gt;&gt;</a>&nbsp;&nbsp;&nbsp;PRB480_CheckWriteAddress
<LI><a href="#[5e]">&gt;&gt;</a>&nbsp;&nbsp;&nbsp;PRB480_CheckAlternatingResponse
<LI><a href="#[2f]">&gt;&gt;</a>&nbsp;&nbsp;&nbsp;__2printf
<LI><a href="#[59]">&gt;&gt;</a>&nbsp;&nbsp;&nbsp;TMX_Delay_ms
<LI><a href="#[44]">&gt;&gt;</a>&nbsp;&nbsp;&nbsp;PRB480_WriteScratchpad
<LI><a href="#[4d]">&gt;&gt;</a>&nbsp;&nbsp;&nbsp;PRB480_WriteByte
<LI><a href="#[4e]">&gt;&gt;</a>&nbsp;&nbsp;&nbsp;PRB480_WriteBit
<LI><a href="#[45]">&gt;&gt;</a>&nbsp;&nbsp;&nbsp;PRB480_Step5_ReadScratchpad
<LI><a href="#[50]">&gt;&gt;</a>&nbsp;&nbsp;&nbsp;PRB480_ReadByte
</UL>
<BR>[Called By]<UL><LI><a href="#[13]">&gt;&gt;</a>&nbsp;&nbsp;&nbsp;main
</UL>

<P><STRONG><a name="[3d]"></a>PRB480_MatchROM</STRONG> (Thumb, 30 bytes, Stack size 16 bytes, prb480.o(i.PRB480_MatchROM))
<BR><BR>[Stack]<UL><LI>Max Depth = 92<LI>Call Chain = PRB480_MatchROM &rArr; PRB480_WriteByte &rArr; PRB480_WriteBit &rArr; PRB480_WaitSlotEnd &rArr; __aeabi_uidivmod
</UL>
<BR>[Calls]<UL><LI><a href="#[4d]">&gt;&gt;</a>&nbsp;&nbsp;&nbsp;PRB480_WriteByte
</UL>
<BR>[Called By]<UL><LI><a href="#[3b]">&gt;&gt;</a>&nbsp;&nbsp;&nbsp;PRB480_CommandStart
</UL>

<P><STRONG><a name="[38]"></a>PRB480_PowerPMOS_Off</STRONG> (Thumb, 10 bytes, Stack size 0 bytes, prb480.o(i.PRB480_PowerPMOS_Off))
<BR><BR>[Called By]<UL><LI><a href="#[57]">&gt;&gt;</a>&nbsp;&nbsp;&nbsp;PRB480_Init
<LI><a href="#[31]">&gt;&gt;</a>&nbsp;&nbsp;&nbsp;PRB480_BoardInterfaceConfig
<LI><a href="#[13]">&gt;&gt;</a>&nbsp;&nbsp;&nbsp;main
<LI><a href="#[4d]">&gt;&gt;</a>&nbsp;&nbsp;&nbsp;PRB480_WriteByte
<LI><a href="#[3c]">&gt;&gt;</a>&nbsp;&nbsp;&nbsp;PRB480_Reset
</UL>

<P><STRONG><a name="[5f]"></a>PRB480_ReadAuthenticatedPageEx</STRONG> (Thumb, 196 bytes, Stack size 48 bytes, prb480.o(i.PRB480_ReadAuthenticatedPageEx))
<BR><BR>[Stack]<UL><LI>Max Depth = 536<LI>Call Chain = PRB480_ReadAuthenticatedPageEx &rArr; PRB480_GenerateReadAuthPageMAC &rArr; PRB480_RunMacCompression
</UL>
<BR>[Calls]<UL><LI><a href="#[60]">&gt;&gt;</a>&nbsp;&nbsp;&nbsp;PRB480_ReadAuthenticatedPageRaw
<LI><a href="#[55]">&gt;&gt;</a>&nbsp;&nbsp;&nbsp;PRB480_GenerateReadAuthPageMAC
<LI><a href="#[2f]">&gt;&gt;</a>&nbsp;&nbsp;&nbsp;__2printf
<LI><a href="#[47]">&gt;&gt;</a>&nbsp;&nbsp;&nbsp;memcmp
</UL>
<BR>[Called By]<UL><LI><a href="#[13]">&gt;&gt;</a>&nbsp;&nbsp;&nbsp;main
</UL>

<P><STRONG><a name="[64]"></a>PRB480_ReadBit</STRONG> (Thumb, 114 bytes, Stack size 16 bytes, prb480.o(i.PRB480_ReadBit))
<BR><BR>[Stack]<UL><LI>Max Depth = 24<LI>Call Chain = PRB480_ReadBit &rArr; PRB480_DelayNop
</UL>
<BR>[Calls]<UL><LI><a href="#[65]">&gt;&gt;</a>&nbsp;&nbsp;&nbsp;PRB480_ReadAdcRaw
<LI><a href="#[5d]">&gt;&gt;</a>&nbsp;&nbsp;&nbsp;PRB480_DelayNop
</UL>
<BR>[Called By]<UL><LI><a href="#[50]">&gt;&gt;</a>&nbsp;&nbsp;&nbsp;PRB480_ReadByte
</UL>

<P><STRONG><a name="[50]"></a>PRB480_ReadByte</STRONG> (Thumb, 50 bytes, Stack size 16 bytes, prb480.o(i.PRB480_ReadByte))
<BR><BR>[Stack]<UL><LI>Max Depth = 60<LI>Call Chain = PRB480_ReadByte &rArr; TMX_Delay_us &rArr; __aeabi_uidivmod
</UL>
<BR>[Calls]<UL><LI><a href="#[2e]">&gt;&gt;</a>&nbsp;&nbsp;&nbsp;PRB480_IO_ANALOG
<LI><a href="#[4f]">&gt;&gt;</a>&nbsp;&nbsp;&nbsp;TMX_Delay_us
<LI><a href="#[64]">&gt;&gt;</a>&nbsp;&nbsp;&nbsp;PRB480_ReadBit
<LI><a href="#[39]">&gt;&gt;</a>&nbsp;&nbsp;&nbsp;PRB480_IO_IN
</UL>
<BR>[Called By]<UL><LI><a href="#[69]">&gt;&gt;</a>&nbsp;&nbsp;&nbsp;PRB480_WaitCopyResult
<LI><a href="#[60]">&gt;&gt;</a>&nbsp;&nbsp;&nbsp;PRB480_ReadAuthenticatedPageRaw
<LI><a href="#[66]">&gt;&gt;</a>&nbsp;&nbsp;&nbsp;PRB480_ReadROM
<LI><a href="#[43]">&gt;&gt;</a>&nbsp;&nbsp;&nbsp;PRB480_ReadMemory
<LI><a href="#[5c]">&gt;&gt;</a>&nbsp;&nbsp;&nbsp;PRB480_LoadFirstSecret
<LI><a href="#[4c]">&gt;&gt;</a>&nbsp;&nbsp;&nbsp;PRB480_FRAM_Verify
<LI><a href="#[44]">&gt;&gt;</a>&nbsp;&nbsp;&nbsp;PRB480_WriteScratchpad
<LI><a href="#[45]">&gt;&gt;</a>&nbsp;&nbsp;&nbsp;PRB480_Step5_ReadScratchpad
</UL>

<P><STRONG><a name="[43]"></a>PRB480_ReadMemory</STRONG> (Thumb, 70 bytes, Stack size 40 bytes, prb480.o(i.PRB480_ReadMemory))
<BR><BR>[Stack]<UL><LI>Max Depth = 140<LI>Call Chain = PRB480_ReadMemory &rArr; PRB480_CommandStart &rArr; PRB480_MatchROM &rArr; PRB480_WriteByte &rArr; PRB480_WriteBit &rArr; PRB480_WaitSlotEnd &rArr; __aeabi_uidivmod
</UL>
<BR>[Calls]<UL><LI><a href="#[3b]">&gt;&gt;</a>&nbsp;&nbsp;&nbsp;PRB480_CommandStart
<LI><a href="#[4d]">&gt;&gt;</a>&nbsp;&nbsp;&nbsp;PRB480_WriteByte
<LI><a href="#[3c]">&gt;&gt;</a>&nbsp;&nbsp;&nbsp;PRB480_Reset
<LI><a href="#[50]">&gt;&gt;</a>&nbsp;&nbsp;&nbsp;PRB480_ReadByte
</UL>
<BR>[Called By]<UL><LI><a href="#[3f]">&gt;&gt;</a>&nbsp;&nbsp;&nbsp;PRB480_CopyScratchpadVerified
<LI><a href="#[13]">&gt;&gt;</a>&nbsp;&nbsp;&nbsp;main
</UL>

<P><STRONG><a name="[66]"></a>PRB480_ReadROM</STRONG> (Thumb, 138 bytes, Stack size 16 bytes, prb480.o(i.PRB480_ReadROM))
<BR><BR>[Stack]<UL><LI>Max Depth = 92<LI>Call Chain = PRB480_ReadROM &rArr; PRB480_WriteByte &rArr; PRB480_WriteBit &rArr; PRB480_WaitSlotEnd &rArr; __aeabi_uidivmod
</UL>
<BR>[Calls]<UL><LI><a href="#[68]">&gt;&gt;</a>&nbsp;&nbsp;&nbsp;PRB480_CalcCRC8
<LI><a href="#[67]">&gt;&gt;</a>&nbsp;&nbsp;&nbsp;PRB480_AdcLogStart
<LI><a href="#[30]">&gt;&gt;</a>&nbsp;&nbsp;&nbsp;PRB480_AdcLogDump
<LI><a href="#[2f]">&gt;&gt;</a>&nbsp;&nbsp;&nbsp;__2printf
<LI><a href="#[4d]">&gt;&gt;</a>&nbsp;&nbsp;&nbsp;PRB480_WriteByte
<LI><a href="#[3c]">&gt;&gt;</a>&nbsp;&nbsp;&nbsp;PRB480_Reset
<LI><a href="#[50]">&gt;&gt;</a>&nbsp;&nbsp;&nbsp;PRB480_ReadByte
</UL>
<BR>[Called By]<UL><LI><a href="#[13]">&gt;&gt;</a>&nbsp;&nbsp;&nbsp;main
</UL>

<P><STRONG><a name="[3c]"></a>PRB480_Reset</STRONG> (Thumb, 38 bytes, Stack size 8 bytes, prb480.o(i.PRB480_Reset))
<BR><BR>[Stack]<UL><LI>Max Depth = 52<LI>Call Chain = PRB480_Reset &rArr; TMX_Delay_us &rArr; __aeabi_uidivmod
</UL>
<BR>[Calls]<UL><LI><a href="#[37]">&gt;&gt;</a>&nbsp;&nbsp;&nbsp;PRB480_ResponsePMOS_Off
<LI><a href="#[38]">&gt;&gt;</a>&nbsp;&nbsp;&nbsp;PRB480_PowerPMOS_Off
<LI><a href="#[4f]">&gt;&gt;</a>&nbsp;&nbsp;&nbsp;TMX_Delay_us
<LI><a href="#[59]">&gt;&gt;</a>&nbsp;&nbsp;&nbsp;TMX_Delay_ms
<LI><a href="#[58]">&gt;&gt;</a>&nbsp;&nbsp;&nbsp;PRB480_ResponsePMOS_On
</UL>
<BR>[Called By]<UL><LI><a href="#[4a]">&gt;&gt;</a>&nbsp;&nbsp;&nbsp;PRB480_Step5_CopyScratchpad
<LI><a href="#[60]">&gt;&gt;</a>&nbsp;&nbsp;&nbsp;PRB480_ReadAuthenticatedPageRaw
<LI><a href="#[3b]">&gt;&gt;</a>&nbsp;&nbsp;&nbsp;PRB480_CommandStart
<LI><a href="#[66]">&gt;&gt;</a>&nbsp;&nbsp;&nbsp;PRB480_ReadROM
<LI><a href="#[43]">&gt;&gt;</a>&nbsp;&nbsp;&nbsp;PRB480_ReadMemory
<LI><a href="#[4c]">&gt;&gt;</a>&nbsp;&nbsp;&nbsp;PRB480_FRAM_Verify
</UL>

<P><STRONG><a name="[37]"></a>PRB480_ResponsePMOS_Off</STRONG> (Thumb, 10 bytes, Stack size 0 bytes, prb480.o(i.PRB480_ResponsePMOS_Off))
<BR><BR>[Called By]<UL><LI><a href="#[31]">&gt;&gt;</a>&nbsp;&nbsp;&nbsp;PRB480_BoardInterfaceConfig
<LI><a href="#[13]">&gt;&gt;</a>&nbsp;&nbsp;&nbsp;main
<LI><a href="#[3c]">&gt;&gt;</a>&nbsp;&nbsp;&nbsp;PRB480_Reset
</UL>

<P><STRONG><a name="[58]"></a>PRB480_ResponsePMOS_On</STRONG> (Thumb, 10 bytes, Stack size 0 bytes, prb480.o(i.PRB480_ResponsePMOS_On))
<BR><BR>[Called By]<UL><LI><a href="#[57]">&gt;&gt;</a>&nbsp;&nbsp;&nbsp;PRB480_Init
<LI><a href="#[4d]">&gt;&gt;</a>&nbsp;&nbsp;&nbsp;PRB480_WriteByte
<LI><a href="#[3c]">&gt;&gt;</a>&nbsp;&nbsp;&nbsp;PRB480_Reset
</UL>

<P><STRONG><a name="[70]"></a>PRB480_SetAdcThreshold</STRONG> (Thumb, 6 bytes, Stack size 0 bytes, prb480.o(i.PRB480_SetAdcThreshold))
<BR><BR>[Called By]<UL><LI><a href="#[13]">&gt;&gt;</a>&nbsp;&nbsp;&nbsp;main
</UL>

<P><STRONG><a name="[3e]"></a>PRB480_SkipROM</STRONG> (Thumb, 10 bytes, Stack size 8 bytes, prb480.o(i.PRB480_SkipROM))
<BR><BR>[Stack]<UL><LI>Max Depth = 84<LI>Call Chain = PRB480_SkipROM &rArr; PRB480_WriteByte &rArr; PRB480_WriteBit &rArr; PRB480_WaitSlotEnd &rArr; __aeabi_uidivmod
</UL>
<BR>[Calls]<UL><LI><a href="#[4d]">&gt;&gt;</a>&nbsp;&nbsp;&nbsp;PRB480_WriteByte
</UL>
<BR>[Called By]<UL><LI><a href="#[3b]">&gt;&gt;</a>&nbsp;&nbsp;&nbsp;PRB480_CommandStart
</UL>

<P><STRONG><a name="[45]"></a>PRB480_Step5_ReadScratchpad</STRONG> (Thumb, 236 bytes, Stack size 48 bytes, prb480.o(i.PRB480_Step5_ReadScratchpad))
<BR><BR>[Stack]<UL><LI>Max Depth = 124<LI>Call Chain = PRB480_Step5_ReadScratchpad &rArr; PRB480_WriteByte &rArr; PRB480_WriteBit &rArr; PRB480_WaitSlotEnd &rArr; __aeabi_uidivmod
</UL>
<BR>[Calls]<UL><LI><a href="#[5d]">&gt;&gt;</a>&nbsp;&nbsp;&nbsp;PRB480_DelayNop
<LI><a href="#[4d]">&gt;&gt;</a>&nbsp;&nbsp;&nbsp;PRB480_WriteByte
<LI><a href="#[4e]">&gt;&gt;</a>&nbsp;&nbsp;&nbsp;PRB480_WriteBit
<LI><a href="#[50]">&gt;&gt;</a>&nbsp;&nbsp;&nbsp;PRB480_ReadByte
<LI><a href="#[3a]">&gt;&gt;</a>&nbsp;&nbsp;&nbsp;PRB480_CalcCRC16
</UL>
<BR>[Called By]<UL><LI><a href="#[5c]">&gt;&gt;</a>&nbsp;&nbsp;&nbsp;PRB480_LoadFirstSecret
<LI><a href="#[3f]">&gt;&gt;</a>&nbsp;&nbsp;&nbsp;PRB480_CopyScratchpadVerified
<LI><a href="#[5b]">&gt;&gt;</a>&nbsp;&nbsp;&nbsp;PRB480_WriteAndVerifyScratchpad
</UL>

<P><STRONG><a name="[5b]"></a>PRB480_WriteAndVerifyScratchpad</STRONG> (Thumb, 284 bytes, Stack size 72 bytes, prb480.o(i.PRB480_WriteAndVerifyScratchpad))
<BR><BR>[Stack]<UL><LI>Max Depth = 236<LI>Call Chain = PRB480_WriteAndVerifyScratchpad &rArr; PRB480_WriteScratchpad &rArr; PRB480_CommandStart &rArr; PRB480_MatchROM &rArr; PRB480_WriteByte &rArr; PRB480_WriteBit &rArr; PRB480_WaitSlotEnd &rArr; __aeabi_uidivmod
</UL>
<BR>[Calls]<UL><LI><a href="#[41]">&gt;&gt;</a>&nbsp;&nbsp;&nbsp;PRB480_CheckWriteAddress
<LI><a href="#[46]">&gt;&gt;</a>&nbsp;&nbsp;&nbsp;PRB480_CheckScratchpadES
<LI><a href="#[2f]">&gt;&gt;</a>&nbsp;&nbsp;&nbsp;__2printf
<LI><a href="#[44]">&gt;&gt;</a>&nbsp;&nbsp;&nbsp;PRB480_WriteScratchpad
<LI><a href="#[45]">&gt;&gt;</a>&nbsp;&nbsp;&nbsp;PRB480_Step5_ReadScratchpad
</UL>
<BR>[Called By]<UL><LI><a href="#[5a]">&gt;&gt;</a>&nbsp;&nbsp;&nbsp;PRB480_LoadChallengeScratchpad
</UL>

<P><STRONG><a name="[4e]"></a>PRB480_WriteBit</STRONG> (Thumb, 88 bytes, Stack size 16 bytes, prb480.o(i.PRB480_WriteBit))
<BR><BR>[Stack]<UL><LI>Max Depth = 60<LI>Call Chain = PRB480_WriteBit &rArr; PRB480_WaitSlotEnd &rArr; __aeabi_uidivmod
</UL>
<BR>[Calls]<UL><LI><a href="#[6a]">&gt;&gt;</a>&nbsp;&nbsp;&nbsp;PRB480_WaitSlotEnd
<LI><a href="#[5d]">&gt;&gt;</a>&nbsp;&nbsp;&nbsp;PRB480_DelayNop
</UL>
<BR>[Called By]<UL><LI><a href="#[4a]">&gt;&gt;</a>&nbsp;&nbsp;&nbsp;PRB480_Step5_CopyScratchpad
<LI><a href="#[5c]">&gt;&gt;</a>&nbsp;&nbsp;&nbsp;PRB480_LoadFirstSecret
<LI><a href="#[4c]">&gt;&gt;</a>&nbsp;&nbsp;&nbsp;PRB480_FRAM_Verify
<LI><a href="#[4d]">&gt;&gt;</a>&nbsp;&nbsp;&nbsp;PRB480_WriteByte
<LI><a href="#[45]">&gt;&gt;</a>&nbsp;&nbsp;&nbsp;PRB480_Step5_ReadScratchpad
</UL>

<P><STRONG><a name="[4d]"></a>PRB480_WriteByte</STRONG> (Thumb, 42 bytes, Stack size 16 bytes, prb480.o(i.PRB480_WriteByte))
<BR><BR>[Stack]<UL><LI>Max Depth = 76<LI>Call Chain = PRB480_WriteByte &rArr; PRB480_WriteBit &rArr; PRB480_WaitSlotEnd &rArr; __aeabi_uidivmod
</UL>
<BR>[Calls]<UL><LI><a href="#[5d]">&gt;&gt;</a>&nbsp;&nbsp;&nbsp;PRB480_DelayNop
<LI><a href="#[38]">&gt;&gt;</a>&nbsp;&nbsp;&nbsp;PRB480_PowerPMOS_Off
<LI><a href="#[4e]">&gt;&gt;</a>&nbsp;&nbsp;&nbsp;PRB480_WriteBit
<LI><a href="#[58]">&gt;&gt;</a>&nbsp;&nbsp;&nbsp;PRB480_ResponsePMOS_On
</UL>
<BR>[Called By]<UL><LI><a href="#[4a]">&gt;&gt;</a>&nbsp;&nbsp;&nbsp;PRB480_Step5_CopyScratchpad
<LI><a href="#[60]">&gt;&gt;</a>&nbsp;&nbsp;&nbsp;PRB480_ReadAuthenticatedPageRaw
<LI><a href="#[66]">&gt;&gt;</a>&nbsp;&nbsp;&nbsp;PRB480_ReadROM
<LI><a href="#[43]">&gt;&gt;</a>&nbsp;&nbsp;&nbsp;PRB480_ReadMemory
<LI><a href="#[5c]">&gt;&gt;</a>&nbsp;&nbsp;&nbsp;PRB480_LoadFirstSecret
<LI><a href="#[4c]">&gt;&gt;</a>&nbsp;&nbsp;&nbsp;PRB480_FRAM_Verify
<LI><a href="#[44]">&gt;&gt;</a>&nbsp;&nbsp;&nbsp;PRB480_WriteScratchpad
<LI><a href="#[45]">&gt;&gt;</a>&nbsp;&nbsp;&nbsp;PRB480_Step5_ReadScratchpad
<LI><a href="#[3e]">&gt;&gt;</a>&nbsp;&nbsp;&nbsp;PRB480_SkipROM
<LI><a href="#[3d]">&gt;&gt;</a>&nbsp;&nbsp;&nbsp;PRB480_MatchROM
</UL>

<P><STRONG><a name="[44]"></a>PRB480_WriteScratchpad</STRONG> (Thumb, 166 bytes, Stack size 64 bytes, prb480.o(i.PRB480_WriteScratchpad))
<BR><BR>[Stack]<UL><LI>Max Depth = 164<LI>Call Chain = PRB480_WriteScratchpad &rArr; PRB480_CommandStart &rArr; PRB480_MatchROM &rArr; PRB480_WriteByte &rArr; PRB480_WriteBit &rArr; PRB480_WaitSlotEnd &rArr; __aeabi_uidivmod
</UL>
<BR>[Calls]<UL><LI><a href="#[3b]">&gt;&gt;</a>&nbsp;&nbsp;&nbsp;PRB480_CommandStart
<LI><a href="#[41]">&gt;&gt;</a>&nbsp;&nbsp;&nbsp;PRB480_CheckWriteAddress
<LI><a href="#[4d]">&gt;&gt;</a>&nbsp;&nbsp;&nbsp;PRB480_WriteByte
<LI><a href="#[50]">&gt;&gt;</a>&nbsp;&nbsp;&nbsp;PRB480_ReadByte
<LI><a href="#[3a]">&gt;&gt;</a>&nbsp;&nbsp;&nbsp;PRB480_CalcCRC16
</UL>
<BR>[Called By]<UL><LI><a href="#[5c]">&gt;&gt;</a>&nbsp;&nbsp;&nbsp;PRB480_LoadFirstSecret
<LI><a href="#[3f]">&gt;&gt;</a>&nbsp;&nbsp;&nbsp;PRB480_CopyScratchpadVerified
<LI><a href="#[5b]">&gt;&gt;</a>&nbsp;&nbsp;&nbsp;PRB480_WriteAndVerifyScratchpad
</UL>

<P><STRONG><a name="[4]"></a>PendSV_Handler</STRONG> (Thumb, 2 bytes, Stack size 0 bytes, py32ca70_it.o(i.PendSV_Handler))
<BR>[Address Reference Count : 1]<UL><LI> startup_py32ca70xx.o(RESET)
</UL>
<P><STRONG><a name="[3]"></a>SVC_Handler</STRONG> (Thumb, 2 bytes, Stack size 0 bytes, py32ca70_it.o(i.SVC_Handler))
<BR>[Address Reference Count : 1]<UL><LI> startup_py32ca70xx.o(RESET)
</UL>
<P><STRONG><a name="[5]"></a>SysTick_Handler</STRONG> (Thumb, 2 bytes, Stack size 0 bytes, py32ca70_it.o(i.SysTick_Handler))
<BR>[Address Reference Count : 1]<UL><LI> startup_py32ca70xx.o(RESET)
</UL>
<P><STRONG><a name="[14]"></a>SystemInit</STRONG> (Thumb, 38 bytes, Stack size 0 bytes, system_py32ca70.o(i.SystemInit))
<BR>[Address Reference Count : 1]<UL><LI> startup_py32ca70xx.o(.text)
</UL>
<P><STRONG><a name="[59]"></a>TMX_Delay_ms</STRONG> (Thumb, 12 bytes, Stack size 8 bytes, prb480.o(i.TMX_Delay_ms))
<BR><BR>[Stack]<UL><LI>Max Depth = 16<LI>Call Chain = TMX_Delay_ms &rArr; LL_mDelay
</UL>
<BR>[Calls]<UL><LI><a href="#[6b]">&gt;&gt;</a>&nbsp;&nbsp;&nbsp;LL_mDelay
</UL>
<BR>[Called By]<UL><LI><a href="#[69]">&gt;&gt;</a>&nbsp;&nbsp;&nbsp;PRB480_WaitCopyResult
<LI><a href="#[4a]">&gt;&gt;</a>&nbsp;&nbsp;&nbsp;PRB480_Step5_CopyScratchpad
<LI><a href="#[60]">&gt;&gt;</a>&nbsp;&nbsp;&nbsp;PRB480_ReadAuthenticatedPageRaw
<LI><a href="#[5c]">&gt;&gt;</a>&nbsp;&nbsp;&nbsp;PRB480_LoadFirstSecret
<LI><a href="#[57]">&gt;&gt;</a>&nbsp;&nbsp;&nbsp;PRB480_Init
<LI><a href="#[3c]">&gt;&gt;</a>&nbsp;&nbsp;&nbsp;PRB480_Reset
</UL>

<P><STRONG><a name="[4f]"></a>TMX_Delay_us</STRONG> (Thumb, 86 bytes, Stack size 32 bytes, prb480.o(i.TMX_Delay_us))
<BR><BR>[Stack]<UL><LI>Max Depth = 44<LI>Call Chain = TMX_Delay_us &rArr; __aeabi_uidivmod
</UL>
<BR>[Calls]<UL><LI><a href="#[2c]">&gt;&gt;</a>&nbsp;&nbsp;&nbsp;__aeabi_uidivmod
</UL>
<BR>[Called By]<UL><LI><a href="#[4c]">&gt;&gt;</a>&nbsp;&nbsp;&nbsp;PRB480_FRAM_Verify
<LI><a href="#[3c]">&gt;&gt;</a>&nbsp;&nbsp;&nbsp;PRB480_Reset
<LI><a href="#[50]">&gt;&gt;</a>&nbsp;&nbsp;&nbsp;PRB480_ReadByte
</UL>

<P><STRONG><a name="[6c]"></a>__0printf$8</STRONG> (Thumb, 24 bytes, Stack size 24 bytes, printf8.o(i.__0printf$8), UNUSED)
<BR><BR>[Calls]<UL><LI><a href="#[6d]">&gt;&gt;</a>&nbsp;&nbsp;&nbsp;_printf_core
</UL>

<P><STRONG><a name="[80]"></a>__1printf$8</STRONG> (Thumb, 0 bytes, Stack size 24 bytes, printf8.o(i.__0printf$8), UNUSED)

<P><STRONG><a name="[2f]"></a>__2printf</STRONG> (Thumb, 0 bytes, Stack size 24 bytes, printf8.o(i.__0printf$8))
<BR><BR>[Stack]<UL><LI>Max Depth = 24<LI>Call Chain = __2printf
</UL>
<BR>[Called By]<UL><LI><a href="#[69]">&gt;&gt;</a>&nbsp;&nbsp;&nbsp;PRB480_WaitCopyResult
<LI><a href="#[62]">&gt;&gt;</a>&nbsp;&nbsp;&nbsp;PRB480_VerifyReadAuthPageDataCRC
<LI><a href="#[63]">&gt;&gt;</a>&nbsp;&nbsp;&nbsp;PRB480_VerifyReadAuthPageCRC
<LI><a href="#[4a]">&gt;&gt;</a>&nbsp;&nbsp;&nbsp;PRB480_Step5_CopyScratchpad
<LI><a href="#[60]">&gt;&gt;</a>&nbsp;&nbsp;&nbsp;PRB480_ReadAuthenticatedPageRaw
<LI><a href="#[5a]">&gt;&gt;</a>&nbsp;&nbsp;&nbsp;PRB480_LoadChallengeScratchpad
<LI><a href="#[55]">&gt;&gt;</a>&nbsp;&nbsp;&nbsp;PRB480_GenerateReadAuthPageMAC
<LI><a href="#[49]">&gt;&gt;</a>&nbsp;&nbsp;&nbsp;PRB480_GenerateCopyMAC
<LI><a href="#[48]">&gt;&gt;</a>&nbsp;&nbsp;&nbsp;PRB480_DebugPrintCopyMACInputs
<LI><a href="#[30]">&gt;&gt;</a>&nbsp;&nbsp;&nbsp;PRB480_AdcLogDump
<LI><a href="#[2d]">&gt;&gt;</a>&nbsp;&nbsp;&nbsp;PRB480_ADC_Config
<LI><a href="#[66]">&gt;&gt;</a>&nbsp;&nbsp;&nbsp;PRB480_ReadROM
<LI><a href="#[5f]">&gt;&gt;</a>&nbsp;&nbsp;&nbsp;PRB480_ReadAuthenticatedPageEx
<LI><a href="#[5c]">&gt;&gt;</a>&nbsp;&nbsp;&nbsp;PRB480_LoadFirstSecret
<LI><a href="#[4c]">&gt;&gt;</a>&nbsp;&nbsp;&nbsp;PRB480_FRAM_Verify
<LI><a href="#[3f]">&gt;&gt;</a>&nbsp;&nbsp;&nbsp;PRB480_CopyScratchpadVerified
<LI><a href="#[13]">&gt;&gt;</a>&nbsp;&nbsp;&nbsp;main
<LI><a href="#[5b]">&gt;&gt;</a>&nbsp;&nbsp;&nbsp;PRB480_WriteAndVerifyScratchpad
</UL>

<P><STRONG><a name="[81]"></a>__scatterload_copy</STRONG> (Thumb, 14 bytes, Stack size unknown bytes, handlers.o(i.__scatterload_copy), UNUSED)

<P><STRONG><a name="[82]"></a>__scatterload_null</STRONG> (Thumb, 2 bytes, Stack size unknown bytes, handlers.o(i.__scatterload_null), UNUSED)

<P><STRONG><a name="[83]"></a>__scatterload_zeroinit</STRONG> (Thumb, 14 bytes, Stack size unknown bytes, handlers.o(i.__scatterload_zeroinit), UNUSED)

<P><STRONG><a name="[16]"></a>fputc</STRONG> (Thumb, 30 bytes, Stack size 0 bytes, py32ca70xx_ll_start_kit.o(i.fputc))
<BR>[Address Reference Count : 1]<UL><LI> printf8.o(i.__0printf$8)
</UL>
<P><STRONG><a name="[13]"></a>main</STRONG> (Thumb, 2014 bytes, Stack size 408 bytes, main.o(i.main))
<BR><BR>[Stack]<UL><LI>Max Depth = 1024<LI>Call Chain = main &rArr; PRB480_CopyScratchpadVerified &rArr; PRB480_GenerateCopyMAC &rArr; PRB480_GenerateCopyDataPageMAC &rArr; PRB480_RunMacCompression
</UL>
<BR>[Calls]<UL><LI><a href="#[70]">&gt;&gt;</a>&nbsp;&nbsp;&nbsp;PRB480_SetAdcThreshold
<LI><a href="#[37]">&gt;&gt;</a>&nbsp;&nbsp;&nbsp;PRB480_ResponsePMOS_Off
<LI><a href="#[66]">&gt;&gt;</a>&nbsp;&nbsp;&nbsp;PRB480_ReadROM
<LI><a href="#[43]">&gt;&gt;</a>&nbsp;&nbsp;&nbsp;PRB480_ReadMemory
<LI><a href="#[5f]">&gt;&gt;</a>&nbsp;&nbsp;&nbsp;PRB480_ReadAuthenticatedPageEx
<LI><a href="#[38]">&gt;&gt;</a>&nbsp;&nbsp;&nbsp;PRB480_PowerPMOS_Off
<LI><a href="#[5c]">&gt;&gt;</a>&nbsp;&nbsp;&nbsp;PRB480_LoadFirstSecret
<LI><a href="#[57]">&gt;&gt;</a>&nbsp;&nbsp;&nbsp;PRB480_Init
<LI><a href="#[4c]">&gt;&gt;</a>&nbsp;&nbsp;&nbsp;PRB480_FRAM_Verify
<LI><a href="#[3f]">&gt;&gt;</a>&nbsp;&nbsp;&nbsp;PRB480_CopyScratchpadVerified
<LI><a href="#[31]">&gt;&gt;</a>&nbsp;&nbsp;&nbsp;PRB480_BoardInterfaceConfig
<LI><a href="#[6b]">&gt;&gt;</a>&nbsp;&nbsp;&nbsp;LL_mDelay
<LI><a href="#[23]">&gt;&gt;</a>&nbsp;&nbsp;&nbsp;BSP_UART_Config
<LI><a href="#[20]">&gt;&gt;</a>&nbsp;&nbsp;&nbsp;APP_SystemClockConfig
<LI><a href="#[2f]">&gt;&gt;</a>&nbsp;&nbsp;&nbsp;__2printf
<LI><a href="#[4b]">&gt;&gt;</a>&nbsp;&nbsp;&nbsp;__aeabi_memclr4
</UL>
<BR>[Address Reference Count : 1]<UL><LI> entry9a.o(.ARM.Collect$$$$0000000B)
</UL><P>
<H3>
Local Symbols
</H3>
<P><STRONG><a name="[20]"></a>APP_SystemClockConfig</STRONG> (Thumb, 126 bytes, Stack size 8 bytes, main.o(i.APP_SystemClockConfig))
<BR><BR>[Stack]<UL><LI>Max Depth = 36<LI>Call Chain = APP_SystemClockConfig &rArr; LL_Init1msTick &rArr; __aeabi_uidivmod
</UL>
<BR>[Calls]<UL><LI><a href="#[22]">&gt;&gt;</a>&nbsp;&nbsp;&nbsp;LL_SetSystemCoreClock
<LI><a href="#[21]">&gt;&gt;</a>&nbsp;&nbsp;&nbsp;LL_Init1msTick
</UL>
<BR>[Called By]<UL><LI><a href="#[13]">&gt;&gt;</a>&nbsp;&nbsp;&nbsp;main
</UL>

<P><STRONG><a name="[26]"></a>LL_GPIO_SetAFPin</STRONG> (Thumb, 36 bytes, Stack size 12 bytes, py32ca70xx_ll_start_kit.o(i.LL_GPIO_SetAFPin))
<BR><BR>[Stack]<UL><LI>Max Depth = 12<LI>Call Chain = LL_GPIO_SetAFPin
</UL>
<BR>[Called By]<UL><LI><a href="#[23]">&gt;&gt;</a>&nbsp;&nbsp;&nbsp;BSP_UART_Config
</UL>

<P><STRONG><a name="[27]"></a>LL_GPIO_SetPinMode</STRONG> (Thumb, 26 bytes, Stack size 12 bytes, py32ca70xx_ll_start_kit.o(i.LL_GPIO_SetPinMode))
<BR><BR>[Stack]<UL><LI>Max Depth = 12<LI>Call Chain = LL_GPIO_SetPinMode
</UL>
<BR>[Called By]<UL><LI><a href="#[23]">&gt;&gt;</a>&nbsp;&nbsp;&nbsp;BSP_UART_Config
</UL>

<P><STRONG><a name="[29]"></a>LL_GPIO_SetPinPull</STRONG> (Thumb, 26 bytes, Stack size 12 bytes, py32ca70xx_ll_start_kit.o(i.LL_GPIO_SetPinPull))
<BR><BR>[Stack]<UL><LI>Max Depth = 12<LI>Call Chain = LL_GPIO_SetPinPull
</UL>
<BR>[Called By]<UL><LI><a href="#[23]">&gt;&gt;</a>&nbsp;&nbsp;&nbsp;BSP_UART_Config
</UL>

<P><STRONG><a name="[28]"></a>LL_GPIO_SetPinSpeed</STRONG> (Thumb, 26 bytes, Stack size 12 bytes, py32ca70xx_ll_start_kit.o(i.LL_GPIO_SetPinSpeed))
<BR><BR>[Stack]<UL><LI>Max Depth = 12<LI>Call Chain = LL_GPIO_SetPinSpeed
</UL>
<BR>[Called By]<UL><LI><a href="#[23]">&gt;&gt;</a>&nbsp;&nbsp;&nbsp;BSP_UART_Config
</UL>

<P><STRONG><a name="[25]"></a>LL_IOP_GRP1_EnableClock</STRONG> (Thumb, 24 bytes, Stack size 8 bytes, py32ca70xx_ll_start_kit.o(i.LL_IOP_GRP1_EnableClock))
<BR><BR>[Stack]<UL><LI>Max Depth = 8<LI>Call Chain = LL_IOP_GRP1_EnableClock
</UL>
<BR>[Called By]<UL><LI><a href="#[23]">&gt;&gt;</a>&nbsp;&nbsp;&nbsp;BSP_UART_Config
</UL>

<P><STRONG><a name="[24]"></a>LL_UART_SetBaudRate</STRONG> (Thumb, 292 bytes, Stack size 40 bytes, py32ca70xx_ll_start_kit.o(i.LL_UART_SetBaudRate))
<BR><BR>[Stack]<UL><LI>Max Depth = 52<LI>Call Chain = LL_UART_SetBaudRate &rArr; __aeabi_uidivmod
</UL>
<BR>[Calls]<UL><LI><a href="#[2c]">&gt;&gt;</a>&nbsp;&nbsp;&nbsp;__aeabi_uidivmod
</UL>
<BR>[Called By]<UL><LI><a href="#[23]">&gt;&gt;</a>&nbsp;&nbsp;&nbsp;BSP_UART_Config
</UL>

<P><STRONG><a name="[33]"></a>LL_GPIO_SetPinMode</STRONG> (Thumb, 26 bytes, Stack size 12 bytes, prb480.o(i.LL_GPIO_SetPinMode))
<BR><BR>[Stack]<UL><LI>Max Depth = 12<LI>Call Chain = LL_GPIO_SetPinMode
</UL>
<BR>[Called By]<UL><LI><a href="#[2e]">&gt;&gt;</a>&nbsp;&nbsp;&nbsp;PRB480_IO_ANALOG
<LI><a href="#[31]">&gt;&gt;</a>&nbsp;&nbsp;&nbsp;PRB480_BoardInterfaceConfig
</UL>

<P><STRONG><a name="[34]"></a>LL_GPIO_SetPinOutputType</STRONG> (Thumb, 16 bytes, Stack size 8 bytes, prb480.o(i.LL_GPIO_SetPinOutputType))
<BR><BR>[Stack]<UL><LI>Max Depth = 8<LI>Call Chain = LL_GPIO_SetPinOutputType
</UL>
<BR>[Called By]<UL><LI><a href="#[31]">&gt;&gt;</a>&nbsp;&nbsp;&nbsp;PRB480_BoardInterfaceConfig
</UL>

<P><STRONG><a name="[35]"></a>LL_GPIO_SetPinPull</STRONG> (Thumb, 26 bytes, Stack size 12 bytes, prb480.o(i.LL_GPIO_SetPinPull))
<BR><BR>[Stack]<UL><LI>Max Depth = 12<LI>Call Chain = LL_GPIO_SetPinPull
</UL>
<BR>[Called By]<UL><LI><a href="#[2e]">&gt;&gt;</a>&nbsp;&nbsp;&nbsp;PRB480_IO_ANALOG
<LI><a href="#[31]">&gt;&gt;</a>&nbsp;&nbsp;&nbsp;PRB480_BoardInterfaceConfig
</UL>

<P><STRONG><a name="[36]"></a>LL_GPIO_SetPinSpeed</STRONG> (Thumb, 26 bytes, Stack size 12 bytes, prb480.o(i.LL_GPIO_SetPinSpeed))
<BR><BR>[Stack]<UL><LI>Max Depth = 12<LI>Call Chain = LL_GPIO_SetPinSpeed
</UL>
<BR>[Called By]<UL><LI><a href="#[2e]">&gt;&gt;</a>&nbsp;&nbsp;&nbsp;PRB480_IO_ANALOG
<LI><a href="#[31]">&gt;&gt;</a>&nbsp;&nbsp;&nbsp;PRB480_BoardInterfaceConfig
</UL>

<P><STRONG><a name="[32]"></a>LL_IOP_GRP1_EnableClock</STRONG> (Thumb, 24 bytes, Stack size 8 bytes, prb480.o(i.LL_IOP_GRP1_EnableClock))
<BR><BR>[Stack]<UL><LI>Max Depth = 8<LI>Call Chain = LL_IOP_GRP1_EnableClock
</UL>
<BR>[Called By]<UL><LI><a href="#[31]">&gt;&gt;</a>&nbsp;&nbsp;&nbsp;PRB480_BoardInterfaceConfig
</UL>

<P><STRONG><a name="[2d]"></a>PRB480_ADC_Config</STRONG> (Thumb, 426 bytes, Stack size 24 bytes, prb480.o(i.PRB480_ADC_Config))
<BR><BR>[Stack]<UL><LI>Max Depth = 48<LI>Call Chain = PRB480_ADC_Config &rArr; __2printf
</UL>
<BR>[Calls]<UL><LI><a href="#[2e]">&gt;&gt;</a>&nbsp;&nbsp;&nbsp;PRB480_IO_ANALOG
<LI><a href="#[2f]">&gt;&gt;</a>&nbsp;&nbsp;&nbsp;__2printf
</UL>
<BR>[Called By]<UL><LI><a href="#[31]">&gt;&gt;</a>&nbsp;&nbsp;&nbsp;PRB480_BoardInterfaceConfig
</UL>

<P><STRONG><a name="[30]"></a>PRB480_AdcLogDump</STRONG> (Thumb, 80 bytes, Stack size 8 bytes, prb480.o(i.PRB480_AdcLogDump))
<BR><BR>[Stack]<UL><LI>Max Depth = 32<LI>Call Chain = PRB480_AdcLogDump &rArr; __2printf
</UL>
<BR>[Calls]<UL><LI><a href="#[2f]">&gt;&gt;</a>&nbsp;&nbsp;&nbsp;__2printf
</UL>
<BR>[Called By]<UL><LI><a href="#[66]">&gt;&gt;</a>&nbsp;&nbsp;&nbsp;PRB480_ReadROM
</UL>

<P><STRONG><a name="[67]"></a>PRB480_AdcLogStart</STRONG> (Thumb, 38 bytes, Stack size 0 bytes, prb480.o(i.PRB480_AdcLogStart))
<BR><BR>[Called By]<UL><LI><a href="#[66]">&gt;&gt;</a>&nbsp;&nbsp;&nbsp;PRB480_ReadROM
</UL>

<P><STRONG><a name="[68]"></a>PRB480_CalcCRC8</STRONG> (Thumb, 56 bytes, Stack size 20 bytes, prb480.o(i.PRB480_CalcCRC8))
<BR><BR>[Stack]<UL><LI>Max Depth = 20<LI>Call Chain = PRB480_CalcCRC8
</UL>
<BR>[Called By]<UL><LI><a href="#[66]">&gt;&gt;</a>&nbsp;&nbsp;&nbsp;PRB480_ReadROM
</UL>

<P><STRONG><a name="[5e]"></a>PRB480_CheckAlternatingResponse</STRONG> (Thumb, 30 bytes, Stack size 0 bytes, prb480.o(i.PRB480_CheckAlternatingResponse))
<BR><BR>[Called By]<UL><LI><a href="#[69]">&gt;&gt;</a>&nbsp;&nbsp;&nbsp;PRB480_WaitCopyResult
<LI><a href="#[60]">&gt;&gt;</a>&nbsp;&nbsp;&nbsp;PRB480_ReadAuthenticatedPageRaw
<LI><a href="#[5c]">&gt;&gt;</a>&nbsp;&nbsp;&nbsp;PRB480_LoadFirstSecret
</UL>

<P><STRONG><a name="[46]"></a>PRB480_CheckScratchpadES</STRONG> (Thumb, 42 bytes, Stack size 0 bytes, prb480.o(i.PRB480_CheckScratchpadES))
<BR><BR>[Called By]<UL><LI><a href="#[4a]">&gt;&gt;</a>&nbsp;&nbsp;&nbsp;PRB480_Step5_CopyScratchpad
<LI><a href="#[3f]">&gt;&gt;</a>&nbsp;&nbsp;&nbsp;PRB480_CopyScratchpadVerified
<LI><a href="#[5b]">&gt;&gt;</a>&nbsp;&nbsp;&nbsp;PRB480_WriteAndVerifyScratchpad
</UL>

<P><STRONG><a name="[41]"></a>PRB480_CheckWriteAddress</STRONG> (Thumb, 26 bytes, Stack size 0 bytes, prb480.o(i.PRB480_CheckWriteAddress))
<BR><BR>[Called By]<UL><LI><a href="#[4a]">&gt;&gt;</a>&nbsp;&nbsp;&nbsp;PRB480_Step5_CopyScratchpad
<LI><a href="#[5c]">&gt;&gt;</a>&nbsp;&nbsp;&nbsp;PRB480_LoadFirstSecret
<LI><a href="#[3f]">&gt;&gt;</a>&nbsp;&nbsp;&nbsp;PRB480_CopyScratchpadVerified
<LI><a href="#[44]">&gt;&gt;</a>&nbsp;&nbsp;&nbsp;PRB480_WriteScratchpad
<LI><a href="#[5b]">&gt;&gt;</a>&nbsp;&nbsp;&nbsp;PRB480_WriteAndVerifyScratchpad
</UL>

<P><STRONG><a name="[3b]"></a>PRB480_CommandStart</STRONG> (Thumb, 36 bytes, Stack size 8 bytes, prb480.o(i.PRB480_CommandStart))
<BR><BR>[Stack]<UL><LI>Max Depth = 100<LI>Call Chain = PRB480_CommandStart &rArr; PRB480_MatchROM &rArr; PRB480_WriteByte &rArr; PRB480_WriteBit &rArr; PRB480_WaitSlotEnd &rArr; __aeabi_uidivmod
</UL>
<BR>[Calls]<UL><LI><a href="#[3e]">&gt;&gt;</a>&nbsp;&nbsp;&nbsp;PRB480_SkipROM
<LI><a href="#[3c]">&gt;&gt;</a>&nbsp;&nbsp;&nbsp;PRB480_Reset
<LI><a href="#[3d]">&gt;&gt;</a>&nbsp;&nbsp;&nbsp;PRB480_MatchROM
</UL>
<BR>[Called By]<UL><LI><a href="#[60]">&gt;&gt;</a>&nbsp;&nbsp;&nbsp;PRB480_ReadAuthenticatedPageRaw
<LI><a href="#[43]">&gt;&gt;</a>&nbsp;&nbsp;&nbsp;PRB480_ReadMemory
<LI><a href="#[44]">&gt;&gt;</a>&nbsp;&nbsp;&nbsp;PRB480_WriteScratchpad
</UL>

<P><STRONG><a name="[48]"></a>PRB480_DebugPrintCopyMACInputs</STRONG> (Thumb, 728 bytes, Stack size 128 bytes, prb480.o(i.PRB480_DebugPrintCopyMACInputs))
<BR><BR>[Stack]<UL><LI>Max Depth = 152<LI>Call Chain = PRB480_DebugPrintCopyMACInputs &rArr; __2printf
</UL>
<BR>[Calls]<UL><LI><a href="#[42]">&gt;&gt;</a>&nbsp;&nbsp;&nbsp;PRB480_PageStart
<LI><a href="#[40]">&gt;&gt;</a>&nbsp;&nbsp;&nbsp;PRB480_GetCopyTargetArea
<LI><a href="#[2f]">&gt;&gt;</a>&nbsp;&nbsp;&nbsp;__2printf
<LI><a href="#[4b]">&gt;&gt;</a>&nbsp;&nbsp;&nbsp;__aeabi_memclr4
</UL>
<BR>[Called By]<UL><LI><a href="#[3f]">&gt;&gt;</a>&nbsp;&nbsp;&nbsp;PRB480_CopyScratchpadVerified
</UL>

<P><STRONG><a name="[5d]"></a>PRB480_DelayNop</STRONG> (Thumb, 24 bytes, Stack size 8 bytes, prb480.o(i.PRB480_DelayNop))
<BR><BR>[Stack]<UL><LI>Max Depth = 8<LI>Call Chain = PRB480_DelayNop
</UL>
<BR>[Called By]<UL><LI><a href="#[4a]">&gt;&gt;</a>&nbsp;&nbsp;&nbsp;PRB480_Step5_CopyScratchpad
<LI><a href="#[5c]">&gt;&gt;</a>&nbsp;&nbsp;&nbsp;PRB480_LoadFirstSecret
<LI><a href="#[4d]">&gt;&gt;</a>&nbsp;&nbsp;&nbsp;PRB480_WriteByte
<LI><a href="#[4e]">&gt;&gt;</a>&nbsp;&nbsp;&nbsp;PRB480_WriteBit
<LI><a href="#[45]">&gt;&gt;</a>&nbsp;&nbsp;&nbsp;PRB480_Step5_ReadScratchpad
<LI><a href="#[64]">&gt;&gt;</a>&nbsp;&nbsp;&nbsp;PRB480_ReadBit
</UL>

<P><STRONG><a name="[51]"></a>PRB480_GenerateCopyConfigPageMAC</STRONG> (Thumb, 276 bytes, Stack size 120 bytes, prb480.o(i.PRB480_GenerateCopyConfigPageMAC))
<BR><BR>[Stack]<UL><LI>Max Depth = 480<LI>Call Chain = PRB480_GenerateCopyConfigPageMAC &rArr; PRB480_RunMacCompression
</UL>
<BR>[Calls]<UL><LI><a href="#[53]">&gt;&gt;</a>&nbsp;&nbsp;&nbsp;PRB480_StateToBusMAC
<LI><a href="#[52]">&gt;&gt;</a>&nbsp;&nbsp;&nbsp;PRB480_RunMacCompression
<LI><a href="#[40]">&gt;&gt;</a>&nbsp;&nbsp;&nbsp;PRB480_GetCopyTargetArea
<LI><a href="#[4b]">&gt;&gt;</a>&nbsp;&nbsp;&nbsp;__aeabi_memclr4
</UL>
<BR>[Called By]<UL><LI><a href="#[49]">&gt;&gt;</a>&nbsp;&nbsp;&nbsp;PRB480_GenerateCopyMAC
</UL>

<P><STRONG><a name="[54]"></a>PRB480_GenerateCopyDataPageMAC</STRONG> (Thumb, 194 bytes, Stack size 120 bytes, prb480.o(i.PRB480_GenerateCopyDataPageMAC))
<BR><BR>[Stack]<UL><LI>Max Depth = 480<LI>Call Chain = PRB480_GenerateCopyDataPageMAC &rArr; PRB480_RunMacCompression
</UL>
<BR>[Calls]<UL><LI><a href="#[53]">&gt;&gt;</a>&nbsp;&nbsp;&nbsp;PRB480_StateToBusMAC
<LI><a href="#[52]">&gt;&gt;</a>&nbsp;&nbsp;&nbsp;PRB480_RunMacCompression
<LI><a href="#[42]">&gt;&gt;</a>&nbsp;&nbsp;&nbsp;PRB480_PageStart
<LI><a href="#[4b]">&gt;&gt;</a>&nbsp;&nbsp;&nbsp;__aeabi_memclr4
</UL>
<BR>[Called By]<UL><LI><a href="#[49]">&gt;&gt;</a>&nbsp;&nbsp;&nbsp;PRB480_GenerateCopyMAC
</UL>

<P><STRONG><a name="[49]"></a>PRB480_GenerateCopyMAC</STRONG> (Thumb, 76 bytes, Stack size 48 bytes, prb480.o(i.PRB480_GenerateCopyMAC))
<BR><BR>[Stack]<UL><LI>Max Depth = 528<LI>Call Chain = PRB480_GenerateCopyMAC &rArr; PRB480_GenerateCopyDataPageMAC &rArr; PRB480_RunMacCompression
</UL>
<BR>[Calls]<UL><LI><a href="#[40]">&gt;&gt;</a>&nbsp;&nbsp;&nbsp;PRB480_GetCopyTargetArea
<LI><a href="#[54]">&gt;&gt;</a>&nbsp;&nbsp;&nbsp;PRB480_GenerateCopyDataPageMAC
<LI><a href="#[51]">&gt;&gt;</a>&nbsp;&nbsp;&nbsp;PRB480_GenerateCopyConfigPageMAC
<LI><a href="#[2f]">&gt;&gt;</a>&nbsp;&nbsp;&nbsp;__2printf
</UL>
<BR>[Called By]<UL><LI><a href="#[3f]">&gt;&gt;</a>&nbsp;&nbsp;&nbsp;PRB480_CopyScratchpadVerified
</UL>

<P><STRONG><a name="[55]"></a>PRB480_GenerateReadAuthPageMAC</STRONG> (Thumb, 234 bytes, Stack size 128 bytes, prb480.o(i.PRB480_GenerateReadAuthPageMAC))
<BR><BR>[Stack]<UL><LI>Max Depth = 488<LI>Call Chain = PRB480_GenerateReadAuthPageMAC &rArr; PRB480_RunMacCompression
</UL>
<BR>[Calls]<UL><LI><a href="#[53]">&gt;&gt;</a>&nbsp;&nbsp;&nbsp;PRB480_StateToBusMAC
<LI><a href="#[52]">&gt;&gt;</a>&nbsp;&nbsp;&nbsp;PRB480_RunMacCompression
<LI><a href="#[42]">&gt;&gt;</a>&nbsp;&nbsp;&nbsp;PRB480_PageStart
<LI><a href="#[2f]">&gt;&gt;</a>&nbsp;&nbsp;&nbsp;__2printf
<LI><a href="#[4b]">&gt;&gt;</a>&nbsp;&nbsp;&nbsp;__aeabi_memclr4
</UL>
<BR>[Called By]<UL><LI><a href="#[5f]">&gt;&gt;</a>&nbsp;&nbsp;&nbsp;PRB480_ReadAuthenticatedPageEx
</UL>

<P><STRONG><a name="[40]"></a>PRB480_GetCopyTargetArea</STRONG> (Thumb, 26 bytes, Stack size 0 bytes, prb480.o(i.PRB480_GetCopyTargetArea))
<BR><BR>[Called By]<UL><LI><a href="#[4a]">&gt;&gt;</a>&nbsp;&nbsp;&nbsp;PRB480_Step5_CopyScratchpad
<LI><a href="#[49]">&gt;&gt;</a>&nbsp;&nbsp;&nbsp;PRB480_GenerateCopyMAC
<LI><a href="#[51]">&gt;&gt;</a>&nbsp;&nbsp;&nbsp;PRB480_GenerateCopyConfigPageMAC
<LI><a href="#[48]">&gt;&gt;</a>&nbsp;&nbsp;&nbsp;PRB480_DebugPrintCopyMACInputs
<LI><a href="#[3f]">&gt;&gt;</a>&nbsp;&nbsp;&nbsp;PRB480_CopyScratchpadVerified
</UL>

<P><STRONG><a name="[56]"></a>PRB480_GetPinPos</STRONG> (Thumb, 20 bytes, Stack size 0 bytes, prb480.o(i.PRB480_GetPinPos))
<BR><BR>[Called By]<UL><LI><a href="#[39]">&gt;&gt;</a>&nbsp;&nbsp;&nbsp;PRB480_IO_IN
</UL>

<P><STRONG><a name="[2e]"></a>PRB480_IO_ANALOG</STRONG> (Thumb, 46 bytes, Stack size 8 bytes, prb480.o(i.PRB480_IO_ANALOG))
<BR><BR>[Stack]<UL><LI>Max Depth = 20<LI>Call Chain = PRB480_IO_ANALOG &rArr; LL_GPIO_SetPinSpeed
</UL>
<BR>[Calls]<UL><LI><a href="#[36]">&gt;&gt;</a>&nbsp;&nbsp;&nbsp;LL_GPIO_SetPinSpeed
<LI><a href="#[35]">&gt;&gt;</a>&nbsp;&nbsp;&nbsp;LL_GPIO_SetPinPull
<LI><a href="#[33]">&gt;&gt;</a>&nbsp;&nbsp;&nbsp;LL_GPIO_SetPinMode
</UL>
<BR>[Called By]<UL><LI><a href="#[2d]">&gt;&gt;</a>&nbsp;&nbsp;&nbsp;PRB480_ADC_Config
<LI><a href="#[50]">&gt;&gt;</a>&nbsp;&nbsp;&nbsp;PRB480_ReadByte
</UL>

<P><STRONG><a name="[5a]"></a>PRB480_LoadChallengeScratchpad</STRONG> (Thumb, 164 bytes, Stack size 72 bytes, prb480.o(i.PRB480_LoadChallengeScratchpad))
<BR><BR>[Stack]<UL><LI>Max Depth = 308<LI>Call Chain = PRB480_LoadChallengeScratchpad &rArr; PRB480_WriteAndVerifyScratchpad &rArr; PRB480_WriteScratchpad &rArr; PRB480_CommandStart &rArr; PRB480_MatchROM &rArr; PRB480_WriteByte &rArr; PRB480_WriteBit &rArr; PRB480_WaitSlotEnd &rArr; __aeabi_uidivmod
</UL>
<BR>[Calls]<UL><LI><a href="#[42]">&gt;&gt;</a>&nbsp;&nbsp;&nbsp;PRB480_PageStart
<LI><a href="#[2f]">&gt;&gt;</a>&nbsp;&nbsp;&nbsp;__2printf
<LI><a href="#[5b]">&gt;&gt;</a>&nbsp;&nbsp;&nbsp;PRB480_WriteAndVerifyScratchpad
</UL>
<BR>[Called By]<UL><LI><a href="#[60]">&gt;&gt;</a>&nbsp;&nbsp;&nbsp;PRB480_ReadAuthenticatedPageRaw
</UL>

<P><STRONG><a name="[42]"></a>PRB480_PageStart</STRONG> (Thumb, 8 bytes, Stack size 0 bytes, prb480.o(i.PRB480_PageStart))
<BR><BR>[Called By]<UL><LI><a href="#[5a]">&gt;&gt;</a>&nbsp;&nbsp;&nbsp;PRB480_LoadChallengeScratchpad
<LI><a href="#[55]">&gt;&gt;</a>&nbsp;&nbsp;&nbsp;PRB480_GenerateReadAuthPageMAC
<LI><a href="#[54]">&gt;&gt;</a>&nbsp;&nbsp;&nbsp;PRB480_GenerateCopyDataPageMAC
<LI><a href="#[48]">&gt;&gt;</a>&nbsp;&nbsp;&nbsp;PRB480_DebugPrintCopyMACInputs
<LI><a href="#[3f]">&gt;&gt;</a>&nbsp;&nbsp;&nbsp;PRB480_CopyScratchpadVerified
</UL>

<P><STRONG><a name="[65]"></a>PRB480_ReadAdcRaw</STRONG> (Thumb, 56 bytes, Stack size 0 bytes, prb480.o(i.PRB480_ReadAdcRaw))
<BR><BR>[Called By]<UL><LI><a href="#[64]">&gt;&gt;</a>&nbsp;&nbsp;&nbsp;PRB480_ReadBit
</UL>

<P><STRONG><a name="[60]"></a>PRB480_ReadAuthenticatedPageRaw</STRONG> (Thumb, 674 bytes, Stack size 104 bytes, prb480.o(i.PRB480_ReadAuthenticatedPageRaw))
<BR><BR>[Stack]<UL><LI>Max Depth = 412<LI>Call Chain = PRB480_ReadAuthenticatedPageRaw &rArr; PRB480_LoadChallengeScratchpad &rArr; PRB480_WriteAndVerifyScratchpad &rArr; PRB480_WriteScratchpad &rArr; PRB480_CommandStart &rArr; PRB480_MatchROM &rArr; PRB480_WriteByte &rArr; PRB480_WriteBit &rArr; PRB480_WaitSlotEnd &rArr; __aeabi_uidivmod
</UL>
<BR>[Calls]<UL><LI><a href="#[62]">&gt;&gt;</a>&nbsp;&nbsp;&nbsp;PRB480_VerifyReadAuthPageDataCRC
<LI><a href="#[63]">&gt;&gt;</a>&nbsp;&nbsp;&nbsp;PRB480_VerifyReadAuthPageCRC
<LI><a href="#[5a]">&gt;&gt;</a>&nbsp;&nbsp;&nbsp;PRB480_LoadChallengeScratchpad
<LI><a href="#[3b]">&gt;&gt;</a>&nbsp;&nbsp;&nbsp;PRB480_CommandStart
<LI><a href="#[5e]">&gt;&gt;</a>&nbsp;&nbsp;&nbsp;PRB480_CheckAlternatingResponse
<LI><a href="#[2f]">&gt;&gt;</a>&nbsp;&nbsp;&nbsp;__2printf
<LI><a href="#[19]">&gt;&gt;</a>&nbsp;&nbsp;&nbsp;__aeabi_memclr
<LI><a href="#[61]">&gt;&gt;</a>&nbsp;&nbsp;&nbsp;__aeabi_memcpy
<LI><a href="#[59]">&gt;&gt;</a>&nbsp;&nbsp;&nbsp;TMX_Delay_ms
<LI><a href="#[4d]">&gt;&gt;</a>&nbsp;&nbsp;&nbsp;PRB480_WriteByte
<LI><a href="#[3c]">&gt;&gt;</a>&nbsp;&nbsp;&nbsp;PRB480_Reset
<LI><a href="#[50]">&gt;&gt;</a>&nbsp;&nbsp;&nbsp;PRB480_ReadByte
</UL>
<BR>[Called By]<UL><LI><a href="#[5f]">&gt;&gt;</a>&nbsp;&nbsp;&nbsp;PRB480_ReadAuthenticatedPageEx
</UL>

<P><STRONG><a name="[52]"></a>PRB480_RunMacCompression</STRONG> (Thumb, 298 bytes, Stack size 360 bytes, prb480.o(i.PRB480_RunMacCompression))
<BR><BR>[Stack]<UL><LI>Max Depth = 360<LI>Call Chain = PRB480_RunMacCompression
</UL>
<BR>[Called By]<UL><LI><a href="#[55]">&gt;&gt;</a>&nbsp;&nbsp;&nbsp;PRB480_GenerateReadAuthPageMAC
<LI><a href="#[54]">&gt;&gt;</a>&nbsp;&nbsp;&nbsp;PRB480_GenerateCopyDataPageMAC
<LI><a href="#[51]">&gt;&gt;</a>&nbsp;&nbsp;&nbsp;PRB480_GenerateCopyConfigPageMAC
</UL>

<P><STRONG><a name="[53]"></a>PRB480_StateToBusMAC</STRONG> (Thumb, 78 bytes, Stack size 24 bytes, prb480.o(i.PRB480_StateToBusMAC))
<BR><BR>[Stack]<UL><LI>Max Depth = 24<LI>Call Chain = PRB480_StateToBusMAC
</UL>
<BR>[Called By]<UL><LI><a href="#[55]">&gt;&gt;</a>&nbsp;&nbsp;&nbsp;PRB480_GenerateReadAuthPageMAC
<LI><a href="#[54]">&gt;&gt;</a>&nbsp;&nbsp;&nbsp;PRB480_GenerateCopyDataPageMAC
<LI><a href="#[51]">&gt;&gt;</a>&nbsp;&nbsp;&nbsp;PRB480_GenerateCopyConfigPageMAC
</UL>

<P><STRONG><a name="[4a]"></a>PRB480_Step5_CopyScratchpad</STRONG> (Thumb, 258 bytes, Stack size 32 bytes, prb480.o(i.PRB480_Step5_CopyScratchpad))
<BR><BR>[Stack]<UL><LI>Max Depth = 124<LI>Call Chain = PRB480_Step5_CopyScratchpad &rArr; PRB480_WaitCopyResult &rArr; PRB480_ReadByte &rArr; TMX_Delay_us &rArr; __aeabi_uidivmod
</UL>
<BR>[Calls]<UL><LI><a href="#[69]">&gt;&gt;</a>&nbsp;&nbsp;&nbsp;PRB480_WaitCopyResult
<LI><a href="#[40]">&gt;&gt;</a>&nbsp;&nbsp;&nbsp;PRB480_GetCopyTargetArea
<LI><a href="#[5d]">&gt;&gt;</a>&nbsp;&nbsp;&nbsp;PRB480_DelayNop
<LI><a href="#[41]">&gt;&gt;</a>&nbsp;&nbsp;&nbsp;PRB480_CheckWriteAddress
<LI><a href="#[46]">&gt;&gt;</a>&nbsp;&nbsp;&nbsp;PRB480_CheckScratchpadES
<LI><a href="#[2f]">&gt;&gt;</a>&nbsp;&nbsp;&nbsp;__2printf
<LI><a href="#[59]">&gt;&gt;</a>&nbsp;&nbsp;&nbsp;TMX_Delay_ms
<LI><a href="#[4d]">&gt;&gt;</a>&nbsp;&nbsp;&nbsp;PRB480_WriteByte
<LI><a href="#[4e]">&gt;&gt;</a>&nbsp;&nbsp;&nbsp;PRB480_WriteBit
<LI><a href="#[3c]">&gt;&gt;</a>&nbsp;&nbsp;&nbsp;PRB480_Reset
</UL>
<BR>[Called By]<UL><LI><a href="#[3f]">&gt;&gt;</a>&nbsp;&nbsp;&nbsp;PRB480_CopyScratchpadVerified
</UL>

<P><STRONG><a name="[63]"></a>PRB480_VerifyReadAuthPageCRC</STRONG> (Thumb, 102 bytes, Stack size 80 bytes, prb480.o(i.PRB480_VerifyReadAuthPageCRC))
<BR><BR>[Stack]<UL><LI>Max Depth = 128<LI>Call Chain = PRB480_VerifyReadAuthPageCRC &rArr; PRB480_CalcCRC16 &rArr; Cal_Crc16 &rArr; Cal_Crc16_bit
</UL>
<BR>[Calls]<UL><LI><a href="#[2f]">&gt;&gt;</a>&nbsp;&nbsp;&nbsp;__2printf
<LI><a href="#[3a]">&gt;&gt;</a>&nbsp;&nbsp;&nbsp;PRB480_CalcCRC16
</UL>
<BR>[Called By]<UL><LI><a href="#[60]">&gt;&gt;</a>&nbsp;&nbsp;&nbsp;PRB480_ReadAuthenticatedPageRaw
</UL>

<P><STRONG><a name="[62]"></a>PRB480_VerifyReadAuthPageDataCRC</STRONG> (Thumb, 174 bytes, Stack size 88 bytes, prb480.o(i.PRB480_VerifyReadAuthPageDataCRC))
<BR><BR>[Stack]<UL><LI>Max Depth = 136<LI>Call Chain = PRB480_VerifyReadAuthPageDataCRC &rArr; PRB480_CalcCRC16 &rArr; Cal_Crc16 &rArr; Cal_Crc16_bit
</UL>
<BR>[Calls]<UL><LI><a href="#[2f]">&gt;&gt;</a>&nbsp;&nbsp;&nbsp;__2printf
<LI><a href="#[3a]">&gt;&gt;</a>&nbsp;&nbsp;&nbsp;PRB480_CalcCRC16
</UL>
<BR>[Called By]<UL><LI><a href="#[60]">&gt;&gt;</a>&nbsp;&nbsp;&nbsp;PRB480_ReadAuthenticatedPageRaw
</UL>

<P><STRONG><a name="[69]"></a>PRB480_WaitCopyResult</STRONG> (Thumb, 156 bytes, Stack size 32 bytes, prb480.o(i.PRB480_WaitCopyResult))
<BR><BR>[Stack]<UL><LI>Max Depth = 92<LI>Call Chain = PRB480_WaitCopyResult &rArr; PRB480_ReadByte &rArr; TMX_Delay_us &rArr; __aeabi_uidivmod
</UL>
<BR>[Calls]<UL><LI><a href="#[5e]">&gt;&gt;</a>&nbsp;&nbsp;&nbsp;PRB480_CheckAlternatingResponse
<LI><a href="#[2f]">&gt;&gt;</a>&nbsp;&nbsp;&nbsp;__2printf
<LI><a href="#[59]">&gt;&gt;</a>&nbsp;&nbsp;&nbsp;TMX_Delay_ms
<LI><a href="#[50]">&gt;&gt;</a>&nbsp;&nbsp;&nbsp;PRB480_ReadByte
</UL>
<BR>[Called By]<UL><LI><a href="#[4a]">&gt;&gt;</a>&nbsp;&nbsp;&nbsp;PRB480_Step5_CopyScratchpad
</UL>

<P><STRONG><a name="[6a]"></a>PRB480_WaitSlotEnd</STRONG> (Thumb, 66 bytes, Stack size 32 bytes, prb480.o(i.PRB480_WaitSlotEnd))
<BR><BR>[Stack]<UL><LI>Max Depth = 44<LI>Call Chain = PRB480_WaitSlotEnd &rArr; __aeabi_uidivmod
</UL>
<BR>[Calls]<UL><LI><a href="#[2c]">&gt;&gt;</a>&nbsp;&nbsp;&nbsp;__aeabi_uidivmod
</UL>
<BR>[Called By]<UL><LI><a href="#[4e]">&gt;&gt;</a>&nbsp;&nbsp;&nbsp;PRB480_WriteBit
</UL>

<P><STRONG><a name="[6d]"></a>_printf_core</STRONG> (Thumb, 1020 bytes, Stack size 104 bytes, printf8.o(i._printf_core), UNUSED)
<BR><BR>[Calls]<UL><LI><a href="#[6e]">&gt;&gt;</a>&nbsp;&nbsp;&nbsp;_printf_pre_padding
<LI><a href="#[6f]">&gt;&gt;</a>&nbsp;&nbsp;&nbsp;_printf_post_padding
<LI><a href="#[1c]">&gt;&gt;</a>&nbsp;&nbsp;&nbsp;__aeabi_uldivmod
</UL>
<BR>[Called By]<UL><LI><a href="#[6c]">&gt;&gt;</a>&nbsp;&nbsp;&nbsp;__0printf$8
</UL>

<P><STRONG><a name="[6f]"></a>_printf_post_padding</STRONG> (Thumb, 32 bytes, Stack size 24 bytes, printf8.o(i._printf_post_padding), UNUSED)
<BR><BR>[Called By]<UL><LI><a href="#[6d]">&gt;&gt;</a>&nbsp;&nbsp;&nbsp;_printf_core
</UL>

<P><STRONG><a name="[6e]"></a>_printf_pre_padding</STRONG> (Thumb, 44 bytes, Stack size 40 bytes, printf8.o(i._printf_pre_padding), UNUSED)
<BR><BR>[Called By]<UL><LI><a href="#[6d]">&gt;&gt;</a>&nbsp;&nbsp;&nbsp;_printf_core
</UL>
<P>
<H3>
Undefined Global Symbols
</H3><HR></body></html>
