<html>
<body>
<pre>
<h1>�Vision Build Log</h1>
<h2>Tool Versions:</h2>
IDE-Version: ��Vision V5.24.2.0
Copyright (C) 2017 ARM Ltd and ARM Germany GmbH. All rights reserved.
License Information: A Admin, A, LIC=CZLZX-H61ZS-VEVHA-10NPW-ANN02-Q3ALA
 
Tool Versions:
Toolchain:       MDK-ARM Plus  Version: 5.24.1
Toolchain Path:  C:\Keil_v5\ARM\ARMCC\Bin
C Compiler:      Armcc.exe V5.06 update 5 (build 528)
Assembler:       Armasm.exe V5.06 update 5 (build 528)
Linker/Locator:  ArmLink.exe V5.06 update 5 (build 528)
Library Manager: ArmAr.exe V5.06 update 5 (build 528)
Hex Converter:   FromElf.exe V5.06 update 5 (build 528)
CPU DLL:         SARMCM3.DLL V5.24.1
Dialog DLL:      DARMCM1.DLL V1.18.0.0
Target DLL:      CMSIS_AGDI.dll V1.28.3.0
Dialog DLL:      TARMCM1.DLL V1.13.0.0
 
<h2>Project:</h2>
C:\Users\wangy\Desktop\TXM_PRB480\TMX-PRB480-main\PRB480_PY32CA70_branch\PRB480_PY32CA70\MDK-ARM\Project.uvprojx
Project File Date:  08/07/2026

<h2>Output:</h2>
*** Using Compiler 'V5.06 update 5 (build 528)', folder: 'C:\Keil_v5\ARM\ARMCC\Bin'
Build target 'Project'
compiling PRB480.c...
..\User_Drivers\PRB480\PRB480.c(1777): warning:  #550-D: variable "slotStart"  was set but never used
      u32 slotStart;
..\User_Drivers\PRB480\PRB480.c(2309): warning:  #177-D: variable "postEs"  was declared but never referenced
      u8 postEs;                                                                         /* 保存 Load First Secret 完成后重新读到的 E/S */
..\User_Drivers\PRB480\PRB480.c(2312): warning:  #177-D: variable "readback"  was declared but never referenced
      u8 readback[PRB480_SCRATCHPAD_SIZE];                                               /* 保存 Copy 成功�? Read Memory 读回的数�? */
..\User_Drivers\PRB480\PRB480.c(3436): warning:  #111-D: statement is unreachable
      return 0;                                                                          /* Load First Secret 流程成功 */
..\User_Drivers\PRB480\PRB480.c(48): warning:  #550-D: variable "PRB480_ReadSampleDelayUs"  was set but never used
  static u8 PRB480_ReadSampleDelayUs = 4;                                              /* �? 12：进�? tREAD0 窗口后采�? */
..\User_Drivers\PRB480\PRB480.c(2651): warning:  #177-D: function "PRB480_Step5_SendCodeReset"  was declared but never referenced
  static void PRB480_Step5_SendCodeReset(u8 needDummy)
..\User_Drivers\PRB480\PRB480.c(2666): warning:  #177-D: function "PRB480_Step5_WriteScratchpad"  was declared but never referenced
  static u8 PRB480_Step5_WriteScratchpad(u8 *rom, u16 addr, u8 *dat, u16 *crc)
..\User_Drivers\PRB480\PRB480.c(1070): warning:  #177-D: function "PRB480_VerifyScratchpad"  was declared but never referenced
  static u8 PRB480_VerifyScratchpad(u8 *rom, u16 addr, u8 *expected, u8 *ta1, u8 *ta2, u8 *es) /* 验证 scratchpad */
..\User_Drivers\PRB480\PRB480.c(1052): warning:  #177-D: function "PRB480_VerifyPostCopyScratchpad"  was declared but never referenced
  static u8 PRB480_VerifyPostCopyScratchpad(u8 *rom, u16 addr, u8 *verifiedEs)
..\User_Drivers\PRB480\PRB480.c(97): warning:  #177-D: function "PRB480_DelayTlow"  was declared but never referenced
  static void PRB480_DelayTlow(void)
..\User_Drivers\PRB480\PRB480.c(1665): warning:  #177-D: function "PRB480_WaitFromStart"  was declared but never referenced
  static void PRB480_WaitFromStart(u32 startVal, u32 delayUs)
..\User_Drivers\PRB480\PRB480.c: 11 warnings, 0 errors
linking...
Program Size: Code=15468 RO-data=536 RW-data=28 ZI-data=1220  
FromELF: creating hex file...
".\Output\Debug\Project.axf" - 0 Error(s), 11 Warning(s).

<h2>Software Packages used:</h2>

Package Vendor: ARM
                http://www.keil.com/pack/ARM.CMSIS.5.6.0.pack
                ARM.CMSIS.5.6.0
                CMSIS (Cortex Microcontroller Software Interface Standard)
   * Component: CORE Version: 5.3.0

Package Vendor: Puya
                https://www.puyasemi.com/Puya.PY32CA7xx_DFP.1.0.0.pack
                Puya.PY32CA7xx_DFP.1.0.0
                Puya PY32CA7 Series Device Support

<h2>Collection of Component include folders:</h2>
  .\RTE\_Project
  C:\Keil_v5\ARM\PACK\ARM\CMSIS\5.6.0\CMSIS\Core\Include
  C:\Keil_v5\ARM\PACK\Puya\PY32CA7xx_DFP\1.0.0\Drivers\CMSIS\Device\PUYA\Include

<h2>Collection of Component Files used:</h2>

   * Component: ARM::CMSIS:CORE:5.3.0
Build Time Elapsed:  00:00:01
</pre>
</body>
</html>
